Archive member included to satisfy reference by file (symbol)

c:/program files/microchip/xc32/v2.40/bin/bin/../../lib/gcc/pic32c/6.2.1/../../../../pic32c/lib/v8-m.base\libpic32c.a(data_init.o)
                              build/Trustify/production/_ext/443878228/startup_xc32.o (__pic32c_data_initialization)
c:/program files/microchip/xc32/v2.40/bin/bin/../../lib/gcc/pic32c/6.2.1/v8-m.base\libgcc.a(_aeabi_uldivmod.o)
                              build/Trustify/production/_ext/551645671/plib_sercom0_usart.o (__aeabi_uldivmod)
c:/program files/microchip/xc32/v2.40/bin/bin/../../lib/gcc/pic32c/6.2.1/v8-m.base\libgcc.a(_muldi3.o)
                              build/Trustify/production/_ext/551645671/plib_sercom0_usart.o (__aeabi_lmul)
c:/program files/microchip/xc32/v2.40/bin/bin/../../lib/gcc/pic32c/6.2.1/v8-m.base\libgcc.a(_udivmoddi4.o)
                              c:/program files/microchip/xc32/v2.40/bin/bin/../../lib/gcc/pic32c/6.2.1/v8-m.base\libgcc.a(_aeabi_uldivmod.o) (__udivmoddi4)
c:/program files/microchip/xc32/v2.40/bin/bin/../../lib/gcc/pic32c/6.2.1/v8-m.base\libgcc.a(_dvmd_tls.o)
                              c:/program files/microchip/xc32/v2.40/bin/bin/../../lib/gcc/pic32c/6.2.1/v8-m.base\libgcc.a(_aeabi_uldivmod.o) (__aeabi_ldiv0)
c:/program files/microchip/xc32/v2.40/bin/bin/../../lib/gcc/pic32c/6.2.1/v8-m.base\libgcc.a(_clzsi2.o)
                              c:/program files/microchip/xc32/v2.40/bin/bin/../../lib/gcc/pic32c/6.2.1/v8-m.base\libgcc.a(_udivmoddi4.o) (__clzsi2)
c:/program files/microchip/xc32/v2.40/bin/bin/../../lib/gcc/pic32c/6.2.1/../../../../pic32c/lib/v8-m.base\libc_nano.a(lib_a-init.o)
                              build/Trustify/production/_ext/443878228/startup_xc32.o (__libc_init_array)
c:/program files/microchip/xc32/v2.40/bin/bin/../../lib/gcc/pic32c/6.2.1/../../../../pic32c/lib/v8-m.base\libc_nano.a(_lib_a-printf.cdnopuxX.o)
                              (_printf_cdnopuxX)
c:/program files/microchip/xc32/v2.40/bin/bin/../../lib/gcc/pic32c/6.2.1/../../../../pic32c/lib/v8-m.base\libc_nano.a(lib_a-puts.o)
                              build/Trustify/production/_ext/1691900214/main.o (puts)
c:/program files/microchip/xc32/v2.40/bin/bin/../../lib/gcc/pic32c/6.2.1/../../../../pic32c/lib/v8-m.base\libc_nano.a(lib_a-wbuf.o)
                              c:/program files/microchip/xc32/v2.40/bin/bin/../../lib/gcc/pic32c/6.2.1/../../../../pic32c/lib/v8-m.base\libc_nano.a(lib_a-puts.o) (__swbuf_r)
c:/program files/microchip/xc32/v2.40/bin/bin/../../lib/gcc/pic32c/6.2.1/../../../../pic32c/lib/v8-m.base\libc_nano.a(lib_a-wsetup.o)
                              c:/program files/microchip/xc32/v2.40/bin/bin/../../lib/gcc/pic32c/6.2.1/../../../../pic32c/lib/v8-m.base\libc_nano.a(lib_a-puts.o) (__swsetup_r)
c:/program files/microchip/xc32/v2.40/bin/bin/../../lib/gcc/pic32c/6.2.1/../../../../pic32c/lib/v8-m.base\libc_nano.a(lib_a-fflush.o)
                              c:/program files/microchip/xc32/v2.40/bin/bin/../../lib/gcc/pic32c/6.2.1/../../../../pic32c/lib/v8-m.base\libc_nano.a(lib_a-wbuf.o) (_fflush_r)
c:/program files/microchip/xc32/v2.40/bin/bin/../../lib/gcc/pic32c/6.2.1/../../../../pic32c/lib/v8-m.base\libc_nano.a(lib_a-findfp.o)
                              c:/program files/microchip/xc32/v2.40/bin/bin/../../lib/gcc/pic32c/6.2.1/../../../../pic32c/lib/v8-m.base\libc_nano.a(lib_a-puts.o) (__sinit)
c:/program files/microchip/xc32/v2.40/bin/bin/../../lib/gcc/pic32c/6.2.1/../../../../pic32c/lib/v8-m.base\libc_nano.a(lib_a-fwalk.o)
                              c:/program files/microchip/xc32/v2.40/bin/bin/../../lib/gcc/pic32c/6.2.1/../../../../pic32c/lib/v8-m.base\libc_nano.a(lib_a-fflush.o) (_fwalk_reent)
c:/program files/microchip/xc32/v2.40/bin/bin/../../lib/gcc/pic32c/6.2.1/../../../../pic32c/lib/v8-m.base\libc_nano.a(lib_a-impure.o)
                              c:/program files/microchip/xc32/v2.40/bin/bin/../../lib/gcc/pic32c/6.2.1/../../../../pic32c/lib/v8-m.base\libc_nano.a(lib_a-fflush.o) (_global_impure_ptr)
c:/program files/microchip/xc32/v2.40/bin/bin/../../lib/gcc/pic32c/6.2.1/../../../../pic32c/lib/v8-m.base\libc_nano.a(lib_a-makebuf.o)
                              c:/program files/microchip/xc32/v2.40/bin/bin/../../lib/gcc/pic32c/6.2.1/../../../../pic32c/lib/v8-m.base\libc_nano.a(lib_a-wsetup.o) (__smakebuf_r)
c:/program files/microchip/xc32/v2.40/bin/bin/../../lib/gcc/pic32c/6.2.1/../../../../pic32c/lib/v8-m.base\libc_nano.a(lib_a-memset.o)
                              c:/program files/microchip/xc32/v2.40/bin/bin/../../lib/gcc/pic32c/6.2.1/../../../../pic32c/lib/v8-m.base\libc_nano.a(lib_a-findfp.o) (memset)
c:/program files/microchip/xc32/v2.40/bin/bin/../../lib/gcc/pic32c/6.2.1/../../../../pic32c/lib/v8-m.base\libc_nano.a(lib_a-nano-freer.o)
                              c:/program files/microchip/xc32/v2.40/bin/bin/../../lib/gcc/pic32c/6.2.1/../../../../pic32c/lib/v8-m.base\libc_nano.a(lib_a-wsetup.o) (_free_r)
[...]
Memory Configuration

Name             Origin             Length             Attributes
rom              0x00008000         0x00008000         xrl
ram              0x20002000         0x00002000         xw !r
config_00804000  0x00804000         0x00000004
config_00804004  0x00804004         0x00000004
config_00804008  0x00804008         0x00000004
config_0080400C  0x0080400c         0x00000004
config_00804010  0x00804010         0x00000004
config_00804014  0x00804014         0x00000004
config_00804018  0x00804018         0x00000004
config_0080401C  0x0080401c         0x00000004
config_0080C000  0x0080c000         0x00000004
config_0080C004  0x0080c004         0x00000004
config_0080C008  0x0080c008         0x00000004
config_0080C010  0x0080c010         0x00000004
config_0080C014  0x0080c014         0x00000004
config_0080C018  0x0080c018         0x00000004
config_0080C01C  0x0080c01c         0x00000004
config_0080C020  0x0080c020         0x00000004
config_0080C024  0x0080c024         0x00000004
config_0080C028  0x0080c028         0x00000004
config_0080C02C  0x0080c02c         0x00000004
config_0080C030  0x0080c030         0x00000004
config_0080C034  0x0080c034         0x00000004
config_0080C038  0x0080c038         0x00000004
config_0080C03C  0x0080c03c         0x00000004
config_0080C040  0x0080c040         0x00000004
config_0080C044  0x0080c044         0x00000004
config_0080C048  0x0080c048         0x00000004
config_0080C04C  0x0080c04c         0x00000004
config_0080C050  0x0080c050         0x00000004
config_0080C054  0x0080c054         0x00000004
config_0080C058  0x0080c058         0x00000004
config_0080C05C  0x0080c05c         0x00000004
config_0080C060  0x0080c060         0x00000004
config_0080C064  0x0080c064         0x00000004
config_0080C068  0x0080c068         0x00000004
config_0080C06C  0x0080c06c         0x00000004
config_0080C0E0  0x0080c0e0         0x00000004
config_0080C0E4  0x0080c0e4         0x00000004
config_0080C0E8  0x0080c0e8         0x00000004
config_0080C0EC  0x0080c0ec         0x00000004
config_0080C0F0  0x0080c0f0         0x00000004
config_0080C0F4  0x0080c0f4         0x00000004
config_0080C0F8  0x0080c0f8         0x00000004
config_0080C0FC  0x0080c0fc         0x00000004
*default*        0x00000000         0xffffffff

Linker script and memory map

LOAD c:/program files/microchip/xc32/v2.40/bin/bin/../../lib/gcc/pic32c/6.2.1/v8-m.base/crti.o
LOAD c:/program files/microchip/xc32/v2.40/bin/bin/../../lib/gcc/pic32c/6.2.1/v8-m.base/crtbegin.o
LOAD build/Trustify/production/_ext/551645671/plib_sercom0_usart.o
LOAD build/Trustify/production/_ext/1691900214/main.o
LOAD build/Trustify/production/_ext/443878228/initialization.o
LOAD build/Trustify/production/_ext/443878228/interrupts.o
LOAD build/Trustify/production/_ext/443878228/exceptions.o
LOAD build/Trustify/production/_ext/1743935334/xc32_monitor.o
LOAD build/Trustify/production/_ext/918730287/plib_port.o
LOAD build/Trustify/production/_ext/587460250/plib_systick.o
LOAD build/Trustify/production/_ext/443878228/startup_xc32.o
LOAD build/Trustify/production/_ext/443878228/libc_syscalls.o
LOAD build/Trustify/production/_ext/445289233/plib_eic.o
LOAD build/Trustify/production/_ext/2004903332/bsp.o
                0x00000001                __MPLAB_BUILD = 0x1
                0x00000200                _min_heap_size = 0x200
LOAD ../../../Secure/firmware/TrustZone_Bringup_Secure.X/TrustZone_Bringup_Secure_sg_veneer.lib
START GROUP
LOAD c:/program files/microchip/xc32/v2.40/bin/bin/../../lib/gcc/pic32c/6.2.1/../../../../pic32c/lib/v8-m.base\libpic32c.a
LOAD c:/program files/microchip/xc32/v2.40/bin/bin/../../lib/gcc/pic32c/6.2.1/v8-m.base\libgcc.a
LOAD c:/program files/microchip/xc32/v2.40/bin/bin/../../lib/gcc/pic32c/6.2.1/../../../../pic32c/lib/v8-m.base\libm_nano.a
LOAD c:/program files/microchip/xc32/v2.40/bin/bin/../../lib/gcc/pic32c/6.2.1/../../../../pic32c/lib/v8-m.base\libc_nano.a
END GROUP
LOAD c:/program files/microchip/xc32/v2.40/bin/bin/../../lib/gcc/pic32c/6.2.1/v8-m.base/crtend.o
LOAD c:/program files/microchip/xc32/v2.40/bin/bin/../../lib/gcc/pic32c/6.2.1/v8-m.base/crtn.o
                0x00010000                __rom_end = (ORIGIN (rom) + LENGTH (rom))
                0x20004000                __ram_end = (ORIGIN (ram) + LENGTH (ram))

.config_00804000
 *(.config_00804000)

.config_00804004
 *(.config_00804004)

.config_00804008
 *(.config_00804008)

.config_0080400C
 *(.config_0080400C)

.config_00804010
 *(.config_00804010)

.config_00804014
 *(.config_00804014)

.config_00804018
 *(.config_00804018)

.config_0080401C
 *(.config_0080401C)

.config_0080C000
 *(.config_0080C000)

.config_0080C004
 *(.config_0080C004)

.config_0080C008
 *(.config_0080C008)

.config_0080C010
 *(.config_0080C010)

.config_0080C014
 *(.config_0080C014)

.config_0080C018
 *(.config_0080C018)

.config_0080C01C
 *(.config_0080C01C)

.config_0080C020
 *(.config_0080C020)

.config_0080C024
 *(.config_0080C024)

.config_0080C028
 *(.config_0080C028)

.config_0080C02C
 *(.config_0080C02C)

.config_0080C030
 *(.config_0080C030)

.config_0080C034
 *(.config_0080C034)

.config_0080C038
 *(.config_0080C038)

.config_0080C03C
 *(.config_0080C03C)

.config_0080C040
 *(.config_0080C040)

.config_0080C044
 *(.config_0080C044)

.config_0080C048
 *(.config_0080C048)

.config_0080C04C
 *(.config_0080C04C)

.config_0080C050
 *(.config_0080C050)

.config_0080C054
 *(.config_0080C054)

.config_0080C058
 *(.config_0080C058)

.config_0080C05C
 *(.config_0080C05C)

.config_0080C060
 *(.config_0080C060)

.config_0080C064
 *(.config_0080C064)

.config_0080C068
 *(.config_0080C068)

.config_0080C06C
 *(.config_0080C06C)

.config_0080C0E0
 *(.config_0080C0E0)

.config_0080C0E4
 *(.config_0080C0E4)

.config_0080C0E8
 *(.config_0080C0E8)

.config_0080C0EC
 *(.config_0080C0EC)

.config_0080C0F0
 *(.config_0080C0F0)

.config_0080C0F4
 *(.config_0080C0F4)

.config_0080C0F8
 *(.config_0080C0F8)

.config_0080C0FC
 *(.config_0080C0FC)

.vectors        0x00008000       0xf4
                0x00008000                . = ALIGN (0x4)
                0x00008000                _sfixed = .
 *(.vectors .vectors.* .vectors_default .vectors_default.*)
 .vectors       0x00008000       0xf4 build/Trustify/production/_ext/443878228/interrupts.o
                0x00008000                exception_table
 *(.isr_vector)
 *(.reset*)
 *(.after_vectors)

.text           0x000080f4       0x20
                0x000080f4                . = ALIGN (0x4)
 *(.glue_7t)
 .glue_7t       0x000080f4        0x0 linker stubs
 *(.glue_7)
 .glue_7        0x000080f4        0x0 linker stubs
 *(.gnu.linkonce.r.*)
 *(.ARM.extab* .gnu.linkonce.armextab.*)
                0x000080f4                . = ALIGN (0x4)
 *(.init)
 .init          0x000080f4        0x4 c:/program files/microchip/xc32/v2.40/bin/bin/../../lib/gcc/pic32c/6.2.1/v8-m.base/crti.o
                0x000080f4                _init
 .init          0x000080f8        0x8 c:/program files/microchip/xc32/v2.40/bin/bin/../../lib/gcc/pic32c/6.2.1/v8-m.base/crtn.o
                0x00008100                . = ALIGN (0x4)
                0x00008100                __preinit_array_start = .
 *(.preinit_array)
                0x00008100                __preinit_array_end = .
                0x00008100                . = ALIGN (0x4)
                0x00008100                __init_array_start = .
 *(SORT(.init_array.*))
 *(.init_array)
 .init_array    0x00008100        0x4 c:/program files/microchip/xc32/v2.40/bin/bin/../../lib/gcc/pic32c/6.2.1/v8-m.base/crtbegin.o
                0x00008104                __init_array_end = .
                0x00008104                . = ALIGN (0x4)
 *crtbegin.o(.ctors)
 *(EXCLUDE_FILE(*crtend.o) .ctors)
 *(SORT(.ctors.*))
 *crtend.o(.ctors)
                0x00008104                . = ALIGN (0x4)
 *(.fini)
 .fini          0x00008104        0x4 c:/program files/microchip/xc32/v2.40/bin/bin/../../lib/gcc/pic32c/6.2.1/v8-m.base/crti.o
                0x00008104                _fini
 .fini          0x00008108        0x8 c:/program files/microchip/xc32/v2.40/bin/bin/../../lib/gcc/pic32c/6.2.1/v8-m.base/crtn.o
                0x00008110                . = ALIGN (0x4)
                0x00008110                __fini_array_start = .
 *(.fini_array)
 .fini_array    0x00008110        0x4 c:/program files/microchip/xc32/v2.40/bin/bin/../../lib/gcc/pic32c/6.2.1/v8-m.base/crtbegin.o
 *(SORT(.fini_array.*))
                0x00008114                __fini_array_end = .
 *crtbegin.o(.dtors)
 *(EXCLUDE_FILE(*crtend.o) .dtors)
 *(SORT(.dtors.*))
 *crtend.o(.dtors)
                0x00008114                . = ALIGN (0x4)
                0x00008114                _efixed = .
                [!provide]                PROVIDE (__exidx_start, .)

.ARM.exidx
 *(.ARM.exidx* .gnu.linkonce.armexidx.*)
                [!provide]                PROVIDE (__exidx_end, .)
                0x00008114                . = ALIGN (0x4)
                0x00008114                _etext = .

.bss            0x20002000       0x70
                0x20002000                . = ALIGN (0x4)
                0x20002000                __bss_start__ = .
                0x20002000                _sbss = .
                0x20002000                _szero = .
 *(COMMON)
 COMMON         0x20002000        0xc build/Trustify/production/_ext/587460250/plib_systick.o
                0x20002000                systick
 COMMON         0x2000200c       0x60 build/Trustify/production/_ext/445289233/plib_eic.o
                0x2000200c                eicCallbackObject
 COMMON         0x2000206c        0x4 c:/program files/microchip/xc32/v2.40/bin/bin/../../lib/gcc/pic32c/6.2.1/../../../../pic32c/lib/v8-m.base\libc_nano.a(lib_a-reent.o)
                0x2000206c                errno
                0x20002070                . = ALIGN (0x4)
                0x20002070                __bss_end__ = .
                0x20002070                _ebss = .
                0x20002070                _ezero = .
                0x20002070                . = ALIGN (0x4)
                0x20002070                _end = .
                0x20003fff                _ram_end_ = ((ORIGIN (ram) + LENGTH (ram)) - 0x1)
OUTPUT(dist/Trustify/production/TrustZone_Bringup_NonSecure.X.production.elf elf32-littlearm)
LOAD stack
LOAD data_init

.ARM.attributes
                0x00000000       0x2c
 .ARM.attributes
                0x00000000       0x22 c:/program files/microchip/xc32/v2.40/bin/bin/../../lib/gcc/pic32c/6.2.1/v8-m.base/crti.o
 .ARM.attributes
                0x00000022       0x30 c:/program files/microchip/xc32/v2.40/bin/bin/../../lib/gcc/pic32c/6.2.1/v8-m.base/crtbegin.o
 .ARM.attributes
                0x00000052       0x32 build/Trustify/production/_ext/551645671/plib_sercom0_usart.o
 .ARM.attributes
                0x00000084       0x32 build/Trustify/production/_ext/1691900214/main.o
 .ARM.attributes
                0x000000b6       0x32 build/Trustify/production/_ext/443878228/initialization.o
 .ARM.attributes
                0x000000e8       0x32 build/Trustify/production/_ext/443878228/interrupts.o
 .ARM.attributes
                0x0000011a       0x32 build/Trustify/production/_ext/443878228/exceptions.o
 .ARM.attributes
                0x0000014c       0x32 build/Trustify/production/_ext/1743935334/xc32_monitor.o
 .ARM.attributes
                0x0000017e       0x32 build/Trustify/production/_ext/587460250/plib_systick.o
 .ARM.attributes
                0x000001b0       0x32 build/Trustify/production/_ext/443878228/startup_xc32.o
 .ARM.attributes
                0x000001e2       0x32 build/Trustify/production/_ext/445289233/plib_eic.o
 .ARM.attributes
                0x00000214       0x32 build/Trustify/production/_ext/2004903332/bsp.o
 .ARM.attributes
                0x00000246       0x30 c:/program files/microchip/xc32/v2.40/bin/bin/../../lib/gcc/pic32c/6.2.1/../../../../pic32c/lib/v8-m.base\libpic32c.a(data_init.o)
 .ARM.attributes
                0x00000276       0x30 c:/program files/microchip/xc32/v2.40/bin/bin/../../lib/gcc/pic32c/6.2.1/../../../../pic32c/lib/v8-m.base\libc_nano.a(lib_a-init.o)
 .ARM.attributes
                0x000002a6       0x30 c:/program files/microchip/xc32/v2.40/bin/bin/../../lib/gcc/pic32c/6.2.1/../../../../pic32c/lib/v8-m.base\libc_nano.a(_lib_a-printf.cdnopuxX.o)
 .ARM.attributes
                0x000002d6       0x30 c:/program files/microchip/xc32/v2.40/bin/bin/../../lib/gcc/pic32c/6.2.1/../../../../pic32c/lib/v8-m.base\libc_nano.a(lib_a-puts.o)
 .ARM.attributes
                0x00000306       0x30 c:/program files/microchip/xc32/v2.40/bin/bin/../../lib/gcc/pic32c/6.2.1/../../../../pic32c/lib/v8-m.base\libc_nano.a(lib_a-wbuf.o)
 .ARM.attributes
                0x00000336       0x30 c:/program files/microchip/xc32/v2.40/bin/bin/../../lib/gcc/pic32c/6.2.1/../../../../pic32c/lib/v8-m.base\libc_nano.a(lib_a-wsetup.o)
 .ARM.attributes
                0x00000366       0x30 c:/program files/microchip/xc32/v2.40/bin/bin/../../lib/gcc/pic32c/6.2.1/../../../../pic32c/lib/v8-m.base\libc_nano.a(lib_a-fflush.o)
 .ARM.attributes
                0x00000396       0x30 c:/program files/microchip/xc32/v2.40/bin/bin/../../lib/gcc/pic32c/6.2.1/../../../../pic32c/lib/v8-m.base\libc_nano.a(lib_a-findfp.o)
 .ARM.attributes
                0x000003c6       0x30 c:/program files/microchip/xc32/v2.40/bin/bin/../../lib/gcc/pic32c/6.2.1/../../../../pic32c/lib/v8-m.base\libc_nano.a(lib_a-fwalk.o)
 .ARM.attributes
                0x000003f6       0x30 c:/program files/microchip/xc32/v2.40/bin/bin/../../lib/gcc/pic32c/6.2.1/../../../../pic32c/lib/v8-m.base\libc_nano.a(lib_a-impure.o)
 .ARM.attributes
                0x00000426       0x30 c:/program files/microchip/xc32/v2.40/bin/bin/../../lib/gcc/pic32c/6.2.1/../../../../pic32c/lib/v8-m.base\libc_nano.a(lib_a-makebuf.o)
 .ARM.attributes
                0x00000456       0x30 c:/program files/microchip/xc32/v2.40/bin/bin/../../lib/gcc/pic32c/6.2.1/../../../../pic32c/lib/v8-m.base\libc_nano.a(lib_a-memset.o)
 .ARM.attributes
                0x00000486       0x30 c:/program files/microchip/xc32/v2.40/bin/bin/../../lib/gcc/pic32c/6.2.1/../../../../pic32c/lib/v8-m.base\libc_nano.a(lib_a-nano-freer.o)
 .ARM.attributes
                0x000004b6       0x30 c:/program files/microchip/xc32/v2.40/bin/bin/../../lib/gcc/pic32c/6.2.1/../../../../pic32c/lib/v8-m.base\libc_nano.a(lib_a-nano-mallocr.o)
 .ARM.attributes
                0x000004e6       0x30 c:/program files/microchip/xc32/v2.40/bin/bin/../../lib/gcc/pic32c/6.2.1/../../../../pic32c/lib/v8-m.base\libc_nano.a(_lib_a-nano-vfprintf.cdnopuxX.o)
 .ARM.attributes
                0x00000516       0x30 c:/program files/microchip/xc32/v2.40/bin/bin/../../lib/gcc/pic32c/6.2.1/../../../../pic32c/lib/v8-m.base\libc_nano.a(lib_a-nano-vfprintf_i.o)
 .ARM.attributes
                0x00000546       0x30 c:/program files/microchip/xc32/v2.40/bin/bin/../../lib/gcc/pic32c/6.2.1/../../../../pic32c/lib/v8-m.base\libc_nano.a(lib_a-sbrkr.o)
 .ARM.attributes
                0x00000576       0x30 c:/program files/microchip/xc32/v2.40/bin/bin/../../lib/gcc/pic32c/6.2.1/../../../../pic32c/lib/v8-m.base\libc_nano.a(lib_a-__ssfputs.o)
 .ARM.attributes
                0x000005a6       0x30 c:/program files/microchip/xc32/v2.40/bin/bin/../../lib/gcc/pic32c/6.2.1/../../../../pic32c/lib/v8-m.base\libc_nano.a(lib_a-stdio.o)
 .ARM.attributes
                0x000005d6       0x30 c:/program files/microchip/xc32/v2.40/bin/bin/../../lib/gcc/pic32c/6.2.1/../../../../pic32c/lib/v8-m.base\libc_nano.a(lib_a-writer.o)
 .ARM.attributes
                0x00000606       0x30 c:/program files/microchip/xc32/v2.40/bin/bin/../../lib/gcc/pic32c/6.2.1/../../../../pic32c/lib/v8-m.base\libc_nano.a(lib_a-closer.o)
 .ARM.attributes
                0x00000636       0x30 c:/program files/microchip/xc32/v2.40/bin/bin/../../lib/gcc/pic32c/6.2.1/../../../../pic32c/lib/v8-m.base\libc_nano.a(lib_a-fputwc.o)
 .ARM.attributes
                0x00000666       0x30 c:/program files/microchip/xc32/v2.40/bin/bin/../../lib/gcc/pic32c/6.2.1/../../../../pic32c/lib/v8-m.base\libc_nano.a(lib_a-fstatr.o)
 .ARM.attributes
                0x00000696       0x30 c:/program files/microchip/xc32/v2.40/bin/bin/../../lib/gcc/pic32c/6.2.1/../../../../pic32c/lib/v8-m.base\libc_nano.a(lib_a-isattyr.o)
 .ARM.attributes
                0x000006c6       0x30 c:/program files/microchip/xc32/v2.40/bin/bin/../../lib/gcc/pic32c/6.2.1/../../../../pic32c/lib/v8-m.base\libc_nano.a(lib_a-locale.o)
 .ARM.attributes
                0x000006f6       0x30 c:/program files/microchip/xc32/v2.40/bin/bin/../../lib/gcc/pic32c/6.2.1/../../../../pic32c/lib/v8-m.base\libc_nano.a(lib_a-lseekr.o)
 .ARM.attributes
                0x00000726       0x30 c:/program files/microchip/xc32/v2.40/bin/bin/../../lib/gcc/pic32c/6.2.1/../../../../pic32c/lib/v8-m.base\libc_nano.a(lib_a-mbtowc_r.o)
 .ARM.attributes
                0x00000756       0x30 c:/program files/microchip/xc32/v2.40/bin/bin/../../lib/gcc/pic32c/6.2.1/../../../../pic32c/lib/v8-m.base\libc_nano.a(lib_a-memchr-stub.o)
 .ARM.attributes
                0x00000786       0x30 c:/program files/microchip/xc32/v2.40/bin/bin/../../lib/gcc/pic32c/6.2.1/../../../../pic32c/lib/v8-m.base\libc_nano.a(lib_a-mlock.o)
 .ARM.attributes
                0x000007b6       0x30 c:/program files/microchip/xc32/v2.40/bin/bin/../../lib/gcc/pic32c/6.2.1/../../../../pic32c/lib/v8-m.base\libc_nano.a(lib_a-readr.o)
 .ARM.attributes
                0x000007e6       0x30 c:/program files/microchip/xc32/v2.40/bin/bin/../../lib/gcc/pic32c/6.2.1/../../../../pic32c/lib/v8-m.base\libc_nano.a(lib_a-reent.o)
 .ARM.attributes
                0x00000816       0x30 c:/program files/microchip/xc32/v2.40/bin/bin/../../lib/gcc/pic32c/6.2.1/../../../../pic32c/lib/v8-m.base\libc_nano.a(lib_a-wcrtomb.o)
 .ARM.attributes
                0x00000846       0x30 c:/program files/microchip/xc32/v2.40/bin/bin/../../lib/gcc/pic32c/6.2.1/../../../../pic32c/lib/v8-m.base\libc_nano.a(lib_a-wctomb_r.o)
 .ARM.attributes
                0x00000876       0x30 c:/program files/microchip/xc32/v2.40/bin/bin/../../lib/gcc/pic32c/6.2.1/../../../../pic32c/lib/v8-m.base\libc_nano.a(lib_a-ctype_.o)
 .ARM.attributes
                0x000008a6       0x30 c:/program files/microchip/xc32/v2.40/bin/bin/../../lib/gcc/pic32c/6.2.1/../../../../pic32c/lib/v8-m.base\libpic32c.a(_close.o)
 .ARM.attributes
                0x000008d6       0x30 c:/program files/microchip/xc32/v2.40/bin/bin/../../lib/gcc/pic32c/6.2.1/../../../../pic32c/lib/v8-m.base\libpic32c.a(_fstat.o)
 .ARM.attributes
                0x00000906       0x30 c:/program files/microchip/xc32/v2.40/bin/bin/../../lib/gcc/pic32c/6.2.1/../../../../pic32c/lib/v8-m.base\libpic32c.a(_isatty.o)
 .ARM.attributes
                0x00000936       0x30 c:/program files/microchip/xc32/v2.40/bin/bin/../../lib/gcc/pic32c/6.2.1/../../../../pic32c/lib/v8-m.base\libpic32c.a(_lseek.o)
 .ARM.attributes
                0x00000966       0x30 c:/program files/microchip/xc32/v2.40/bin/bin/../../lib/gcc/pic32c/6.2.1/../../../../pic32c/lib/v8-m.base\libpic32c.a(_read.o)
 .ARM.attributes
                0x00000996       0x30 c:/program files/microchip/xc32/v2.40/bin/bin/../../lib/gcc/pic32c/6.2.1/../../../../pic32c/lib/v8-m.base\libpic32c.a(sbrk.o)
 .ARM.attributes
                0x000009c6       0x30 c:/program files/microchip/xc32/v2.40/bin/bin/../../lib/gcc/pic32c/6.2.1/../../../../pic32c/lib/v8-m.base\libpic32c.a(_write.o)
 .ARM.attributes
                0x000009f6       0x30 c:/program files/microchip/xc32/v2.40/bin/bin/../../lib/gcc/pic32c/6.2.1/../../../../pic32c/lib/v8-m.base\libpic32c.a(close.o)
 .ARM.attributes
                0x00000a26       0x30 c:/program files/microchip/xc32/v2.40/bin/bin/../../lib/gcc/pic32c/6.2.1/../../../../pic32c/lib/v8-m.base\libpic32c.a(fstat.o)
 .ARM.attributes
                0x00000a56       0x30 c:/program files/microchip/xc32/v2.40/bin/bin/../../lib/gcc/pic32c/6.2.1/../../../../pic32c/lib/v8-m.base\libpic32c.a(isatty.o)
 .ARM.attributes
                0x00000a86       0x30 c:/program files/microchip/xc32/v2.40/bin/bin/../../lib/gcc/pic32c/6.2.1/../../../../pic32c/lib/v8-m.base\libpic32c.a(lseek.o)
 .ARM.attributes
                0x00000ab6       0x30 c:/program files/microchip/xc32/v2.40/bin/bin/../../lib/gcc/pic32c/6.2.1/../../../../pic32c/lib/v8-m.base\libpic32c.a(read.o)
 .ARM.attributes
                0x00000ae6       0x30 c:/program files/microchip/xc32/v2.40/bin/bin/../../lib/gcc/pic32c/6.2.1/../../../../pic32c/lib/v8-m.base\libpic32c.a(write.o)
 .ARM.attributes
                0x00000b16       0x22 c:/program files/microchip/xc32/v2.40/bin/bin/../../lib/gcc/pic32c/6.2.1/v8-m.base/crtn.o

.comment        0x00000000       0x3c
 .comment       0x00000000       0x3c c:/program files/microchip/xc32/v2.40/bin/bin/../../lib/gcc/pic32c/6.2.1/v8-m.base/crtbegin.o
                                 0x3d (size before relaxing)
 .comment       0x0000003c       0x3d build/Trustify/production/_ext/551645671/plib_sercom0_usart.o
 .comment       0x0000003c       0x3d build/Trustify/production/_ext/1691900214/main.o
 .comment       0x0000003c       0x3d build/Trustify/production/_ext/443878228/initialization.o
 .comment       0x0000003c       0x3d build/Trustify/production/_ext/443878228/interrupts.o
 .comment       0x0000003c       0x3d build/Trustify/production/_ext/443878228/exceptions.o
 .comment       0x0000003c       0x3d build/Trustify/production/_ext/1743935334/xc32_monitor.o
 .comment       0x0000003c       0x3d build/Trustify/production/_ext/587460250/plib_systick.o
 .comment       0x0000003c       0x3d build/Trustify/production/_ext/443878228/startup_xc32.o
 .comment       0x0000003c       0x3d build/Trustify/production/_ext/445289233/plib_eic.o
 .comment       0x0000003c       0x3d build/Trustify/production/_ext/2004903332/bsp.o
 .comment       0x0000003c       0x3d c:/program files/microchip/xc32/v2.40/bin/bin/../../lib/gcc/pic32c/6.2.1/../../../../pic32c/lib/v8-m.base\libpic32c.a(data_init.o)
 .comment       0x0000003c       0x3d c:/program files/microchip/xc32/v2.40/bin/bin/../../lib/gcc/pic32c/6.2.1/../../../../pic32c/lib/v8-m.base\libc_nano.a(lib_a-init.o)
 .comment       0x0000003c       0x3d c:/program files/microchip/xc32/v2.40/bin/bin/../../lib/gcc/pic32c/6.2.1/../../../../pic32c/lib/v8-m.base\libc_nano.a(_lib_a-printf.cdnopuxX.o)
 .comment       0x0000003c       0x3d c:/program files/microchip/xc32/v2.40/bin/bin/../../lib/gcc/pic32c/6.2.1/../../../../pic32c/lib/v8-m.base\libc_nano.a(lib_a-puts.o)
 .comment       0x0000003c       0x3d c:/program files/microchip/xc32/v2.40/bin/bin/../../lib/gcc/pic32c/6.2.1/../../../../pic32c/lib/v8-m.base\libc_nano.a(lib_a-wbuf.o)
 .comment       0x0000003c       0x3d c:/program files/microchip/xc32/v2.40/bin/bin/../../lib/gcc/pic32c/6.2.1/../../../../pic32c/lib/v8-m.base\libc_nano.a(lib_a-wsetup.o)
 .comment       0x0000003c       0x3d c:/program files/microchip/xc32/v2.40/bin/bin/../../lib/gcc/pic32c/6.2.1/../../../../pic32c/lib/v8-m.base\libc_nano.a(lib_a-fflush.o)
 .comment       0x0000003c       0x3d c:/program files/microchip/xc32/v2.40/bin/bin/../../lib/gcc/pic32c/6.2.1/../../../../pic32c/lib/v8-m.base\libc_nano.a(lib_a-findfp.o)
 .comment       0x0000003c       0x3d c:/program files/microchip/xc32/v2.40/bin/bin/../../lib/gcc/pic32c/6.2.1/../../../../pic32c/lib/v8-m.base\libc_nano.a(lib_a-fwalk.o)
 .comment       0x0000003c       0x3d c:/program files/microchip/xc32/v2.40/bin/bin/../../lib/gcc/pic32c/6.2.1/../../../../pic32c/lib/v8-m.base\libc_nano.a(lib_a-impure.o)
 .comment       0x0000003c       0x3d c:/program files/microchip/xc32/v2.40/bin/bin/../../lib/gcc/pic32c/6.2.1/../../../../pic32c/lib/v8-m.base\libc_nano.a(lib_a-makebuf.o)
 .comment       0x0000003c       0x3d c:/program files/microchip/xc32/v2.40/bin/bin/../../lib/gcc/pic32c/6.2.1/../../../../pic32c/lib/v8-m.base\libc_nano.a(lib_a-memset.o)
 .comment       0x0000003c       0x3d c:/program files/microchip/xc32/v2.40/bin/bin/../../lib/gcc/pic32c/6.2.1/../../../../pic32c/lib/v8-m.base\libc_nano.a(lib_a-nano-freer.o)
 .comment       0x0000003c       0x3d c:/program files/microchip/xc32/v2.40/bin/bin/../../lib/gcc/pic32c/6.2.1/../../../../pic32c/lib/v8-m.base\libc_nano.a(lib_a-nano-mallocr.o)
 .comment       0x0000003c       0x3d c:/program files/microchip/xc32/v2.40/bin/bin/../../lib/gcc/pic32c/6.2.1/../../../../pic32c/lib/v8-m.base\libc_nano.a(_lib_a-nano-vfprintf.cdnopuxX.o)
 .comment       0x0000003c       0x3d c:/program files/microchip/xc32/v2.40/bin/bin/../../lib/gcc/pic32c/6.2.1/../../../../pic32c/lib/v8-m.base\libc_nano.a(lib_a-nano-vfprintf_i.o)
 .comment       0x0000003c       0x3d c:/program files/microchip/xc32/v2.40/bin/bin/../../lib/gcc/pic32c/6.2.1/../../../../pic32c/lib/v8-m.base\libc_nano.a(lib_a-sbrkr.o)
 .comment       0x0000003c       0x3d c:/program files/microchip/xc32/v2.40/bin/bin/../../lib/gcc/pic32c/6.2.1/../../../../pic32c/lib/v8-m.base\libc_nano.a(lib_a-__ssfputs.o)
 .comment       0x0000003c       0x3d c:/program files/microchip/xc32/v2.40/bin/bin/../../lib/gcc/pic32c/6.2.1/../../../../pic32c/lib/v8-m.base\libc_nano.a(lib_a-stdio.o)
 .comment       0x0000003c       0x3d c:/program files/microchip/xc32/v2.40/bin/bin/../../lib/gcc/pic32c/6.2.1/../../../../pic32c/lib/v8-m.base\libc_nano.a(lib_a-writer.o)
 .comment       0x0000003c       0x3d c:/program files/microchip/xc32/v2.40/bin/bin/../../lib/gcc/pic32c/6.2.1/../../../../pic32c/lib/v8-m.base\libc_nano.a(lib_a-closer.o)
 .comment       0x0000003c       0x3d c:/program files/microchip/xc32/v2.40/bin/bin/../../lib/gcc/pic32c/6.2.1/../../../../pic32c/lib/v8-m.base\libc_nano.a(lib_a-fputwc.o)
 .comment       0x0000003c       0x3d c:/program files/microchip/xc32/v2.40/bin/bin/../../lib/gcc/pic32c/6.2.1/../../../../pic32c/lib/v8-m.base\libc_nano.a(lib_a-fstatr.o)
 .comment       0x0000003c       0x3d c:/program files/microchip/xc32/v2.40/bin/bin/../../lib/gcc/pic32c/6.2.1/../../../../pic32c/lib/v8-m.base\libc_nano.a(lib_a-isattyr.o)
 .comment       0x0000003c       0x3d c:/program files/microchip/xc32/v2.40/bin/bin/../../lib/gcc/pic32c/6.2.1/../../../../pic32c/lib/v8-m.base\libc_nano.a(lib_a-locale.o)
 .comment       0x0000003c       0x3d c:/program files/microchip/xc32/v2.40/bin/bin/../../lib/gcc/pic32c/6.2.1/../../../../pic32c/lib/v8-m.base\libc_nano.a(lib_a-lseekr.o)
 .comment       0x0000003c       0x3d c:/program files/microchip/xc32/v2.40/bin/bin/../../lib/gcc/pic32c/6.2.1/../../../../pic32c/lib/v8-m.base\libc_nano.a(lib_a-mbtowc_r.o)
 .comment       0x0000003c       0x3d c:/program files/microchip/xc32/v2.40/bin/bin/../../lib/gcc/pic32c/6.2.1/../../../../pic32c/lib/v8-m.base\libc_nano.a(lib_a-memchr-stub.o)
 .comment       0x0000003c       0x3d c:/program files/microchip/xc32/v2.40/bin/bin/../../lib/gcc/pic32c/6.2.1/../../../../pic32c/lib/v8-m.base\libc_nano.a(lib_a-mlock.o)
 .comment       0x0000003c       0x3d c:/program files/microchip/xc32/v2.40/bin/bin/../../lib/gcc/pic32c/6.2.1/../../../../pic32c/lib/v8-m.base\libc_nano.a(lib_a-readr.o)
 .comment       0x0000003c       0x3d c:/program files/microchip/xc32/v2.40/bin/bin/../../lib/gcc/pic32c/6.2.1/../../../../pic32c/lib/v8-m.base\libc_nano.a(lib_a-reent.o)
 .comment       0x0000003c       0x3d c:/program files/microchip/xc32/v2.40/bin/bin/../../lib/gcc/pic32c/6.2.1/../../../../pic32c/lib/v8-m.base\libc_nano.a(lib_a-wcrtomb.o)
 .comment       0x0000003c       0x3d c:/program files/microchip/xc32/v2.40/bin/bin/../../lib/gcc/pic32c/6.2.1/../../../../pic32c/lib/v8-m.base\libc_nano.a(lib_a-wctomb_r.o)
 .comment       0x0000003c       0x3d c:/program files/microchip/xc32/v2.40/bin/bin/../../lib/gcc/pic32c/6.2.1/../../../../pic32c/lib/v8-m.base\libc_nano.a(lib_a-ctype_.o)
 .comment       0x0000003c       0x3d c:/program files/microchip/xc32/v2.40/bin/bin/../../lib/gcc/pic32c/6.2.1/../../../../pic32c/lib/v8-m.base\libpic32c.a(_close.o)
 .comment       0x0000003c       0x3d c:/program files/microchip/xc32/v2.40/bin/bin/../../lib/gcc/pic32c/6.2.1/../../../../pic32c/lib/v8-m.base\libpic32c.a(_fstat.o)
 .comment       0x0000003c       0x3d c:/program files/microchip/xc32/v2.40/bin/bin/../../lib/gcc/pic32c/6.2.1/../../../../pic32c/lib/v8-m.base\libpic32c.a(_isatty.o)
 .comment       0x0000003c       0x3d c:/program files/microchip/xc32/v2.40/bin/bin/../../lib/gcc/pic32c/6.2.1/../../../../pic32c/lib/v8-m.base\libpic32c.a(_lseek.o)
 .comment       0x0000003c       0x3d c:/program files/microchip/xc32/v2.40/bin/bin/../../lib/gcc/pic32c/6.2.1/../../../../pic32c/lib/v8-m.base\libpic32c.a(_read.o)
 .comment       0x0000003c       0x3d c:/program files/microchip/xc32/v2.40/bin/bin/../../lib/gcc/pic32c/6.2.1/../../../../pic32c/lib/v8-m.base\libpic32c.a(sbrk.o)
 .comment       0x0000003c       0x3d c:/program files/microchip/xc32/v2.40/bin/bin/../../lib/gcc/pic32c/6.2.1/../../../../pic32c/lib/v8-m.base\libpic32c.a(_write.o)
 .comment       0x0000003c       0x3d c:/program files/microchip/xc32/v2.40/bin/bin/../../lib/gcc/pic32c/6.2.1/../../../../pic32c/lib/v8-m.base\libpic32c.a(close.o)
 .comment       0x0000003c       0x3d c:/program files/microchip/xc32/v2.40/bin/bin/../../lib/gcc/pic32c/6.2.1/../../../../pic32c/lib/v8-m.base\libpic32c.a(fstat.o)
 .comment       0x0000003c       0x3d c:/program files/microchip/xc32/v2.40/bin/bin/../../lib/gcc/pic32c/6.2.1/../../../../pic32c/lib/v8-m.base\libpic32c.a(isatty.o)
 .comment       0x0000003c       0x3d c:/program files/microchip/xc32/v2.40/bin/bin/../../lib/gcc/pic32c/6.2.1/../../../../pic32c/lib/v8-m.base\libpic32c.a(lseek.o)
 .comment       0x0000003c       0x3d c:/program files/microchip/xc32/v2.40/bin/bin/../../lib/gcc/pic32c/6.2.1/../../../../pic32c/lib/v8-m.base\libpic32c.a(read.o)
 .comment       0x0000003c       0x3d c:/program files/microchip/xc32/v2.40/bin/bin/../../lib/gcc/pic32c/6.2.1/../../../../pic32c/lib/v8-m.base\libpic32c.a(write.o)

.debug_info     0x00000000    0x31167
 .debug_info    0x00000000     0x13b6 build/Trustify/production/_ext/551645671/plib_sercom0_usart.o
 .debug_info    0x000013b6     0x1130 build/Trustify/production/_ext/1691900214/main.o
 .debug_info    0x000024e6      0xef8 build/Trustify/production/_ext/443878228/initialization.o
 .debug_info    0x000033de     0x15f2 build/Trustify/production/_ext/443878228/interrupts.o
 .debug_info    0x000049d0      0xf47 build/Trustify/production/_ext/443878228/exceptions.o
 .debug_info    0x00005917      0xf5a build/Trustify/production/_ext/1743935334/xc32_monitor.o
 .debug_info    0x00006871      0x6b2 build/Trustify/production/_ext/587460250/plib_systick.o
 .debug_info    0x00006f23     0x1041 build/Trustify/production/_ext/443878228/startup_xc32.o
 .debug_info    0x00007f64      0x7f5 build/Trustify/production/_ext/445289233/plib_eic.o
 .debug_info    0x00008759      0xe7a build/Trustify/production/_ext/2004903332/bsp.o
 .debug_info    0x000095d3      0x238 c:/program files/microchip/xc32/v2.40/bin/bin/../../lib/gcc/pic32c/6.2.1/../../../../pic32c/lib/v8-m.base\libpic32c.a(data_init.o)
 .debug_info    0x0000980b      0x3ab c:/program files/microchip/xc32/v2.40/bin/bin/../../lib/gcc/pic32c/6.2.1/../../../../pic32c/lib/v8-m.base\libc_nano.a(lib_a-init.o)
 .debug_info    0x00009bb6      0xe5d c:/program files/microchip/xc32/v2.40/bin/bin/../../lib/gcc/pic32c/6.2.1/../../../../pic32c/lib/v8-m.base\libc_nano.a(_lib_a-printf.cdnopuxX.o)
 .debug_info    0x0000aa13     0x1275 c:/program files/microchip/xc32/v2.40/bin/bin/../../lib/gcc/pic32c/6.2.1/../../../../pic32c/lib/v8-m.base\libc_nano.a(lib_a-puts.o)
 .debug_info    0x0000bc88     0x1205 c:/program files/microchip/xc32/v2.40/bin/bin/../../lib/gcc/pic32c/6.2.1/../../../../pic32c/lib/v8-m.base\libc_nano.a(lib_a-wbuf.o)
 .debug_info    0x0000ce8d     0x1180 c:/program files/microchip/xc32/v2.40/bin/bin/../../lib/gcc/pic32c/6.2.1/../../../../pic32c/lib/v8-m.base\libc_nano.a(lib_a-wsetup.o)
 .debug_info    0x0000e00d     0x12ea c:/program files/microchip/xc32/v2.40/bin/bin/../../lib/gcc/pic32c/6.2.1/../../../../pic32c/lib/v8-m.base\libc_nano.a(lib_a-fflush.o)
 .debug_info    0x0000f2f7     0x14c2 c:/program files/microchip/xc32/v2.40/bin/bin/../../lib/gcc/pic32c/6.2.1/../../../../pic32c/lib/v8-m.base\libc_nano.a(lib_a-findfp.o)
 .debug_info    0x000107b9     0x11fb c:/program files/microchip/xc32/v2.40/bin/bin/../../lib/gcc/pic32c/6.2.1/../../../../pic32c/lib/v8-m.base\libc_nano.a(lib_a-fwalk.o)
 .debug_info    0x000119b4      0xd84 c:/program files/microchip/xc32/v2.40/bin/bin/../../lib/gcc/pic32c/6.2.1/../../../../pic32c/lib/v8-m.base\libc_nano.a(lib_a-impure.o)
 .debug_info    0x00012738     0x1537 c:/program files/microchip/xc32/v2.40/bin/bin/../../lib/gcc/pic32c/6.2.1/../../../../pic32c/lib/v8-m.base\libc_nano.a(lib_a-makebuf.o)
 .debug_info    0x00013c6f     0x153a c:/program files/microchip/xc32/v2.40/bin/bin/../../lib/gcc/pic32c/6.2.1/../../../../pic32c/lib/v8-m.base\libc_nano.a(lib_a-memset.o)
 .debug_info    0x000151a9     0x113f c:/program files/microchip/xc32/v2.40/bin/bin/../../lib/gcc/pic32c/6.2.1/../../../../pic32c/lib/v8-m.base\libc_nano.a(lib_a-nano-freer.o)
 .debug_info    0x000162e8     0x11ec c:/program files/microchip/xc32/v2.40/bin/bin/../../lib/gcc/pic32c/6.2.1/../../../../pic32c/lib/v8-m.base\libc_nano.a(lib_a-nano-mallocr.o)
 .debug_info    0x000174d4     0x1f00 c:/program files/microchip/xc32/v2.40/bin/bin/../../lib/gcc/pic32c/6.2.1/../../../../pic32c/lib/v8-m.base\libc_nano.a(_lib_a-nano-vfprintf.cdnopuxX.o)
 .debug_info    0x000193d4     0x1d61 c:/program files/microchip/xc32/v2.40/bin/bin/../../lib/gcc/pic32c/6.2.1/../../../../pic32c/lib/v8-m.base\libc_nano.a(lib_a-nano-vfprintf_i.o)
 .debug_info    0x0001b135      0xe74 c:/program files/microchip/xc32/v2.40/bin/bin/../../lib/gcc/pic32c/6.2.1/../../../../pic32c/lib/v8-m.base\libc_nano.a(lib_a-sbrkr.o)
 .debug_info    0x0001bfa9     0x18df c:/program files/microchip/xc32/v2.40/bin/bin/../../lib/gcc/pic32c/6.2.1/../../../../pic32c/lib/v8-m.base\libc_nano.a(lib_a-__ssfputs.o)
 .debug_info    0x0001d888     0x13ac c:/program files/microchip/xc32/v2.40/bin/bin/../../lib/gcc/pic32c/6.2.1/../../../../pic32c/lib/v8-m.base\libc_nano.a(lib_a-stdio.o)
 .debug_info    0x0001ec34      0xe93 c:/program files/microchip/xc32/v2.40/bin/bin/../../lib/gcc/pic32c/6.2.1/../../../../pic32c/lib/v8-m.base\libc_nano.a(lib_a-writer.o)
 .debug_info    0x0001fac7      0xe42 c:/program files/microchip/xc32/v2.40/bin/bin/../../lib/gcc/pic32c/6.2.1/../../../../pic32c/lib/v8-m.base\libc_nano.a(lib_a-closer.o)
 .debug_info    0x00020909     0x133c c:/program files/microchip/xc32/v2.40/bin/bin/../../lib/gcc/pic32c/6.2.1/../../../../pic32c/lib/v8-m.base\libc_nano.a(lib_a-fputwc.o)
 .debug_info    0x00021c45     0x113d c:/program files/microchip/xc32/v2.40/bin/bin/../../lib/gcc/pic32c/6.2.1/../../../../pic32c/lib/v8-m.base\libc_nano.a(lib_a-fstatr.o)
 .debug_info    0x00022d82      0xe4f c:/program files/microchip/xc32/v2.40/bin/bin/../../lib/gcc/pic32c/6.2.1/../../../../pic32c/lib/v8-m.base\libc_nano.a(lib_a-isattyr.o)
 .debug_info    0x00023bd1     0x1821 c:/program files/microchip/xc32/v2.40/bin/bin/../../lib/gcc/pic32c/6.2.1/../../../../pic32c/lib/v8-m.base\libc_nano.a(lib_a-locale.o)
 .debug_info    0x000253f2      0xe7a c:/program files/microchip/xc32/v2.40/bin/bin/../../lib/gcc/pic32c/6.2.1/../../../../pic32c/lib/v8-m.base\libc_nano.a(lib_a-lseekr.o)
 .debug_info    0x0002626c     0x16fa c:/program files/microchip/xc32/v2.40/bin/bin/../../lib/gcc/pic32c/6.2.1/../../../../pic32c/lib/v8-m.base\libc_nano.a(lib_a-mbtowc_r.o)
 .debug_info    0x00027966      0xdfa c:/program files/microchip/xc32/v2.40/bin/bin/../../lib/gcc/pic32c/6.2.1/../../../../pic32c/lib/v8-m.base\libc_nano.a(lib_a-memchr-stub.o)
 .debug_info    0x00028760      0xdc1 c:/program files/microchip/xc32/v2.40/bin/bin/../../lib/gcc/pic32c/6.2.1/../../../../pic32c/lib/v8-m.base\libc_nano.a(lib_a-mlock.o)
 .debug_info    0x00029521      0xe91 c:/program files/microchip/xc32/v2.40/bin/bin/../../lib/gcc/pic32c/6.2.1/../../../../pic32c/lib/v8-m.base\libc_nano.a(lib_a-readr.o)
 .debug_info    0x0002a3b2      0xf77 c:/program files/microchip/xc32/v2.40/bin/bin/../../lib/gcc/pic32c/6.2.1/../../../../pic32c/lib/v8-m.base\libc_nano.a(lib_a-reent.o)
 .debug_info    0x0002b329     0x16f6 c:/program files/microchip/xc32/v2.40/bin/bin/../../lib/gcc/pic32c/6.2.1/../../../../pic32c/lib/v8-m.base\libc_nano.a(lib_a-wcrtomb.o)
 .debug_info    0x0002ca1f     0x16be c:/program files/microchip/xc32/v2.40/bin/bin/../../lib/gcc/pic32c/6.2.1/../../../../pic32c/lib/v8-m.base\libc_nano.a(lib_a-wctomb_r.o)
 .debug_info    0x0002e0dd     0x150b c:/program files/microchip/xc32/v2.40/bin/bin/../../lib/gcc/pic32c/6.2.1/../../../../pic32c/lib/v8-m.base\libc_nano.a(lib_a-ctype_.o)
 .debug_info    0x0002f5e8      0x21f c:/program files/microchip/xc32/v2.40/bin/bin/../../lib/gcc/pic32c/6.2.1/../../../../pic32c/lib/v8-m.base\libpic32c.a(_close.o)
 .debug_info    0x0002f807      0x21f c:/program files/microchip/xc32/v2.40/bin/bin/../../lib/gcc/pic32c/6.2.1/../../../../pic32c/lib/v8-m.base\libpic32c.a(_fstat.o)
 .debug_info    0x0002fa26      0x221 c:/program files/microchip/xc32/v2.40/bin/bin/../../lib/gcc/pic32c/6.2.1/../../../../pic32c/lib/v8-m.base\libpic32c.a(_isatty.o)
 .debug_info    0x0002fc47      0x21f c:/program files/microchip/xc32/v2.40/bin/bin/../../lib/gcc/pic32c/6.2.1/../../../../pic32c/lib/v8-m.base\libpic32c.a(_lseek.o)
 .debug_info    0x0002fe66      0x21d c:/program files/microchip/xc32/v2.40/bin/bin/../../lib/gcc/pic32c/6.2.1/../../../../pic32c/lib/v8-m.base\libpic32c.a(_read.o)
 .debug_info    0x00030083      0x21b c:/program files/microchip/xc32/v2.40/bin/bin/../../lib/gcc/pic32c/6.2.1/../../../../pic32c/lib/v8-m.base\libpic32c.a(sbrk.o)
 .debug_info    0x0003029e      0x21f c:/program files/microchip/xc32/v2.40/bin/bin/../../lib/gcc/pic32c/6.2.1/../../../../pic32c/lib/v8-m.base\libpic32c.a(_write.o)
 .debug_info    0x000304bd      0x21c c:/program files/microchip/xc32/v2.40/bin/bin/../../lib/gcc/pic32c/6.2.1/../../../../pic32c/lib/v8-m.base\libpic32c.a(close.o)
 .debug_info    0x000306d9      0x21c c:/program files/microchip/xc32/v2.40/bin/bin/../../lib/gcc/pic32c/6.2.1/../../../../pic32c/lib/v8-m.base\libpic32c.a(fstat.o)
 .debug_info    0x000308f5      0x21e c:/program files/microchip/xc32/v2.40/bin/bin/../../lib/gcc/pic32c/6.2.1/../../../../pic32c/lib/v8-m.base\libpic32c.a(isatty.o)
 .debug_info    0x00030b13      0x21c c:/program files/microchip/xc32/v2.40/bin/bin/../../lib/gcc/pic32c/6.2.1/../../../../pic32c/lib/v8-m.base\libpic32c.a(lseek.o)
 .debug_info    0x00030d2f      0x21b c:/program files/microchip/xc32/v2.40/bin/bin/../../lib/gcc/pic32c/6.2.1/../../../../pic32c/lib/v8-m.base\libpic32c.a(read.o)
 .debug_info    0x00030f4a      0x21d c:/program files/microchip/xc32/v2.40/bin/bin/../../lib/gcc/pic32c/6.2.1/../../../../pic32c/lib/v8-m.base\libpic32c.a(write.o)

.debug_abbrev   0x00000000     0x51c7
 .debug_abbrev  0x00000000      0x286 build/Trustify/production/_ext/551645671/plib_sercom0_usart.o
 .debug_abbrev  0x00000286      0x247 build/Trustify/production/_ext/1691900214/main.o
 .debug_abbrev  0x000004cd      0x1bd build/Trustify/production/_ext/443878228/initialization.o
 .debug_abbrev  0x0000068a      0x1a0 build/Trustify/production/_ext/443878228/interrupts.o
 .debug_abbrev  0x0000082a      0x18f build/Trustify/production/_ext/443878228/exceptions.o
 .debug_abbrev  0x000009b9      0x20a build/Trustify/production/_ext/1743935334/xc32_monitor.o
 .debug_abbrev  0x00000bc3      0x15a build/Trustify/production/_ext/587460250/plib_systick.o
 .debug_abbrev  0x00000d1d      0x1d4 build/Trustify/production/_ext/443878228/startup_xc32.o
 .debug_abbrev  0x00000ef1      0x19e build/Trustify/production/_ext/445289233/plib_eic.o
 .debug_abbrev  0x0000108f      0x18f build/Trustify/production/_ext/2004903332/bsp.o
 .debug_abbrev  0x0000121e       0x2a c:/program files/microchip/xc32/v2.40/bin/bin/../../lib/gcc/pic32c/6.2.1/../../../../pic32c/lib/v8-m.base\libpic32c.a(data_init.o)
 .debug_abbrev  0x00001248       0xa3 c:/program files/microchip/xc32/v2.40/bin/bin/../../lib/gcc/pic32c/6.2.1/../../../../pic32c/lib/v8-m.base\libc_nano.a(lib_a-init.o)
 .debug_abbrev  0x000012eb      0x196 c:/program files/microchip/xc32/v2.40/bin/bin/../../lib/gcc/pic32c/6.2.1/../../../../pic32c/lib/v8-m.base\libc_nano.a(_lib_a-printf.cdnopuxX.o)
 .debug_abbrev  0x00001481      0x24a c:/program files/microchip/xc32/v2.40/bin/bin/../../lib/gcc/pic32c/6.2.1/../../../../pic32c/lib/v8-m.base\libc_nano.a(lib_a-puts.o)
 .debug_abbrev  0x000016cb      0x208 c:/program files/microchip/xc32/v2.40/bin/bin/../../lib/gcc/pic32c/6.2.1/../../../../pic32c/lib/v8-m.base\libc_nano.a(lib_a-wbuf.o)
 .debug_abbrev  0x000018d3      0x1ec c:/program files/microchip/xc32/v2.40/bin/bin/../../lib/gcc/pic32c/6.2.1/../../../../pic32c/lib/v8-m.base\libc_nano.a(lib_a-wsetup.o)
 .debug_abbrev  0x00001abf      0x263 c:/program files/microchip/xc32/v2.40/bin/bin/../../lib/gcc/pic32c/6.2.1/../../../../pic32c/lib/v8-m.base\libc_nano.a(lib_a-fflush.o)
 .debug_abbrev  0x00001d22      0x295 c:/program files/microchip/xc32/v2.40/bin/bin/../../lib/gcc/pic32c/6.2.1/../../../../pic32c/lib/v8-m.base\libc_nano.a(lib_a-findfp.o)
 .debug_abbrev  0x00001fb7      0x1b0 c:/program files/microchip/xc32/v2.40/bin/bin/../../lib/gcc/pic32c/6.2.1/../../../../pic32c/lib/v8-m.base\libc_nano.a(lib_a-fwalk.o)
 .debug_abbrev  0x00002167      0x131 c:/program files/microchip/xc32/v2.40/bin/bin/../../lib/gcc/pic32c/6.2.1/../../../../pic32c/lib/v8-m.base\libc_nano.a(lib_a-impure.o)
 .debug_abbrev  0x00002298      0x268 c:/program files/microchip/xc32/v2.40/bin/bin/../../lib/gcc/pic32c/6.2.1/../../../../pic32c/lib/v8-m.base\libc_nano.a(lib_a-makebuf.o)
 .debug_abbrev  0x00002500      0x170 c:/program files/microchip/xc32/v2.40/bin/bin/../../lib/gcc/pic32c/6.2.1/../../../../pic32c/lib/v8-m.base\libc_nano.a(lib_a-memset.o)
 .debug_abbrev  0x00002670      0x24f c:/program files/microchip/xc32/v2.40/bin/bin/../../lib/gcc/pic32c/6.2.1/../../../../pic32c/lib/v8-m.base\libc_nano.a(lib_a-nano-freer.o)
 .debug_abbrev  0x000028bf      0x286 c:/program files/microchip/xc32/v2.40/bin/bin/../../lib/gcc/pic32c/6.2.1/../../../../pic32c/lib/v8-m.base\libc_nano.a(lib_a-nano-mallocr.o)
 .debug_abbrev  0x00002b45      0x2f0 c:/program files/microchip/xc32/v2.40/bin/bin/../../lib/gcc/pic32c/6.2.1/../../../../pic32c/lib/v8-m.base\libc_nano.a(_lib_a-nano-vfprintf.cdnopuxX.o)
 .debug_abbrev  0x00002e35      0x243 c:/program files/microchip/xc32/v2.40/bin/bin/../../lib/gcc/pic32c/6.2.1/../../../../pic32c/lib/v8-m.base\libc_nano.a(lib_a-nano-vfprintf_i.o)
 .debug_abbrev  0x00003078      0x1a8 c:/program files/microchip/xc32/v2.40/bin/bin/../../lib/gcc/pic32c/6.2.1/../../../../pic32c/lib/v8-m.base\libc_nano.a(lib_a-sbrkr.o)
 .debug_abbrev  0x00003220      0x1f6 c:/program files/microchip/xc32/v2.40/bin/bin/../../lib/gcc/pic32c/6.2.1/../../../../pic32c/lib/v8-m.base\libc_nano.a(lib_a-__ssfputs.o)
 .debug_abbrev  0x00003416      0x224 c:/program files/microchip/xc32/v2.40/bin/bin/../../lib/gcc/pic32c/6.2.1/../../../../pic32c/lib/v8-m.base\libc_nano.a(lib_a-stdio.o)
 .debug_abbrev  0x0000363a      0x198 c:/program files/microchip/xc32/v2.40/bin/bin/../../lib/gcc/pic32c/6.2.1/../../../../pic32c/lib/v8-m.base\libc_nano.a(lib_a-writer.o)
 .debug_abbrev  0x000037d2      0x193 c:/program files/microchip/xc32/v2.40/bin/bin/../../lib/gcc/pic32c/6.2.1/../../../../pic32c/lib/v8-m.base\libc_nano.a(lib_a-closer.o)
 .debug_abbrev  0x00003965      0x233 c:/program files/microchip/xc32/v2.40/bin/bin/../../lib/gcc/pic32c/6.2.1/../../../../pic32c/lib/v8-m.base\libc_nano.a(lib_a-fputwc.o)
 .debug_abbrev  0x00003b98      0x193 c:/program files/microchip/xc32/v2.40/bin/bin/../../lib/gcc/pic32c/6.2.1/../../../../pic32c/lib/v8-m.base\libc_nano.a(lib_a-fstatr.o)
 .debug_abbrev  0x00003d2b      0x193 c:/program files/microchip/xc32/v2.40/bin/bin/../../lib/gcc/pic32c/6.2.1/../../../../pic32c/lib/v8-m.base\libc_nano.a(lib_a-isattyr.o)
 .debug_abbrev  0x00003ebe      0x264 c:/program files/microchip/xc32/v2.40/bin/bin/../../lib/gcc/pic32c/6.2.1/../../../../pic32c/lib/v8-m.base\libc_nano.a(lib_a-locale.o)
 .debug_abbrev  0x00004122      0x193 c:/program files/microchip/xc32/v2.40/bin/bin/../../lib/gcc/pic32c/6.2.1/../../../../pic32c/lib/v8-m.base\libc_nano.a(lib_a-lseekr.o)
 .debug_abbrev  0x000042b5      0x1cd c:/program files/microchip/xc32/v2.40/bin/bin/../../lib/gcc/pic32c/6.2.1/../../../../pic32c/lib/v8-m.base\libc_nano.a(lib_a-mbtowc_r.o)
 .debug_abbrev  0x00004482      0x16d c:/program files/microchip/xc32/v2.40/bin/bin/../../lib/gcc/pic32c/6.2.1/../../../../pic32c/lib/v8-m.base\libc_nano.a(lib_a-memchr-stub.o)
 .debug_abbrev  0x000045ef      0x165 c:/program files/microchip/xc32/v2.40/bin/bin/../../lib/gcc/pic32c/6.2.1/../../../../pic32c/lib/v8-m.base\libc_nano.a(lib_a-mlock.o)
 .debug_abbrev  0x00004754      0x193 c:/program files/microchip/xc32/v2.40/bin/bin/../../lib/gcc/pic32c/6.2.1/../../../../pic32c/lib/v8-m.base\libc_nano.a(lib_a-readr.o)
 .debug_abbrev  0x000048e7      0x1ea c:/program files/microchip/xc32/v2.40/bin/bin/../../lib/gcc/pic32c/6.2.1/../../../../pic32c/lib/v8-m.base\libc_nano.a(lib_a-reent.o)
 .debug_abbrev  0x00004ad1      0x1d5 c:/program files/microchip/xc32/v2.40/bin/bin/../../lib/gcc/pic32c/6.2.1/../../../../pic32c/lib/v8-m.base\libc_nano.a(lib_a-wcrtomb.o)
 .debug_abbrev  0x00004ca6      0x1ce c:/program files/microchip/xc32/v2.40/bin/bin/../../lib/gcc/pic32c/6.2.1/../../../../pic32c/lib/v8-m.base\libc_nano.a(lib_a-wctomb_r.o)
 .debug_abbrev  0x00004e74      0x131 c:/program files/microchip/xc32/v2.40/bin/bin/../../lib/gcc/pic32c/6.2.1/../../../../pic32c/lib/v8-m.base\libc_nano.a(lib_a-ctype_.o)
 .debug_abbrev  0x00004fa5       0x2a c:/program files/microchip/xc32/v2.40/bin/bin/../../lib/gcc/pic32c/6.2.1/../../../../pic32c/lib/v8-m.base\libpic32c.a(_close.o)
 .debug_abbrev  0x00004fcf       0x2a c:/program files/microchip/xc32/v2.40/bin/bin/../../lib/gcc/pic32c/6.2.1/../../../../pic32c/lib/v8-m.base\libpic32c.a(_fstat.o)
 .debug_abbrev  0x00004ff9       0x2a c:/program files/microchip/xc32/v2.40/bin/bin/../../lib/gcc/pic32c/6.2.1/../../../../pic32c/lib/v8-m.base\libpic32c.a(_isatty.o)
 .debug_abbrev  0x00005023       0x2a c:/program files/microchip/xc32/v2.40/bin/bin/../../lib/gcc/pic32c/6.2.1/../../../../pic32c/lib/v8-m.base\libpic32c.a(_lseek.o)
 .debug_abbrev  0x0000504d       0x2a c:/program files/microchip/xc32/v2.40/bin/bin/../../lib/gcc/pic32c/6.2.1/../../../../pic32c/lib/v8-m.base\libpic32c.a(_read.o)
 .debug_abbrev  0x00005077       0x2a c:/program files/microchip/xc32/v2.40/bin/bin/../../lib/gcc/pic32c/6.2.1/../../../../pic32c/lib/v8-m.base\libpic32c.a(sbrk.o)
 .debug_abbrev  0x000050a1       0x2a c:/program files/microchip/xc32/v2.40/bin/bin/../../lib/gcc/pic32c/6.2.1/../../../../pic32c/lib/v8-m.base\libpic32c.a(_write.o)
 .debug_abbrev  0x000050cb       0x2a c:/program files/microchip/xc32/v2.40/bin/bin/../../lib/gcc/pic32c/6.2.1/../../../../pic32c/lib/v8-m.base\libpic32c.a(close.o)
 .debug_abbrev  0x000050f5       0x2a c:/program files/microchip/xc32/v2.40/bin/bin/../../lib/gcc/pic32c/6.2.1/../../../../pic32c/lib/v8-m.base\libpic32c.a(fstat.o)
 .debug_abbrev  0x0000511f       0x2a c:/program files/microchip/xc32/v2.40/bin/bin/../../lib/gcc/pic32c/6.2.1/../../../../pic32c/lib/v8-m.base\libpic32c.a(isatty.o)
 .debug_abbrev  0x00005149       0x2a c:/program files/microchip/xc32/v2.40/bin/bin/../../lib/gcc/pic32c/6.2.1/../../../../pic32c/lib/v8-m.base\libpic32c.a(lseek.o)
 .debug_abbrev  0x00005173       0x2a c:/program files/microchip/xc32/v2.40/bin/bin/../../lib/gcc/pic32c/6.2.1/../../../../pic32c/lib/v8-m.base\libpic32c.a(read.o)
 .debug_abbrev  0x0000519d       0x2a c:/program files/microchip/xc32/v2.40/bin/bin/../../lib/gcc/pic32c/6.2.1/../../../../pic32c/lib/v8-m.base\libpic32c.a(write.o)

.debug_loc      0x00000000     0x444e
 .debug_loc     0x00000000      0x5b8 build/Trustify/production/_ext/551645671/plib_sercom0_usart.o
 .debug_loc     0x000005b8       0xc0 build/Trustify/production/_ext/1691900214/main.o
 .debug_loc     0x00000678       0x41 build/Trustify/production/_ext/443878228/initialization.o
 .debug_loc     0x000006b9       0x9f build/Trustify/production/_ext/1743935334/xc32_monitor.o
 .debug_loc     0x00000758       0x7a build/Trustify/production/_ext/587460250/plib_systick.o
 .debug_loc     0x000007d2       0x20 build/Trustify/production/_ext/443878228/startup_xc32.o
 .debug_loc     0x000007f2      0x101 build/Trustify/production/_ext/445289233/plib_eic.o
 .debug_loc     0x000008f3       0x14 c:/program files/microchip/xc32/v2.40/bin/bin/../../lib/gcc/pic32c/6.2.1/../../../../pic32c/lib/v8-m.base\libpic32c.a(data_init.o)
 .debug_loc     0x00000907       0x72 c:/program files/microchip/xc32/v2.40/bin/bin/../../lib/gcc/pic32c/6.2.1/../../../../pic32c/lib/v8-m.base\libc_nano.a(lib_a-init.o)
 .debug_loc     0x00000979       0x2c c:/program files/microchip/xc32/v2.40/bin/bin/../../lib/gcc/pic32c/6.2.1/../../../../pic32c/lib/v8-m.base\libc_nano.a(_lib_a-printf.cdnopuxX.o)
 .debug_loc     0x000009a5      0x249 c:/program files/microchip/xc32/v2.40/bin/bin/../../lib/gcc/pic32c/6.2.1/../../../../pic32c/lib/v8-m.base\libc_nano.a(lib_a-puts.o)
 .debug_loc     0x00000bee      0x194 c:/program files/microchip/xc32/v2.40/bin/bin/../../lib/gcc/pic32c/6.2.1/../../../../pic32c/lib/v8-m.base\libc_nano.a(lib_a-wbuf.o)
 .debug_loc     0x00000d82       0x9e c:/program files/microchip/xc32/v2.40/bin/bin/../../lib/gcc/pic32c/6.2.1/../../../../pic32c/lib/v8-m.base\libc_nano.a(lib_a-wsetup.o)
 .debug_loc     0x00000e20      0x30b c:/program files/microchip/xc32/v2.40/bin/bin/../../lib/gcc/pic32c/6.2.1/../../../../pic32c/lib/v8-m.base\libc_nano.a(lib_a-fflush.o)
 .debug_loc     0x0000112b      0x2b8 c:/program files/microchip/xc32/v2.40/bin/bin/../../lib/gcc/pic32c/6.2.1/../../../../pic32c/lib/v8-m.base\libc_nano.a(lib_a-findfp.o)
 .debug_loc     0x000013e3      0x1d9 c:/program files/microchip/xc32/v2.40/bin/bin/../../lib/gcc/pic32c/6.2.1/../../../../pic32c/lib/v8-m.base\libc_nano.a(lib_a-fwalk.o)
 .debug_loc     0x000015bc      0x260 c:/program files/microchip/xc32/v2.40/bin/bin/../../lib/gcc/pic32c/6.2.1/../../../../pic32c/lib/v8-m.base\libc_nano.a(lib_a-makebuf.o)
 .debug_loc     0x0000181c       0x72 c:/program files/microchip/xc32/v2.40/bin/bin/../../lib/gcc/pic32c/6.2.1/../../../../pic32c/lib/v8-m.base\libc_nano.a(lib_a-memset.o)
 .debug_loc     0x0000188e      0x108 c:/program files/microchip/xc32/v2.40/bin/bin/../../lib/gcc/pic32c/6.2.1/../../../../pic32c/lib/v8-m.base\libc_nano.a(lib_a-nano-freer.o)
 .debug_loc     0x00001996      0x242 c:/program files/microchip/xc32/v2.40/bin/bin/../../lib/gcc/pic32c/6.2.1/../../../../pic32c/lib/v8-m.base\libc_nano.a(lib_a-nano-mallocr.o)
 .debug_loc     0x00001bd8      0xdc9 c:/program files/microchip/xc32/v2.40/bin/bin/../../lib/gcc/pic32c/6.2.1/../../../../pic32c/lib/v8-m.base\libc_nano.a(_lib_a-nano-vfprintf.cdnopuxX.o)
 .debug_loc     0x000029a1      0x64d c:/program files/microchip/xc32/v2.40/bin/bin/../../lib/gcc/pic32c/6.2.1/../../../../pic32c/lib/v8-m.base\libc_nano.a(lib_a-nano-vfprintf_i.o)
 .debug_loc     0x00002fee       0x6d c:/program files/microchip/xc32/v2.40/bin/bin/../../lib/gcc/pic32c/6.2.1/../../../../pic32c/lib/v8-m.base\libc_nano.a(lib_a-sbrkr.o)
 .debug_loc     0x0000305b      0x1da c:/program files/microchip/xc32/v2.40/bin/bin/../../lib/gcc/pic32c/6.2.1/../../../../pic32c/lib/v8-m.base\libc_nano.a(lib_a-__ssfputs.o)
 .debug_loc     0x00003235      0x382 c:/program files/microchip/xc32/v2.40/bin/bin/../../lib/gcc/pic32c/6.2.1/../../../../pic32c/lib/v8-m.base\libc_nano.a(lib_a-stdio.o)
 .debug_loc     0x000035b7       0xc5 c:/program files/microchip/xc32/v2.40/bin/bin/../../lib/gcc/pic32c/6.2.1/../../../../pic32c/lib/v8-m.base\libc_nano.a(lib_a-writer.o)
 .debug_loc     0x0000367c       0x6d c:/program files/microchip/xc32/v2.40/bin/bin/../../lib/gcc/pic32c/6.2.1/../../../../pic32c/lib/v8-m.base\libc_nano.a(lib_a-closer.o)
 .debug_loc     0x000036e9      0x2ac c:/program files/microchip/xc32/v2.40/bin/bin/../../lib/gcc/pic32c/6.2.1/../../../../pic32c/lib/v8-m.base\libc_nano.a(lib_a-fputwc.o)
 .debug_loc     0x00003995       0x99 c:/program files/microchip/xc32/v2.40/bin/bin/../../lib/gcc/pic32c/6.2.1/../../../../pic32c/lib/v8-m.base\libc_nano.a(lib_a-fstatr.o)
 .debug_loc     0x00003a2e       0x6d c:/program files/microchip/xc32/v2.40/bin/bin/../../lib/gcc/pic32c/6.2.1/../../../../pic32c/lib/v8-m.base\libc_nano.a(lib_a-isattyr.o)
 .debug_loc     0x00003a9b      0x174 c:/program files/microchip/xc32/v2.40/bin/bin/../../lib/gcc/pic32c/6.2.1/../../../../pic32c/lib/v8-m.base\libc_nano.a(lib_a-locale.o)
 .debug_loc     0x00003c0f       0xc5 c:/program files/microchip/xc32/v2.40/bin/bin/../../lib/gcc/pic32c/6.2.1/../../../../pic32c/lib/v8-m.base\libc_nano.a(lib_a-lseekr.o)
 .debug_loc     0x00003cd4      0x19a c:/program files/microchip/xc32/v2.40/bin/bin/../../lib/gcc/pic32c/6.2.1/../../../../pic32c/lib/v8-m.base\libc_nano.a(lib_a-mbtowc_r.o)
 .debug_loc     0x00003e6e       0xb4 c:/program files/microchip/xc32/v2.40/bin/bin/../../lib/gcc/pic32c/6.2.1/../../../../pic32c/lib/v8-m.base\libc_nano.a(lib_a-memchr-stub.o)
 .debug_loc     0x00003f22       0xc5 c:/program files/microchip/xc32/v2.40/bin/bin/../../lib/gcc/pic32c/6.2.1/../../../../pic32c/lib/v8-m.base\libc_nano.a(lib_a-readr.o)
 .debug_loc     0x00003fe7      0x10b c:/program files/microchip/xc32/v2.40/bin/bin/../../lib/gcc/pic32c/6.2.1/../../../../pic32c/lib/v8-m.base\libc_nano.a(lib_a-reent.o)
 .debug_loc     0x000040f2      0x1cb c:/program files/microchip/xc32/v2.40/bin/bin/../../lib/gcc/pic32c/6.2.1/../../../../pic32c/lib/v8-m.base\libc_nano.a(lib_a-wcrtomb.o)
 .debug_loc     0x000042bd       0xf1 c:/program files/microchip/xc32/v2.40/bin/bin/../../lib/gcc/pic32c/6.2.1/../../../../pic32c/lib/v8-m.base\libc_nano.a(lib_a-wctomb_r.o)
 .debug_loc     0x000043ae       0x14 c:/program files/microchip/xc32/v2.40/bin/bin/../../lib/gcc/pic32c/6.2.1/../../../../pic32c/lib/v8-m.base\libpic32c.a(_close.o)
 .debug_loc     0x000043c2       0x14 c:/program files/microchip/xc32/v2.40/bin/bin/../../lib/gcc/pic32c/6.2.1/../../../../pic32c/lib/v8-m.base\libpic32c.a(_fstat.o)
 .debug_loc     0x000043d6       0x14 c:/program files/microchip/xc32/v2.40/bin/bin/../../lib/gcc/pic32c/6.2.1/../../../../pic32c/lib/v8-m.base\libpic32c.a(_isatty.o)
 .debug_loc     0x000043ea       0x14 c:/program files/microchip/xc32/v2.40/bin/bin/../../lib/gcc/pic32c/6.2.1/../../../../pic32c/lib/v8-m.base\libpic32c.a(_lseek.o)
 .debug_loc     0x000043fe       0x14 c:/program files/microchip/xc32/v2.40/bin/bin/../../lib/gcc/pic32c/6.2.1/../../../../pic32c/lib/v8-m.base\libpic32c.a(_read.o)
 .debug_loc     0x00004412       0x14 c:/program files/microchip/xc32/v2.40/bin/bin/../../lib/gcc/pic32c/6.2.1/../../../../pic32c/lib/v8-m.base\libpic32c.a(_write.o)
 .debug_loc     0x00004426       0x14 c:/program files/microchip/xc32/v2.40/bin/bin/../../lib/gcc/pic32c/6.2.1/../../../../pic32c/lib/v8-m.base\libpic32c.a(read.o)
 .debug_loc     0x0000443a       0x14 c:/program files/microchip/xc32/v2.40/bin/bin/../../lib/gcc/pic32c/6.2.1/../../../../pic32c/lib/v8-m.base\libpic32c.a(write.o)

.debug_aranges  0x00000000      0x900
 .debug_aranges
                0x00000000       0x70 build/Trustify/production/_ext/551645671/plib_sercom0_usart.o
 .debug_aranges
                0x00000070       0x30 build/Trustify/production/_ext/1691900214/main.o
 .debug_aranges
                0x000000a0       0x20 build/Trustify/production/_ext/443878228/initialization.o
 .debug_aranges
                0x000000c0       0x20 build/Trustify/production/_ext/443878228/interrupts.o
 .debug_aranges
                0x000000e0       0x48 build/Trustify/production/_ext/443878228/exceptions.o
 .debug_aranges
                0x00000128       0x28 build/Trustify/production/_ext/1743935334/xc32_monitor.o
 .debug_aranges
                0x00000150       0x70 build/Trustify/production/_ext/587460250/plib_systick.o
 .debug_aranges
                0x000001c0       0x20 build/Trustify/production/_ext/443878228/startup_xc32.o
 .debug_aranges
                0x000001e0       0x48 build/Trustify/production/_ext/445289233/plib_eic.o
 .debug_aranges
                0x00000228       0x20 build/Trustify/production/_ext/2004903332/bsp.o
 .debug_aranges
                0x00000248       0x20 c:/program files/microchip/xc32/v2.40/bin/bin/../../lib/gcc/pic32c/6.2.1/../../../../pic32c/lib/v8-m.base\libpic32c.a(data_init.o)
 .debug_aranges
                0x00000268       0x20 c:/program files/microchip/xc32/v2.40/bin/bin/../../lib/gcc/pic32c/6.2.1/../../../../pic32c/lib/v8-m.base\libc_nano.a(lib_a-init.o)
 .debug_aranges
                0x00000288       0x20 c:/program files/microchip/xc32/v2.40/bin/bin/../../lib/gcc/pic32c/6.2.1/../../../../pic32c/lib/v8-m.base\libc_nano.a(_lib_a-printf.cdnopuxX.o)
 .debug_aranges
                0x000002a8       0x28 c:/program files/microchip/xc32/v2.40/bin/bin/../../lib/gcc/pic32c/6.2.1/../../../../pic32c/lib/v8-m.base\libc_nano.a(lib_a-puts.o)
 .debug_aranges
                0x000002d0       0x28 c:/program files/microchip/xc32/v2.40/bin/bin/../../lib/gcc/pic32c/6.2.1/../../../../pic32c/lib/v8-m.base\libc_nano.a(lib_a-wbuf.o)
 .debug_aranges
                0x000002f8       0x20 c:/program files/microchip/xc32/v2.40/bin/bin/../../lib/gcc/pic32c/6.2.1/../../../../pic32c/lib/v8-m.base\libc_nano.a(lib_a-wsetup.o)
 .debug_aranges
                0x00000318       0x30 c:/program files/microchip/xc32/v2.40/bin/bin/../../lib/gcc/pic32c/6.2.1/../../../../pic32c/lib/v8-m.base\libc_nano.a(lib_a-fflush.o)
 .debug_aranges
                0x00000348       0x48 c:/program files/microchip/xc32/v2.40/bin/bin/../../lib/gcc/pic32c/6.2.1/../../../../pic32c/lib/v8-m.base\libc_nano.a(lib_a-findfp.o)
 .debug_aranges
                0x00000390       0x28 c:/program files/microchip/xc32/v2.40/bin/bin/../../lib/gcc/pic32c/6.2.1/../../../../pic32c/lib/v8-m.base\libc_nano.a(lib_a-fwalk.o)
 .debug_aranges
                0x000003b8       0x18 c:/program files/microchip/xc32/v2.40/bin/bin/../../lib/gcc/pic32c/6.2.1/../../../../pic32c/lib/v8-m.base\libc_nano.a(lib_a-impure.o)
 .debug_aranges
                0x000003d0       0x28 c:/program files/microchip/xc32/v2.40/bin/bin/../../lib/gcc/pic32c/6.2.1/../../../../pic32c/lib/v8-m.base\libc_nano.a(lib_a-makebuf.o)
 .debug_aranges
                0x000003f8       0x20 c:/program files/microchip/xc32/v2.40/bin/bin/../../lib/gcc/pic32c/6.2.1/../../../../pic32c/lib/v8-m.base\libc_nano.a(lib_a-memset.o)
 .debug_aranges
                0x00000418       0x20 c:/program files/microchip/xc32/v2.40/bin/bin/../../lib/gcc/pic32c/6.2.1/../../../../pic32c/lib/v8-m.base\libc_nano.a(lib_a-nano-freer.o)
 .debug_aranges
                0x00000438       0x20 c:/program files/microchip/xc32/v2.40/bin/bin/../../lib/gcc/pic32c/6.2.1/../../../../pic32c/lib/v8-m.base\libc_nano.a(lib_a-nano-mallocr.o)
 .debug_aranges
                0x00000458       0x30 c:/program files/microchip/xc32/v2.40/bin/bin/../../lib/gcc/pic32c/6.2.1/../../../../pic32c/lib/v8-m.base\libc_nano.a(_lib_a-nano-vfprintf.cdnopuxX.o)
 .debug_aranges
                0x00000488       0x28 c:/program files/microchip/xc32/v2.40/bin/bin/../../lib/gcc/pic32c/6.2.1/../../../../pic32c/lib/v8-m.base\libc_nano.a(lib_a-nano-vfprintf_i.o)
 .debug_aranges
                0x000004b0       0x20 c:/program files/microchip/xc32/v2.40/bin/bin/../../lib/gcc/pic32c/6.2.1/../../../../pic32c/lib/v8-m.base\libc_nano.a(lib_a-sbrkr.o)
 .debug_aranges
                0x000004d0       0x28 c:/program files/microchip/xc32/v2.40/bin/bin/../../lib/gcc/pic32c/6.2.1/../../../../pic32c/lib/v8-m.base\libc_nano.a(lib_a-__ssfputs.o)
 .debug_aranges
                0x000004f8       0x40 c:/program files/microchip/xc32/v2.40/bin/bin/../../lib/gcc/pic32c/6.2.1/../../../../pic32c/lib/v8-m.base\libc_nano.a(lib_a-stdio.o)
 .debug_aranges
                0x00000538       0x20 c:/program files/microchip/xc32/v2.40/bin/bin/../../lib/gcc/pic32c/6.2.1/../../../../pic32c/lib/v8-m.base\libc_nano.a(lib_a-writer.o)
 .debug_aranges
                0x00000558       0x20 c:/program files/microchip/xc32/v2.40/bin/bin/../../lib/gcc/pic32c/6.2.1/../../../../pic32c/lib/v8-m.base\libc_nano.a(lib_a-closer.o)
 .debug_aranges
                0x00000578       0x30 c:/program files/microchip/xc32/v2.40/bin/bin/../../lib/gcc/pic32c/6.2.1/../../../../pic32c/lib/v8-m.base\libc_nano.a(lib_a-fputwc.o)
 .debug_aranges
                0x000005a8       0x20 c:/program files/microchip/xc32/v2.40/bin/bin/../../lib/gcc/pic32c/6.2.1/../../../../pic32c/lib/v8-m.base\libc_nano.a(lib_a-fstatr.o)
 .debug_aranges
                0x000005c8       0x20 c:/program files/microchip/xc32/v2.40/bin/bin/../../lib/gcc/pic32c/6.2.1/../../../../pic32c/lib/v8-m.base\libc_nano.a(lib_a-isattyr.o)
 .debug_aranges
                0x000005e8       0x40 c:/program files/microchip/xc32/v2.40/bin/bin/../../lib/gcc/pic32c/6.2.1/../../../../pic32c/lib/v8-m.base\libc_nano.a(lib_a-locale.o)
 .debug_aranges
                0x00000628       0x20 c:/program files/microchip/xc32/v2.40/bin/bin/../../lib/gcc/pic32c/6.2.1/../../../../pic32c/lib/v8-m.base\libc_nano.a(lib_a-lseekr.o)
 .debug_aranges
                0x00000648       0x28 c:/program files/microchip/xc32/v2.40/bin/bin/../../lib/gcc/pic32c/6.2.1/../../../../pic32c/lib/v8-m.base\libc_nano.a(lib_a-mbtowc_r.o)
 .debug_aranges
                0x00000670       0x20 c:/program files/microchip/xc32/v2.40/bin/bin/../../lib/gcc/pic32c/6.2.1/../../../../pic32c/lib/v8-m.base\libc_nano.a(lib_a-memchr-stub.o)
 .debug_aranges
                0x00000690       0x20 c:/program files/microchip/xc32/v2.40/bin/bin/../../lib/gcc/pic32c/6.2.1/../../../../pic32c/lib/v8-m.base\libc_nano.a(lib_a-mlock.o)
 .debug_aranges
                0x000006b0       0x20 c:/program files/microchip/xc32/v2.40/bin/bin/../../lib/gcc/pic32c/6.2.1/../../../../pic32c/lib/v8-m.base\libc_nano.a(lib_a-readr.o)
 .debug_aranges
                0x000006d0       0x28 c:/program files/microchip/xc32/v2.40/bin/bin/../../lib/gcc/pic32c/6.2.1/../../../../pic32c/lib/v8-m.base\libc_nano.a(lib_a-reent.o)
 .debug_aranges
                0x000006f8       0x28 c:/program files/microchip/xc32/v2.40/bin/bin/../../lib/gcc/pic32c/6.2.1/../../../../pic32c/lib/v8-m.base\libc_nano.a(lib_a-wcrtomb.o)
 .debug_aranges
                0x00000720       0x28 c:/program files/microchip/xc32/v2.40/bin/bin/../../lib/gcc/pic32c/6.2.1/../../../../pic32c/lib/v8-m.base\libc_nano.a(lib_a-wctomb_r.o)
 .debug_aranges
                0x00000748       0x18 c:/program files/microchip/xc32/v2.40/bin/bin/../../lib/gcc/pic32c/6.2.1/../../../../pic32c/lib/v8-m.base\libc_nano.a(lib_a-ctype_.o)
 .debug_aranges
                0x00000760       0x20 c:/program files/microchip/xc32/v2.40/bin/bin/../../lib/gcc/pic32c/6.2.1/../../../../pic32c/lib/v8-m.base\libpic32c.a(_close.o)
 .debug_aranges
                0x00000780       0x20 c:/program files/microchip/xc32/v2.40/bin/bin/../../lib/gcc/pic32c/6.2.1/../../../../pic32c/lib/v8-m.base\libpic32c.a(_fstat.o)
 .debug_aranges
                0x000007a0       0x20 c:/program files/microchip/xc32/v2.40/bin/bin/../../lib/gcc/pic32c/6.2.1/../../../../pic32c/lib/v8-m.base\libpic32c.a(_isatty.o)
 .debug_aranges
                0x000007c0       0x20 c:/program files/microchip/xc32/v2.40/bin/bin/../../lib/gcc/pic32c/6.2.1/../../../../pic32c/lib/v8-m.base\libpic32c.a(_lseek.o)
 .debug_aranges
                0x000007e0       0x20 c:/program files/microchip/xc32/v2.40/bin/bin/../../lib/gcc/pic32c/6.2.1/../../../../pic32c/lib/v8-m.base\libpic32c.a(_read.o)
 .debug_aranges
                0x00000800       0x20 c:/program files/microchip/xc32/v2.40/bin/bin/../../lib/gcc/pic32c/6.2.1/../../../../pic32c/lib/v8-m.base\libpic32c.a(sbrk.o)
 .debug_aranges
                0x00000820       0x20 c:/program files/microchip/xc32/v2.40/bin/bin/../../lib/gcc/pic32c/6.2.1/../../../../pic32c/lib/v8-m.base\libpic32c.a(_write.o)
 .debug_aranges
                0x00000840       0x20 c:/program files/microchip/xc32/v2.40/bin/bin/../../lib/gcc/pic32c/6.2.1/../../../../pic32c/lib/v8-m.base\libpic32c.a(close.o)
 .debug_aranges
                0x00000860       0x20 c:/program files/microchip/xc32/v2.40/bin/bin/../../lib/gcc/pic32c/6.2.1/../../../../pic32c/lib/v8-m.base\libpic32c.a(fstat.o)
 .debug_aranges
                0x00000880       0x20 c:/program files/microchip/xc32/v2.40/bin/bin/../../lib/gcc/pic32c/6.2.1/../../../../pic32c/lib/v8-m.base\libpic32c.a(isatty.o)
 .debug_aranges
                0x000008a0       0x20 c:/program files/microchip/xc32/v2.40/bin/bin/../../lib/gcc/pic32c/6.2.1/../../../../pic32c/lib/v8-m.base\libpic32c.a(lseek.o)
 .debug_aranges
                0x000008c0       0x20 c:/program files/microchip/xc32/v2.40/bin/bin/../../lib/gcc/pic32c/6.2.1/../../../../pic32c/lib/v8-m.base\libpic32c.a(read.o)
 .debug_aranges
                0x000008e0       0x20 c:/program files/microchip/xc32/v2.40/bin/bin/../../lib/gcc/pic32c/6.2.1/../../../../pic32c/lib/v8-m.base\libpic32c.a(write.o)

.debug_ranges   0x00000000      0x808
 .debug_ranges  0x00000000       0x60 build/Trustify/production/_ext/551645671/plib_sercom0_usart.o
 .debug_ranges  0x00000060       0x20 build/Trustify/production/_ext/1691900214/main.o
 .debug_ranges  0x00000080       0x10 build/Trustify/production/_ext/443878228/initialization.o
 .debug_ranges  0x00000090       0x10 build/Trustify/production/_ext/443878228/interrupts.o
 .debug_ranges  0x000000a0       0x38 build/Trustify/production/_ext/443878228/exceptions.o
 .debug_ranges  0x000000d8       0x18 build/Trustify/production/_ext/1743935334/xc32_monitor.o
 .debug_ranges  0x000000f0       0x60 build/Trustify/production/_ext/587460250/plib_systick.o
 .debug_ranges  0x00000150       0x10 build/Trustify/production/_ext/443878228/startup_xc32.o
 .debug_ranges  0x00000160       0x38 build/Trustify/production/_ext/445289233/plib_eic.o
 .debug_ranges  0x00000198       0x10 build/Trustify/production/_ext/2004903332/bsp.o
 .debug_ranges  0x000001a8       0x10 c:/program files/microchip/xc32/v2.40/bin/bin/../../lib/gcc/pic32c/6.2.1/../../../../pic32c/lib/v8-m.base\libpic32c.a(data_init.o)
 .debug_ranges  0x000001b8       0x10 c:/program files/microchip/xc32/v2.40/bin/bin/../../lib/gcc/pic32c/6.2.1/../../../../pic32c/lib/v8-m.base\libc_nano.a(lib_a-init.o)
 .debug_ranges  0x000001c8       0x10 c:/program files/microchip/xc32/v2.40/bin/bin/../../lib/gcc/pic32c/6.2.1/../../../../pic32c/lib/v8-m.base\libc_nano.a(_lib_a-printf.cdnopuxX.o)
 .debug_ranges  0x000001d8       0x70 c:/program files/microchip/xc32/v2.40/bin/bin/../../lib/gcc/pic32c/6.2.1/../../../../pic32c/lib/v8-m.base\libc_nano.a(lib_a-puts.o)
 .debug_ranges  0x00000248       0x30 c:/program files/microchip/xc32/v2.40/bin/bin/../../lib/gcc/pic32c/6.2.1/../../../../pic32c/lib/v8-m.base\libc_nano.a(lib_a-wbuf.o)
 .debug_ranges  0x00000278       0x38 c:/program files/microchip/xc32/v2.40/bin/bin/../../lib/gcc/pic32c/6.2.1/../../../../pic32c/lib/v8-m.base\libc_nano.a(lib_a-wsetup.o)
 .debug_ranges  0x000002b0       0x68 c:/program files/microchip/xc32/v2.40/bin/bin/../../lib/gcc/pic32c/6.2.1/../../../../pic32c/lib/v8-m.base\libc_nano.a(lib_a-fflush.o)
 .debug_ranges  0x00000318       0x38 c:/program files/microchip/xc32/v2.40/bin/bin/../../lib/gcc/pic32c/6.2.1/../../../../pic32c/lib/v8-m.base\libc_nano.a(lib_a-findfp.o)
 .debug_ranges  0x00000350       0x18 c:/program files/microchip/xc32/v2.40/bin/bin/../../lib/gcc/pic32c/6.2.1/../../../../pic32c/lib/v8-m.base\libc_nano.a(lib_a-fwalk.o)
 .debug_ranges  0x00000368       0x30 c:/program files/microchip/xc32/v2.40/bin/bin/../../lib/gcc/pic32c/6.2.1/../../../../pic32c/lib/v8-m.base\libc_nano.a(lib_a-makebuf.o)
 .debug_ranges  0x00000398       0x10 c:/program files/microchip/xc32/v2.40/bin/bin/../../lib/gcc/pic32c/6.2.1/../../../../pic32c/lib/v8-m.base\libc_nano.a(lib_a-memset.o)
 .debug_ranges  0x000003a8       0x28 c:/program files/microchip/xc32/v2.40/bin/bin/../../lib/gcc/pic32c/6.2.1/../../../../pic32c/lib/v8-m.base\libc_nano.a(lib_a-nano-freer.o)
 .debug_ranges  0x000003d0       0x60 c:/program files/microchip/xc32/v2.40/bin/bin/../../lib/gcc/pic32c/6.2.1/../../../../pic32c/lib/v8-m.base\libc_nano.a(lib_a-nano-mallocr.o)
 .debug_ranges  0x00000430       0x60 c:/program files/microchip/xc32/v2.40/bin/bin/../../lib/gcc/pic32c/6.2.1/../../../../pic32c/lib/v8-m.base\libc_nano.a(_lib_a-nano-vfprintf.cdnopuxX.o)
 .debug_ranges  0x00000490       0x90 c:/program files/microchip/xc32/v2.40/bin/bin/../../lib/gcc/pic32c/6.2.1/../../../../pic32c/lib/v8-m.base\libc_nano.a(lib_a-nano-vfprintf_i.o)
 .debug_ranges  0x00000520       0x10 c:/program files/microchip/xc32/v2.40/bin/bin/../../lib/gcc/pic32c/6.2.1/../../../../pic32c/lib/v8-m.base\libc_nano.a(lib_a-sbrkr.o)
 .debug_ranges  0x00000530       0x30 c:/program files/microchip/xc32/v2.40/bin/bin/../../lib/gcc/pic32c/6.2.1/../../../../pic32c/lib/v8-m.base\libc_nano.a(lib_a-__ssfputs.o)
 .debug_ranges  0x00000560       0x30 c:/program files/microchip/xc32/v2.40/bin/bin/../../lib/gcc/pic32c/6.2.1/../../../../pic32c/lib/v8-m.base\libc_nano.a(lib_a-stdio.o)
 .debug_ranges  0x00000590       0x10 c:/program files/microchip/xc32/v2.40/bin/bin/../../lib/gcc/pic32c/6.2.1/../../../../pic32c/lib/v8-m.base\libc_nano.a(lib_a-writer.o)
 .debug_ranges  0x000005a0       0x10 c:/program files/microchip/xc32/v2.40/bin/bin/../../lib/gcc/pic32c/6.2.1/../../../../pic32c/lib/v8-m.base\libc_nano.a(lib_a-closer.o)
 .debug_ranges  0x000005b0       0x50 c:/program files/microchip/xc32/v2.40/bin/bin/../../lib/gcc/pic32c/6.2.1/../../../../pic32c/lib/v8-m.base\libc_nano.a(lib_a-fputwc.o)
 .debug_ranges  0x00000600       0x10 c:/program files/microchip/xc32/v2.40/bin/bin/../../lib/gcc/pic32c/6.2.1/../../../../pic32c/lib/v8-m.base\libc_nano.a(lib_a-fstatr.o)
 .debug_ranges  0x00000610       0x10 c:/program files/microchip/xc32/v2.40/bin/bin/../../lib/gcc/pic32c/6.2.1/../../../../pic32c/lib/v8-m.base\libc_nano.a(lib_a-isattyr.o)
 .debug_ranges  0x00000620       0x30 c:/program files/microchip/xc32/v2.40/bin/bin/../../lib/gcc/pic32c/6.2.1/../../../../pic32c/lib/v8-m.base\libc_nano.a(lib_a-locale.o)
 .debug_ranges  0x00000650       0x10 c:/program files/microchip/xc32/v2.40/bin/bin/../../lib/gcc/pic32c/6.2.1/../../../../pic32c/lib/v8-m.base\libc_nano.a(lib_a-lseekr.o)
 .debug_ranges  0x00000660       0x18 c:/program files/microchip/xc32/v2.40/bin/bin/../../lib/gcc/pic32c/6.2.1/../../../../pic32c/lib/v8-m.base\libc_nano.a(lib_a-mbtowc_r.o)
 .debug_ranges  0x00000678       0x10 c:/program files/microchip/xc32/v2.40/bin/bin/../../lib/gcc/pic32c/6.2.1/../../../../pic32c/lib/v8-m.base\libc_nano.a(lib_a-memchr-stub.o)
 .debug_ranges  0x00000688       0x10 c:/program files/microchip/xc32/v2.40/bin/bin/../../lib/gcc/pic32c/6.2.1/../../../../pic32c/lib/v8-m.base\libc_nano.a(lib_a-mlock.o)
 .debug_ranges  0x00000698       0x10 c:/program files/microchip/xc32/v2.40/bin/bin/../../lib/gcc/pic32c/6.2.1/../../../../pic32c/lib/v8-m.base\libc_nano.a(lib_a-readr.o)
 .debug_ranges  0x000006a8       0x48 c:/program files/microchip/xc32/v2.40/bin/bin/../../lib/gcc/pic32c/6.2.1/../../../../pic32c/lib/v8-m.base\libc_nano.a(lib_a-reent.o)
 .debug_ranges  0x000006f0       0x30 c:/program files/microchip/xc32/v2.40/bin/bin/../../lib/gcc/pic32c/6.2.1/../../../../pic32c/lib/v8-m.base\libc_nano.a(lib_a-wcrtomb.o)
 .debug_ranges  0x00000720       0x18 c:/program files/microchip/xc32/v2.40/bin/bin/../../lib/gcc/pic32c/6.2.1/../../../../pic32c/lib/v8-m.base\libc_nano.a(lib_a-wctomb_r.o)
 .debug_ranges  0x00000738       0x10 c:/program files/microchip/xc32/v2.40/bin/bin/../../lib/gcc/pic32c/6.2.1/../../../../pic32c/lib/v8-m.base\libpic32c.a(_close.o)
 .debug_ranges  0x00000748       0x10 c:/program files/microchip/xc32/v2.40/bin/bin/../../lib/gcc/pic32c/6.2.1/../../../../pic32c/lib/v8-m.base\libpic32c.a(_fstat.o)
 .debug_ranges  0x00000758       0x10 c:/program files/microchip/xc32/v2.40/bin/bin/../../lib/gcc/pic32c/6.2.1/../../../../pic32c/lib/v8-m.base\libpic32c.a(_isatty.o)
 .debug_ranges  0x00000768       0x10 c:/program files/microchip/xc32/v2.40/bin/bin/../../lib/gcc/pic32c/6.2.1/../../../../pic32c/lib/v8-m.base\libpic32c.a(_lseek.o)
 .debug_ranges  0x00000778       0x10 c:/program files/microchip/xc32/v2.40/bin/bin/../../lib/gcc/pic32c/6.2.1/../../../../pic32c/lib/v8-m.base\libpic32c.a(_read.o)
 .debug_ranges  0x00000788       0x10 c:/program files/microchip/xc32/v2.40/bin/bin/../../lib/gcc/pic32c/6.2.1/../../../../pic32c/lib/v8-m.base\libpic32c.a(sbrk.o)
 .debug_ranges  0x00000798       0x10 c:/program files/microchip/xc32/v2.40/bin/bin/../../lib/gcc/pic32c/6.2.1/../../../../pic32c/lib/v8-m.base\libpic32c.a(_write.o)
 .debug_ranges  0x000007a8       0x10 c:/program files/microchip/xc32/v2.40/bin/bin/../../lib/gcc/pic32c/6.2.1/../../../../pic32c/lib/v8-m.base\libpic32c.a(close.o)
 .debug_ranges  0x000007b8       0x10 c:/program files/microchip/xc32/v2.40/bin/bin/../../lib/gcc/pic32c/6.2.1/../../../../pic32c/lib/v8-m.base\libpic32c.a(fstat.o)
 .debug_ranges  0x000007c8       0x10 c:/program files/microchip/xc32/v2.40/bin/bin/../../lib/gcc/pic32c/6.2.1/../../../../pic32c/lib/v8-m.base\libpic32c.a(isatty.o)
 .debug_ranges  0x000007d8       0x10 c:/program files/microchip/xc32/v2.40/bin/bin/../../lib/gcc/pic32c/6.2.1/../../../../pic32c/lib/v8-m.base\libpic32c.a(lseek.o)
 .debug_ranges  0x000007e8       0x10 c:/program files/microchip/xc32/v2.40/bin/bin/../../lib/gcc/pic32c/6.2.1/../../../../pic32c/lib/v8-m.base\libpic32c.a(read.o)
 .debug_ranges  0x000007f8       0x10 c:/program files/microchip/xc32/v2.40/bin/bin/../../lib/gcc/pic32c/6.2.1/../../../../pic32c/lib/v8-m.base\libpic32c.a(write.o)

.debug_line     0x00000000     0x70e0
 .debug_line    0x00000000      0x2de build/Trustify/production/_ext/551645671/plib_sercom0_usart.o
 .debug_line    0x000002de      0x2ad build/Trustify/production/_ext/1691900214/main.o
 .debug_line    0x0000058b      0x29f build/Trustify/production/_ext/443878228/initialization.o
 .debug_line    0x0000082a      0x1e4 build/Trustify/production/_ext/443878228/interrupts.o
 .debug_line    0x00000a0e      0x1a6 build/Trustify/production/_ext/443878228/exceptions.o
 .debug_line    0x00000bb4      0x219 build/Trustify/production/_ext/1743935334/xc32_monitor.o
 .debug_line    0x00000dcd      0x251 build/Trustify/production/_ext/587460250/plib_systick.o
 .debug_line    0x0000101e      0x207 build/Trustify/production/_ext/443878228/startup_xc32.o
 .debug_line    0x00001225      0x1c6 build/Trustify/production/_ext/445289233/plib_eic.o
 .debug_line    0x000013eb      0x155 build/Trustify/production/_ext/2004903332/bsp.o
 .debug_line    0x00001540       0xe3 c:/program files/microchip/xc32/v2.40/bin/bin/../../lib/gcc/pic32c/6.2.1/../../../../pic32c/lib/v8-m.base\libpic32c.a(data_init.o)
 .debug_line    0x00001623      0x118 c:/program files/microchip/xc32/v2.40/bin/bin/../../lib/gcc/pic32c/6.2.1/../../../../pic32c/lib/v8-m.base\libc_nano.a(lib_a-init.o)
 .debug_line    0x0000173b      0x1c8 c:/program files/microchip/xc32/v2.40/bin/bin/../../lib/gcc/pic32c/6.2.1/../../../../pic32c/lib/v8-m.base\libc_nano.a(_lib_a-printf.cdnopuxX.o)
 .debug_line    0x00001903      0x2a6 c:/program files/microchip/xc32/v2.40/bin/bin/../../lib/gcc/pic32c/6.2.1/../../../../pic32c/lib/v8-m.base\libc_nano.a(lib_a-puts.o)
 .debug_line    0x00001ba9      0x27d c:/program files/microchip/xc32/v2.40/bin/bin/../../lib/gcc/pic32c/6.2.1/../../../../pic32c/lib/v8-m.base\libc_nano.a(lib_a-wbuf.o)
 .debug_line    0x00001e26      0x26b c:/program files/microchip/xc32/v2.40/bin/bin/../../lib/gcc/pic32c/6.2.1/../../../../pic32c/lib/v8-m.base\libc_nano.a(lib_a-wsetup.o)
 .debug_line    0x00002091      0x2d3 c:/program files/microchip/xc32/v2.40/bin/bin/../../lib/gcc/pic32c/6.2.1/../../../../pic32c/lib/v8-m.base\libc_nano.a(lib_a-fflush.o)
 .debug_line    0x00002364      0x315 c:/program files/microchip/xc32/v2.40/bin/bin/../../lib/gcc/pic32c/6.2.1/../../../../pic32c/lib/v8-m.base\libc_nano.a(lib_a-findfp.o)
 .debug_line    0x00002679      0x269 c:/program files/microchip/xc32/v2.40/bin/bin/../../lib/gcc/pic32c/6.2.1/../../../../pic32c/lib/v8-m.base\libc_nano.a(lib_a-fwalk.o)
 .debug_line    0x000028e2      0x17e c:/program files/microchip/xc32/v2.40/bin/bin/../../lib/gcc/pic32c/6.2.1/../../../../pic32c/lib/v8-m.base\libc_nano.a(lib_a-impure.o)
 .debug_line    0x00002a60      0x328 c:/program files/microchip/xc32/v2.40/bin/bin/../../lib/gcc/pic32c/6.2.1/../../../../pic32c/lib/v8-m.base\libc_nano.a(lib_a-makebuf.o)
 .debug_line    0x00002d88      0x2ad c:/program files/microchip/xc32/v2.40/bin/bin/../../lib/gcc/pic32c/6.2.1/../../../../pic32c/lib/v8-m.base\libc_nano.a(lib_a-memset.o)
 .debug_line    0x00003035      0x1d4 c:/program files/microchip/xc32/v2.40/bin/bin/../../lib/gcc/pic32c/6.2.1/../../../../pic32c/lib/v8-m.base\libc_nano.a(lib_a-nano-freer.o)
 .debug_line    0x00003209      0x259 c:/program files/microchip/xc32/v2.40/bin/bin/../../lib/gcc/pic32c/6.2.1/../../../../pic32c/lib/v8-m.base\libc_nano.a(lib_a-nano-mallocr.o)
 .debug_line    0x00003462      0x3c0 c:/program files/microchip/xc32/v2.40/bin/bin/../../lib/gcc/pic32c/6.2.1/../../../../pic32c/lib/v8-m.base\libc_nano.a(_lib_a-nano-vfprintf.cdnopuxX.o)
 .debug_line    0x00003822      0x490 c:/program files/microchip/xc32/v2.40/bin/bin/../../lib/gcc/pic32c/6.2.1/../../../../pic32c/lib/v8-m.base\libc_nano.a(lib_a-nano-vfprintf_i.o)
 .debug_line    0x00003cb2      0x214 c:/program files/microchip/xc32/v2.40/bin/bin/../../lib/gcc/pic32c/6.2.1/../../../../pic32c/lib/v8-m.base\libc_nano.a(lib_a-sbrkr.o)
 .debug_line    0x00003ec6      0x365 c:/program files/microchip/xc32/v2.40/bin/bin/../../lib/gcc/pic32c/6.2.1/../../../../pic32c/lib/v8-m.base\libc_nano.a(lib_a-__ssfputs.o)
 .debug_line    0x0000422b      0x2a3 c:/program files/microchip/xc32/v2.40/bin/bin/../../lib/gcc/pic32c/6.2.1/../../../../pic32c/lib/v8-m.base\libc_nano.a(lib_a-stdio.o)
 .debug_line    0x000044ce      0x211 c:/program files/microchip/xc32/v2.40/bin/bin/../../lib/gcc/pic32c/6.2.1/../../../../pic32c/lib/v8-m.base\libc_nano.a(lib_a-writer.o)
 .debug_line    0x000046df      0x215 c:/program files/microchip/xc32/v2.40/bin/bin/../../lib/gcc/pic32c/6.2.1/../../../../pic32c/lib/v8-m.base\libc_nano.a(lib_a-closer.o)
 .debug_line    0x000048f4      0x2a0 c:/program files/microchip/xc32/v2.40/bin/bin/../../lib/gcc/pic32c/6.2.1/../../../../pic32c/lib/v8-m.base\libc_nano.a(lib_a-fputwc.o)
 .debug_line    0x00004b94      0x2c3 c:/program files/microchip/xc32/v2.40/bin/bin/../../lib/gcc/pic32c/6.2.1/../../../../pic32c/lib/v8-m.base\libc_nano.a(lib_a-fstatr.o)
 .debug_line    0x00004e57      0x216 c:/program files/microchip/xc32/v2.40/bin/bin/../../lib/gcc/pic32c/6.2.1/../../../../pic32c/lib/v8-m.base\libc_nano.a(lib_a-isattyr.o)
 .debug_line    0x0000506d      0x331 c:/program files/microchip/xc32/v2.40/bin/bin/../../lib/gcc/pic32c/6.2.1/../../../../pic32c/lib/v8-m.base\libc_nano.a(lib_a-locale.o)
 .debug_line    0x0000539e      0x211 c:/program files/microchip/xc32/v2.40/bin/bin/../../lib/gcc/pic32c/6.2.1/../../../../pic32c/lib/v8-m.base\libc_nano.a(lib_a-lseekr.o)
 .debug_line    0x000055af      0x2d9 c:/program files/microchip/xc32/v2.40/bin/bin/../../lib/gcc/pic32c/6.2.1/../../../../pic32c/lib/v8-m.base\libc_nano.a(lib_a-mbtowc_r.o)
 .debug_line    0x00005888      0x21c c:/program files/microchip/xc32/v2.40/bin/bin/../../lib/gcc/pic32c/6.2.1/../../../../pic32c/lib/v8-m.base\libc_nano.a(lib_a-memchr-stub.o)
 .debug_line    0x00005aa4      0x18e c:/program files/microchip/xc32/v2.40/bin/bin/../../lib/gcc/pic32c/6.2.1/../../../../pic32c/lib/v8-m.base\libc_nano.a(lib_a-mlock.o)
 .debug_line    0x00005c32      0x210 c:/program files/microchip/xc32/v2.40/bin/bin/../../lib/gcc/pic32c/6.2.1/../../../../pic32c/lib/v8-m.base\libc_nano.a(lib_a-readr.o)
 .debug_line    0x00005e42      0x23f c:/program files/microchip/xc32/v2.40/bin/bin/../../lib/gcc/pic32c/6.2.1/../../../../pic32c/lib/v8-m.base\libc_nano.a(lib_a-reent.o)
 .debug_line    0x00006081      0x2ee c:/program files/microchip/xc32/v2.40/bin/bin/../../lib/gcc/pic32c/6.2.1/../../../../pic32c/lib/v8-m.base\libc_nano.a(lib_a-wcrtomb.o)
 .debug_line    0x0000636f      0x2cf c:/program files/microchip/xc32/v2.40/bin/bin/../../lib/gcc/pic32c/6.2.1/../../../../pic32c/lib/v8-m.base\libc_nano.a(lib_a-wctomb_r.o)
 .debug_line    0x0000663e      0x21e c:/program files/microchip/xc32/v2.40/bin/bin/../../lib/gcc/pic32c/6.2.1/../../../../pic32c/lib/v8-m.base\libc_nano.a(lib_a-ctype_.o)
 .debug_line    0x0000685c       0x9d c:/program files/microchip/xc32/v2.40/bin/bin/../../lib/gcc/pic32c/6.2.1/../../../../pic32c/lib/v8-m.base\libpic32c.a(_close.o)
 .debug_line    0x000068f9       0x9d c:/program files/microchip/xc32/v2.40/bin/bin/../../lib/gcc/pic32c/6.2.1/../../../../pic32c/lib/v8-m.base\libpic32c.a(_fstat.o)
 .debug_line    0x00006996       0x9e c:/program files/microchip/xc32/v2.40/bin/bin/../../lib/gcc/pic32c/6.2.1/../../../../pic32c/lib/v8-m.base\libpic32c.a(_isatty.o)
 .debug_line    0x00006a34       0x9d c:/program files/microchip/xc32/v2.40/bin/bin/../../lib/gcc/pic32c/6.2.1/../../../../pic32c/lib/v8-m.base\libpic32c.a(_lseek.o)
 .debug_line    0x00006ad1       0x9c c:/program files/microchip/xc32/v2.40/bin/bin/../../lib/gcc/pic32c/6.2.1/../../../../pic32c/lib/v8-m.base\libpic32c.a(_read.o)
 .debug_line    0x00006b6d       0xa4 c:/program files/microchip/xc32/v2.40/bin/bin/../../lib/gcc/pic32c/6.2.1/../../../../pic32c/lib/v8-m.base\libpic32c.a(sbrk.o)
 .debug_line    0x00006c11       0x9d c:/program files/microchip/xc32/v2.40/bin/bin/../../lib/gcc/pic32c/6.2.1/../../../../pic32c/lib/v8-m.base\libpic32c.a(_write.o)
 .debug_line    0x00006cae       0x9b c:/program files/microchip/xc32/v2.40/bin/bin/../../lib/gcc/pic32c/6.2.1/../../../../pic32c/lib/v8-m.base\libpic32c.a(close.o)
 .debug_line    0x00006d49      0x104 c:/program files/microchip/xc32/v2.40/bin/bin/../../lib/gcc/pic32c/6.2.1/../../../../pic32c/lib/v8-m.base\libpic32c.a(fstat.o)
 .debug_line    0x00006e4d       0x9c c:/program files/microchip/xc32/v2.40/bin/bin/../../lib/gcc/pic32c/6.2.1/../../../../pic32c/lib/v8-m.base\libpic32c.a(isatty.o)
 .debug_line    0x00006ee9       0x9b c:/program files/microchip/xc32/v2.40/bin/bin/../../lib/gcc/pic32c/6.2.1/../../../../pic32c/lib/v8-m.base\libpic32c.a(lseek.o)
 .debug_line    0x00006f84       0xae c:/program files/microchip/xc32/v2.40/bin/bin/../../lib/gcc/pic32c/6.2.1/../../../../pic32c/lib/v8-m.base\libpic32c.a(read.o)
 .debug_line    0x00007032       0xae c:/program files/microchip/xc32/v2.40/bin/bin/../../lib/gcc/pic32c/6.2.1/../../../../pic32c/lib/v8-m.base\libpic32c.a(write.o)

.debug_str      0x00000000      0xf27
 .debug_str     0x00000000      0x11f build/Trustify/production/_ext/551645671/plib_sercom0_usart.o
 .debug_str     0x0000011f       0xa5 build/Trustify/production/_ext/1691900214/main.o
 .debug_str     0x000001c4       0x5d build/Trustify/production/_ext/443878228/initialization.o
 .debug_str     0x00000221        0xe build/Trustify/production/_ext/443878228/interrupts.o
 .debug_str     0x0000022f        0xe build/Trustify/production/_ext/443878228/exceptions.o
 .debug_str     0x0000023d       0x35 build/Trustify/production/_ext/1743935334/xc32_monitor.o
 .debug_str     0x00000272        0x9 build/Trustify/production/_ext/587460250/plib_systick.o
 .debug_str     0x0000027b       0x79 build/Trustify/production/_ext/443878228/startup_xc32.o
 .debug_str     0x000002f4        0x9 build/Trustify/production/_ext/445289233/plib_eic.o
 .debug_str     0x000002fd        0xe build/Trustify/production/_ext/2004903332/bsp.o
 .debug_str     0x0000030b        0x0 c:/program files/microchip/xc32/v2.40/bin/bin/../../lib/gcc/pic32c/6.2.1/../../../../pic32c/lib/v8-m.base\libpic32c.a(data_init.o)
 .debug_str     0x0000030b        0x0 c:/program files/microchip/xc32/v2.40/bin/bin/../../lib/gcc/pic32c/6.2.1/../../../../pic32c/lib/v8-m.base\libc_nano.a(lib_a-init.o)
 .debug_str     0x0000030b       0x1c c:/program files/microchip/xc32/v2.40/bin/bin/../../lib/gcc/pic32c/6.2.1/../../../../pic32c/lib/v8-m.base\libc_nano.a(_lib_a-printf.cdnopuxX.o)
 .debug_str     0x00000327       0x1f c:/program files/microchip/xc32/v2.40/bin/bin/../../lib/gcc/pic32c/6.2.1/../../../../pic32c/lib/v8-m.base\libc_nano.a(lib_a-puts.o)
 .debug_str     0x00000346       0x1f c:/program files/microchip/xc32/v2.40/bin/bin/../../lib/gcc/pic32c/6.2.1/../../../../pic32c/lib/v8-m.base\libc_nano.a(lib_a-wbuf.o)
 .debug_str     0x00000365       0x16 c:/program files/microchip/xc32/v2.40/bin/bin/../../lib/gcc/pic32c/6.2.1/../../../../pic32c/lib/v8-m.base\libc_nano.a(lib_a-wsetup.o)
 .debug_str     0x0000037b       0x16 c:/program files/microchip/xc32/v2.40/bin/bin/../../lib/gcc/pic32c/6.2.1/../../../../pic32c/lib/v8-m.base\libc_nano.a(lib_a-fflush.o)
 .debug_str     0x00000391       0x20 c:/program files/microchip/xc32/v2.40/bin/bin/../../lib/gcc/pic32c/6.2.1/../../../../pic32c/lib/v8-m.base\libc_nano.a(lib_a-findfp.o)
 .debug_str     0x000003b1        0x9 c:/program files/microchip/xc32/v2.40/bin/bin/../../lib/gcc/pic32c/6.2.1/../../../../pic32c/lib/v8-m.base\libc_nano.a(lib_a-fwalk.o)
 .debug_str     0x000003ba        0x9 c:/program files/microchip/xc32/v2.40/bin/bin/../../lib/gcc/pic32c/6.2.1/../../../../pic32c/lib/v8-m.base\libc_nano.a(lib_a-impure.o)
 .debug_str     0x000003c3       0x31 c:/program files/microchip/xc32/v2.40/bin/bin/../../lib/gcc/pic32c/6.2.1/../../../../pic32c/lib/v8-m.base\libc_nano.a(lib_a-makebuf.o)
 .debug_str     0x000003f4      0x114 c:/program files/microchip/xc32/v2.40/bin/bin/../../lib/gcc/pic32c/6.2.1/../../../../pic32c/lib/v8-m.base\libc_nano.a(lib_a-memset.o)
 .debug_str     0x00000508       0x27 c:/program files/microchip/xc32/v2.40/bin/bin/../../lib/gcc/pic32c/6.2.1/../../../../pic32c/lib/v8-m.base\libc_nano.a(lib_a-nano-freer.o)
 .debug_str     0x0000052f       0x31 c:/program files/microchip/xc32/v2.40/bin/bin/../../lib/gcc/pic32c/6.2.1/../../../../pic32c/lib/v8-m.base\libc_nano.a(lib_a-nano-mallocr.o)
 .debug_str     0x00000560      0x13b c:/program files/microchip/xc32/v2.40/bin/bin/../../lib/gcc/pic32c/6.2.1/../../../../pic32c/lib/v8-m.base\libc_nano.a(_lib_a-nano-vfprintf.cdnopuxX.o)
 .debug_str     0x0000069b      0x11b c:/program files/microchip/xc32/v2.40/bin/bin/../../lib/gcc/pic32c/6.2.1/../../../../pic32c/lib/v8-m.base\libc_nano.a(lib_a-nano-vfprintf_i.o)
 .debug_str     0x000007b6        0x9 c:/program files/microchip/xc32/v2.40/bin/bin/../../lib/gcc/pic32c/6.2.1/../../../../pic32c/lib/v8-m.base\libc_nano.a(lib_a-sbrkr.o)
 .debug_str     0x000007bf      0x128 c:/program files/microchip/xc32/v2.40/bin/bin/../../lib/gcc/pic32c/6.2.1/../../../../pic32c/lib/v8-m.base\libc_nano.a(lib_a-__ssfputs.o)
 .debug_str     0x000008e7       0x2b c:/program files/microchip/xc32/v2.40/bin/bin/../../lib/gcc/pic32c/6.2.1/../../../../pic32c/lib/v8-m.base\libc_nano.a(lib_a-stdio.o)
 .debug_str     0x00000912       0x10 c:/program files/microchip/xc32/v2.40/bin/bin/../../lib/gcc/pic32c/6.2.1/../../../../pic32c/lib/v8-m.base\libc_nano.a(lib_a-writer.o)
 .debug_str     0x00000922       0x10 c:/program files/microchip/xc32/v2.40/bin/bin/../../lib/gcc/pic32c/6.2.1/../../../../pic32c/lib/v8-m.base\libc_nano.a(lib_a-closer.o)
 .debug_str     0x00000932       0x32 c:/program files/microchip/xc32/v2.40/bin/bin/../../lib/gcc/pic32c/6.2.1/../../../../pic32c/lib/v8-m.base\libc_nano.a(lib_a-fputwc.o)
 .debug_str     0x00000964        0x9 c:/program files/microchip/xc32/v2.40/bin/bin/../../lib/gcc/pic32c/6.2.1/../../../../pic32c/lib/v8-m.base\libc_nano.a(lib_a-fstatr.o)
 .debug_str     0x0000096d        0x9 c:/program files/microchip/xc32/v2.40/bin/bin/../../lib/gcc/pic32c/6.2.1/../../../../pic32c/lib/v8-m.base\libc_nano.a(lib_a-isattyr.o)
 .debug_str     0x00000976      0x134 c:/program files/microchip/xc32/v2.40/bin/bin/../../lib/gcc/pic32c/6.2.1/../../../../pic32c/lib/v8-m.base\libc_nano.a(lib_a-locale.o)
 .debug_str     0x00000aaa        0x9 c:/program files/microchip/xc32/v2.40/bin/bin/../../lib/gcc/pic32c/6.2.1/../../../../pic32c/lib/v8-m.base\libc_nano.a(lib_a-lseekr.o)
 .debug_str     0x00000ab3      0x114 c:/program files/microchip/xc32/v2.40/bin/bin/../../lib/gcc/pic32c/6.2.1/../../../../pic32c/lib/v8-m.base\libc_nano.a(lib_a-mbtowc_r.o)
 .debug_str     0x00000bc7        0x9 c:/program files/microchip/xc32/v2.40/bin/bin/../../lib/gcc/pic32c/6.2.1/../../../../pic32c/lib/v8-m.base\libc_nano.a(lib_a-memchr-stub.o)
 .debug_str     0x00000bd0        0x9 c:/program files/microchip/xc32/v2.40/bin/bin/../../lib/gcc/pic32c/6.2.1/../../../../pic32c/lib/v8-m.base\libc_nano.a(lib_a-mlock.o)
 .debug_str     0x00000bd9        0x9 c:/program files/microchip/xc32/v2.40/bin/bin/../../lib/gcc/pic32c/6.2.1/../../../../pic32c/lib/v8-m.base\libc_nano.a(lib_a-readr.o)
 .debug_str     0x00000be2        0x9 c:/program files/microchip/xc32/v2.40/bin/bin/../../lib/gcc/pic32c/6.2.1/../../../../pic32c/lib/v8-m.base\libc_nano.a(lib_a-reent.o)
 .debug_str     0x00000beb      0x114 c:/program files/microchip/xc32/v2.40/bin/bin/../../lib/gcc/pic32c/6.2.1/../../../../pic32c/lib/v8-m.base\libc_nano.a(lib_a-wcrtomb.o)
 .debug_str     0x00000cff      0x114 c:/program files/microchip/xc32/v2.40/bin/bin/../../lib/gcc/pic32c/6.2.1/../../../../pic32c/lib/v8-m.base\libc_nano.a(lib_a-wctomb_r.o)
 .debug_str     0x00000e13      0x114 c:/program files/microchip/xc32/v2.40/bin/bin/../../lib/gcc/pic32c/6.2.1/../../../../pic32c/lib/v8-m.base\libc_nano.a(lib_a-ctype_.o)
 .debug_str     0x00000f27        0x0 c:/program files/microchip/xc32/v2.40/bin/bin/../../lib/gcc/pic32c/6.2.1/../../../../pic32c/lib/v8-m.base\libpic32c.a(_close.o)
 .debug_str     0x00000f27        0x0 c:/program files/microchip/xc32/v2.40/bin/bin/../../lib/gcc/pic32c/6.2.1/../../../../pic32c/lib/v8-m.base\libpic32c.a(_fstat.o)
 .debug_str     0x00000f27        0x0 c:/program files/microchip/xc32/v2.40/bin/bin/../../lib/gcc/pic32c/6.2.1/../../../../pic32c/lib/v8-m.base\libpic32c.a(_isatty.o)
 .debug_str     0x00000f27        0x0 c:/program files/microchip/xc32/v2.40/bin/bin/../../lib/gcc/pic32c/6.2.1/../../../../pic32c/lib/v8-m.base\libpic32c.a(_lseek.o)
 .debug_str     0x00000f27        0x0 c:/program files/microchip/xc32/v2.40/bin/bin/../../lib/gcc/pic32c/6.2.1/../../../../pic32c/lib/v8-m.base\libpic32c.a(_read.o)
 .debug_str     0x00000f27        0x0 c:/program files/microchip/xc32/v2.40/bin/bin/../../lib/gcc/pic32c/6.2.1/../../../../pic32c/lib/v8-m.base\libpic32c.a(sbrk.o)
 .debug_str     0x00000f27        0x0 c:/program files/microchip/xc32/v2.40/bin/bin/../../lib/gcc/pic32c/6.2.1/../../../../pic32c/lib/v8-m.base\libpic32c.a(_write.o)
 .debug_str     0x00000f27        0x0 c:/program files/microchip/xc32/v2.40/bin/bin/../../lib/gcc/pic32c/6.2.1/../../../../pic32c/lib/v8-m.base\libpic32c.a(close.o)
 .debug_str     0x00000f27        0x0 c:/program files/microchip/xc32/v2.40/bin/bin/../../lib/gcc/pic32c/6.2.1/../../../../pic32c/lib/v8-m.base\libpic32c.a(fstat.o)
 .debug_str     0x00000f27        0x0 c:/program files/microchip/xc32/v2.40/bin/bin/../../lib/gcc/pic32c/6.2.1/../../../../pic32c/lib/v8-m.base\libpic32c.a(isatty.o)
 .debug_str     0x00000f27        0x0 c:/program files/microchip/xc32/v2.40/bin/bin/../../lib/gcc/pic32c/6.2.1/../../../../pic32c/lib/v8-m.base\libpic32c.a(lseek.o)
 .debug_str     0x00000f27        0x0 c:/program files/microchip/xc32/v2.40/bin/bin/../../lib/gcc/pic32c/6.2.1/../../../../pic32c/lib/v8-m.base\libpic32c.a(read.o)
 .debug_str     0x00000f27        0x0 c:/program files/microchip/xc32/v2.40/bin/bin/../../lib/gcc/pic32c/6.2.1/../../../../pic32c/lib/v8-m.base\libpic32c.a(write.o)

.debug_frame    0x00000000      0xe38
 .debug_frame   0x00000000       0xe4 build/Trustify/production/_ext/551645671/plib_sercom0_usart.o
 .debug_frame   0x000000e4       0x5c build/Trustify/production/_ext/1691900214/main.o
 .debug_frame   0x00000140       0x28 build/Trustify/production/_ext/443878228/initialization.o
 .debug_frame   0x00000168       0x20 build/Trustify/production/_ext/443878228/interrupts.o
 .debug_frame   0x00000188       0x70 build/Trustify/production/_ext/443878228/exceptions.o
 .debug_frame   0x000001f8       0x40 build/Trustify/production/_ext/1743935334/xc32_monitor.o
 .debug_frame   0x00000238       0xc8 build/Trustify/production/_ext/587460250/plib_systick.o
 .debug_frame   0x00000300       0x28 build/Trustify/production/_ext/443878228/startup_xc32.o
 .debug_frame   0x00000328       0x98 build/Trustify/production/_ext/445289233/plib_eic.o
 .debug_frame   0x000003c0       0x20 build/Trustify/production/_ext/2004903332/bsp.o
 .debug_frame   0x000003e0       0x2c c:/program files/microchip/xc32/v2.40/bin/bin/../../lib/gcc/pic32c/6.2.1/../../../../pic32c/lib/v8-m.base\libpic32c.a(data_init.o)
 .debug_frame   0x0000040c       0x2c c:/program files/microchip/xc32/v2.40/bin/bin/../../lib/gcc/pic32c/6.2.1/../../../../pic32c/lib/v8-m.base\libc_nano.a(lib_a-init.o)
 .debug_frame   0x00000438       0x30 c:/program files/microchip/xc32/v2.40/bin/bin/../../lib/gcc/pic32c/6.2.1/../../../../pic32c/lib/v8-m.base\libc_nano.a(_lib_a-printf.cdnopuxX.o)
 .debug_frame   0x00000468       0x44 c:/program files/microchip/xc32/v2.40/bin/bin/../../lib/gcc/pic32c/6.2.1/../../../../pic32c/lib/v8-m.base\libc_nano.a(lib_a-puts.o)
 .debug_frame   0x000004ac       0x48 c:/program files/microchip/xc32/v2.40/bin/bin/../../lib/gcc/pic32c/6.2.1/../../../../pic32c/lib/v8-m.base\libc_nano.a(lib_a-wbuf.o)
 .debug_frame   0x000004f4       0x2c c:/program files/microchip/xc32/v2.40/bin/bin/../../lib/gcc/pic32c/6.2.1/../../../../pic32c/lib/v8-m.base\libc_nano.a(lib_a-wsetup.o)
 .debug_frame   0x00000520       0x68 c:/program files/microchip/xc32/v2.40/bin/bin/../../lib/gcc/pic32c/6.2.1/../../../../pic32c/lib/v8-m.base\libc_nano.a(lib_a-fflush.o)
 .debug_frame   0x00000588       0xb0 c:/program files/microchip/xc32/v2.40/bin/bin/../../lib/gcc/pic32c/6.2.1/../../../../pic32c/lib/v8-m.base\libc_nano.a(lib_a-findfp.o)
 .debug_frame   0x00000638       0x58 c:/program files/microchip/xc32/v2.40/bin/bin/../../lib/gcc/pic32c/6.2.1/../../../../pic32c/lib/v8-m.base\libc_nano.a(lib_a-fwalk.o)
 .debug_frame   0x00000690       0x54 c:/program files/microchip/xc32/v2.40/bin/bin/../../lib/gcc/pic32c/6.2.1/../../../../pic32c/lib/v8-m.base\libc_nano.a(lib_a-makebuf.o)
 .debug_frame   0x000006e4       0x20 c:/program files/microchip/xc32/v2.40/bin/bin/../../lib/gcc/pic32c/6.2.1/../../../../pic32c/lib/v8-m.base\libc_nano.a(lib_a-memset.o)