Archive member included to satisfy reference by file (symbol)

c:/program files/microchip/xc32/v2.40/bin/bin/../../lib/gcc/pic32c/6.2.1/../../../../pic32c/lib/v8-m.base\libpic32c.a(data_init.o)
                              build/Trustify/debug/_ext/1060005641/startup_xc32.o (__pic32c_data_initialization)
c:/program files/microchip/xc32/v2.40/bin/bin/../../lib/gcc/pic32c/6.2.1/v8-m.base\libgcc.a(_aeabi_uldivmod.o)
                              build/Trustify/debug/_ext/1247632078/plib_sercom0_usart.o (__aeabi_uldivmod)
c:/program files/microchip/xc32/v2.40/bin/bin/../../lib/gcc/pic32c/6.2.1/v8-m.base\libgcc.a(_muldi3.o)
                              build/Trustify/debug/_ext/1247632078/plib_sercom0_usart.o (__aeabi_lmul)
c:/program files/microchip/xc32/v2.40/bin/bin/../../lib/gcc/pic32c/6.2.1/v8-m.base\libgcc.a(_udivmoddi4.o)
                              c:/program files/microchip/xc32/v2.40/bin/bin/../../lib/gcc/pic32c/6.2.1/v8-m.base\libgcc.a(_aeabi_uldivmod.o) (__udivmoddi4)
c:/program files/microchip/xc32/v2.40/bin/bin/../../lib/gcc/pic32c/6.2.1/v8-m.base\libgcc.a(_dvmd_tls.o)
                              c:/program files/microchip/xc32/v2.40/bin/bin/../../lib/gcc/pic32c/6.2.1/v8-m.base\libgcc.a(_aeabi_uldivmod.o) (__aeabi_ldiv0)
c:/program files/microchip/xc32/v2.40/bin/bin/../../lib/gcc/pic32c/6.2.1/v8-m.base\libgcc.a(_clzsi2.o)
                              c:/program files/microchip/xc32/v2.40/bin/bin/../../lib/gcc/pic32c/6.2.1/v8-m.base\libgcc.a(_udivmoddi4.o) (__clzsi2)
c:/program files/microchip/xc32/v2.40/bin/bin/../../lib/gcc/pic32c/6.2.1/../../../../pic32c/lib/v8-m.base\libg_nano.a(lib_a-init.o)
                              build/Trustify/debug/_ext/1060005641/startup_xc32.o (__libc_init_array)
c:/program files/microchip/xc32/v2.40/bin/bin/../../lib/gcc/pic32c/6.2.1/../../../../pic32c/lib/v8-m.base\libg_nano.a(lib_a-memcpy-stub.o)
                              build/Trustify/debug/_ext/2117940715/plib_nvmctrl.o (memcpy)
c:/program files/microchip/xc32/v2.40/bin/bin/../../lib/gcc/pic32c/6.2.1/../../../../pic32c/lib/v8-m.base\libg_nano.a(_lib_a-printf.cdnopuxX.o)
                              (_printf_cdnopuxX)
c:/program files/microchip/xc32/v2.40/bin/bin/../../lib/gcc/pic32c/6.2.1/../../../../pic32c/lib/v8-m.base\libg_nano.a(lib_a-puts.o)
                              build/Trustify/debug/_ext/1360937237/main.o (puts)
c:/program files/microchip/xc32/v2.40/bin/bin/../../lib/gcc/pic32c/6.2.1/../../../../pic32c/lib/v8-m.base\libg_nano.a(lib_a-wbuf.o)
                              c:/program files/microchip/xc32/v2.40/bin/bin/../../lib/gcc/pic32c/6.2.1/../../../../pic32c/lib/v8-m.base\libg_nano.a(lib_a-puts.o) (__swbuf_r)
c:/program files/microchip/xc32/v2.40/bin/bin/../../lib/gcc/pic32c/6.2.1/../../../../pic32c/lib/v8-m.base\libg_nano.a(lib_a-wsetup.o)
                              c:/program files/microchip/xc32/v2.40/bin/bin/../../lib/gcc/pic32c/6.2.1/../../../../pic32c/lib/v8-m.base\libg_nano.a(lib_a-puts.o) (__swsetup_r)
c:/program files/microchip/xc32/v2.40/bin/bin/../../lib/gcc/pic32c/6.2.1/../../../../pic32c/lib/v8-m.base\libg_nano.a(lib_a-fflush.o)
                              c:/program files/microchip/xc32/v2.40/bin/bin/../../lib/gcc/pic32c/6.2.1/../../../../pic32c/lib/v8-m.base\libg_nano.a(lib_a-wbuf.o) (_fflush_r)
c:/program files/microchip/xc32/v2.40/bin/bin/../../lib/gcc/pic32c/6.2.1/../../../../pic32c/lib/v8-m.base\libg_nano.a(lib_a-findfp.o)
                              c:/program files/microchip/xc32/v2.40/bin/bin/../../lib/gcc/pic32c/6.2.1/../../../../pic32c/lib/v8-m.base\libg_nano.a(lib_a-puts.o) (__sinit)
c:/program files/microchip/xc32/v2.40/bin/bin/../../lib/gcc/pic32c/6.2.1/../../../../pic32c/lib/v8-m.base\libg_nano.a(lib_a-fwalk.o)
                              c:/program files/microchip/xc32/v2.40/bin/bin/../../lib/gcc/pic32c/6.2.1/../../../../pic32c/lib/v8-m.base\libg_nano.a(lib_a-fflush.o) (_fwalk_reent)
c:/program files/microchip/xc32/v2.40/bin/bin/../../lib/gcc/pic32c/6.2.1/../../../../pic32c/lib/v8-m.base\libg_nano.a(lib_a-impure.o)
                              c:/program files/microchip/xc32/v2.40/bin/bin/../../lib/gcc/pic32c/6.2.1/../../../../pic32c/lib/v8-m.base\libg_nano.a(lib_a-fflush.o) (_global_impure_ptr)
c:/program files/microchip/xc32/v2.40/bin/bin/../../lib/gcc/pic32c/6.2.1/../../../../pic32c/lib/v8-m.base\libg_nano.a(lib_a-makebuf.o)
                              c:/program files/microchip/xc32/v2.40/bin/bin/../../lib/gcc/pic32c/6.2.1/../../../../pic32c/lib/v8-m.base\libg_nano.a(lib_a-wsetup.o) (__smakebuf_r)
c:/program files/microchip/xc32/v2.40/bin/bin/../../lib/gcc/pic32c/6.2.1/../../../../pic32c/lib/v8-m.base\libg_nano.a(lib_a-memset.o)
                              c:/program files/microchip/xc32/v2.40/bin/bin/../../lib/gcc/pic32c/6.2.1/../../../../pic32c/lib/v8-m.base\libg_nano.a(lib_a-findfp.o) (memset)
c:/program files/microchip/xc32/v2.40/bin/bin/../../lib/gcc/pic32c/6.2.1/../../../../pic32c/lib/v8-m.base\libg_nano.a(lib_a-nano-freer.o)
[...]
Memory Configuration

Name             Origin             Length             Attributes
rom              0x00000000         0x00008000         xrl
ram              0x20000000         0x00002000         xw !r
config_00804000  0x00804000         0x00000004
config_00804004  0x00804004         0x00000004
config_00804008  0x00804008         0x00000004
config_0080400C  0x0080400c         0x00000004
config_00804010  0x00804010         0x00000004
config_00804014  0x00804014         0x00000004
config_00804018  0x00804018         0x00000004
config_0080401C  0x0080401c         0x00000004
config_0080C000  0x0080c000         0x00000004
config_0080C004  0x0080c004         0x00000004
config_0080C008  0x0080c008         0x00000004
config_0080C010  0x0080c010         0x00000004
config_0080C014  0x0080c014         0x00000004
config_0080C018  0x0080c018         0x00000004
config_0080C01C  0x0080c01c         0x00000004
config_0080C020  0x0080c020         0x00000004
config_0080C024  0x0080c024         0x00000004
config_0080C028  0x0080c028         0x00000004
config_0080C02C  0x0080c02c         0x00000004
config_0080C030  0x0080c030         0x00000004
config_0080C034  0x0080c034         0x00000004
config_0080C038  0x0080c038         0x00000004
config_0080C03C  0x0080c03c         0x00000004
config_0080C040  0x0080c040         0x00000004
config_0080C044  0x0080c044         0x00000004
config_0080C048  0x0080c048         0x00000004
config_0080C04C  0x0080c04c         0x00000004
config_0080C050  0x0080c050         0x00000004
config_0080C054  0x0080c054         0x00000004
config_0080C058  0x0080c058         0x00000004
config_0080C05C  0x0080c05c         0x00000004
config_0080C060  0x0080c060         0x00000004
config_0080C064  0x0080c064         0x00000004
config_0080C068  0x0080c068         0x00000004
config_0080C06C  0x0080c06c         0x00000004
config_0080C0E0  0x0080c0e0         0x00000004
config_0080C0E4  0x0080c0e4         0x00000004
config_0080C0E8  0x0080c0e8         0x00000004
config_0080C0EC  0x0080c0ec         0x00000004
config_0080C0F0  0x0080c0f0         0x00000004
config_0080C0F4  0x0080c0f4         0x00000004
config_0080C0F8  0x0080c0f8         0x00000004
config_0080C0FC  0x0080c0fc         0x00000004
*default*        0x00000000         0xffffffff

Linker script and memory map

LOAD c:/program files/microchip/xc32/v2.40/bin/bin/../../lib/gcc/pic32c/6.2.1/v8-m.base/crti.o
LOAD c:/program files/microchip/xc32/v2.40/bin/bin/../../lib/gcc/pic32c/6.2.1/v8-m.base/crtbegin.o
LOAD build/Trustify/debug/_ext/2117940715/plib_nvmctrl.o
LOAD build/Trustify/debug/_ext/1025033151/plib_evsys.o
LOAD build/Trustify/debug/_ext/1247632078/plib_sercom0_usart.o
LOAD build/Trustify/debug/_ext/1958438824/plib_pm.o
LOAD build/Trustify/debug/_ext/1360937237/main.o
LOAD build/Trustify/debug/_ext/1060005641/initialization.o
LOAD build/Trustify/debug/_ext/1060005641/interrupts.o
LOAD build/Trustify/debug/_ext/1060005641/exceptions.o
LOAD build/Trustify/debug/_ext/874600305/xc32_monitor.o
LOAD build/Trustify/debug/_ext/864028644/plib_port.o
LOAD build/Trustify/debug/_ext/1027182637/plib_clock.o
LOAD build/Trustify/debug/_ext/864081795/plib_nvic.o
LOAD build/Trustify/debug/_ext/1883465617/plib_systick.o
LOAD build/Trustify/debug/_ext/1060005641/startup_xc32.o
LOAD build/Trustify/debug/_ext/1060005641/libc_syscalls.o
LOAD build/Trustify/debug/_ext/582071996/plib_eic.o
                0x00000001                __MPLAB_BUILD = 0x1
                0x00000001                __ICD2RAM = 0x1
                0x00000001                __MPLAB_DEBUG = 0x1
                0x00000001                __DEBUG = 0x1
                0x00000200                _min_heap_size = 0x200
START GROUP
LOAD c:/program files/microchip/xc32/v2.40/bin/bin/../../lib/gcc/pic32c/6.2.1/../../../../pic32c/lib/v8-m.base\libpic32c.a
LOAD c:/program files/microchip/xc32/v2.40/bin/bin/../../lib/gcc/pic32c/6.2.1/v8-m.base\libgcc.a
LOAD c:/program files/microchip/xc32/v2.40/bin/bin/../../lib/gcc/pic32c/6.2.1/../../../../pic32c/lib/v8-m.base\libg_nano.a
LOAD c:/program files/microchip/xc32/v2.40/bin/bin/../../lib/gcc/pic32c/6.2.1/../../../../pic32c/lib/v8-m.base\libm_nano.a
LOAD c:/program files/microchip/xc32/v2.40/bin/bin/../../lib/gcc/pic32c/6.2.1/../../../../pic32c/lib/v8-m.base\libc_nano.a
END GROUP
LOAD c:/program files/microchip/xc32/v2.40/bin/bin/../../lib/gcc/pic32c/6.2.1/v8-m.base/crtend.o
LOAD c:/program files/microchip/xc32/v2.40/bin/bin/../../lib/gcc/pic32c/6.2.1/v8-m.base/crtn.o
                0x00008000                __rom_end = (ORIGIN (rom) + LENGTH (rom))
                0x00008000                __rom_nsc_end = (ORIGIN (rom_nsc) + LENGTH (rom_nsc))
                0x20002000                __ram_end = (ORIGIN (ram) + LENGTH (ram))

.config_00804000
                0x00804000        0x4
 *(.config_00804000)
 .config_00804000
                0x00804000        0x4 build/Trustify/debug/_ext/1060005641/initialization.o

.config_00804004
                0x00804004        0x4
 *(.config_00804004)
 .config_00804004
                0x00804004        0x4 build/Trustify/debug/_ext/1060005641/initialization.o

.config_00804008
 *(.config_00804008)

.config_0080400C
 *(.config_0080400C)

.config_00804010
 *(.config_00804010)

.config_00804014
 *(.config_00804014)

.config_00804018
 *(.config_00804018)

.config_0080401C
 *(.config_0080401C)

.config_0080C000
 *(.config_0080C000)

.config_0080C004
 *(.config_0080C004)

.config_0080C008
 *(.config_0080C008)

.config_0080C010
 *(.config_0080C010)

.config_0080C014
 *(.config_0080C014)

.config_0080C018
 *(.config_0080C018)

.config_0080C01C
 *(.config_0080C01C)

.config_0080C020
 *(.config_0080C020)

.config_0080C024
 *(.config_0080C024)

.config_0080C028
 *(.config_0080C028)

.config_0080C02C
 *(.config_0080C02C)

.config_0080C030
 *(.config_0080C030)

.config_0080C034
 *(.config_0080C034)

.config_0080C038
 *(.config_0080C038)

.config_0080C03C
 *(.config_0080C03C)

.config_0080C040
 *(.config_0080C040)

.config_0080C044
 *(.config_0080C044)

.config_0080C048
 *(.config_0080C048)

.config_0080C04C
 *(.config_0080C04C)

.config_0080C050
 *(.config_0080C050)

.config_0080C054
 *(.config_0080C054)

.config_0080C058
 *(.config_0080C058)

.config_0080C05C
 *(.config_0080C05C)

.config_0080C060
 *(.config_0080C060)

.config_0080C064
 *(.config_0080C064)

.config_0080C068
 *(.config_0080C068)

.config_0080C06C
 *(.config_0080C06C)

.config_0080C0E0
 *(.config_0080C0E0)

.config_0080C0E4
 *(.config_0080C0E4)

.config_0080C0E8
 *(.config_0080C0E8)

.config_0080C0EC
 *(.config_0080C0EC)

.config_0080C0F0
 *(.config_0080C0F0)

.config_0080C0F4
 *(.config_0080C0F4)

.config_0080C0F8
 *(.config_0080C0F8)

.config_0080C0FC
 *(.config_0080C0FC)

.vectors        0x00000000       0xf4
                0x00000000                . = ALIGN (0x4)
                0x00000000                _sfixed = .
 *(.vectors .vectors.* .vectors_default .vectors_default.*)
 .vectors       0x00000000       0xf4 build/Trustify/debug/_ext/1060005641/interrupts.o
                0x00000000                exception_table
 *(.isr_vector)
 *(.reset*)
 *(.after_vectors)

.text           0x000000f4       0x20
                0x000000f4                . = ALIGN (0x4)
 *(.glue_7t)
 .glue_7t       0x000000f4        0x0 linker stubs
 *(.glue_7)
 .glue_7        0x000000f4        0x0 linker stubs
 *(.gnu.linkonce.r.*)
 *(.ARM.extab* .gnu.linkonce.armextab.*)
                0x000000f4                . = ALIGN (0x4)
 *(.init)
 .init          0x000000f4        0x4 c:/program files/microchip/xc32/v2.40/bin/bin/../../lib/gcc/pic32c/6.2.1/v8-m.base/crti.o
                0x000000f4                _init
 .init          0x000000f8        0x8 c:/program files/microchip/xc32/v2.40/bin/bin/../../lib/gcc/pic32c/6.2.1/v8-m.base/crtn.o
                0x00000100                . = ALIGN (0x4)
                0x00000100                __preinit_array_start = .
 *(.preinit_array)
                0x00000100                __preinit_array_end = .
                0x00000100                . = ALIGN (0x4)
                0x00000100                __init_array_start = .
 *(SORT(.init_array.*))
 *(.init_array)
 .init_array    0x00000100        0x4 c:/program files/microchip/xc32/v2.40/bin/bin/../../lib/gcc/pic32c/6.2.1/v8-m.base/crtbegin.o
                0x00000104                __init_array_end = .
                0x00000104                . = ALIGN (0x4)
 *crtbegin.o(.ctors)
 *(EXCLUDE_FILE(*crtend.o) .ctors)
 *(SORT(.ctors.*))
 *crtend.o(.ctors)
                0x00000104                . = ALIGN (0x4)
 *(.fini)
 .fini          0x00000104        0x4 c:/program files/microchip/xc32/v2.40/bin/bin/../../lib/gcc/pic32c/6.2.1/v8-m.base/crti.o
                0x00000104                _fini
 .fini          0x00000108        0x8 c:/program files/microchip/xc32/v2.40/bin/bin/../../lib/gcc/pic32c/6.2.1/v8-m.base/crtn.o
                0x00000110                . = ALIGN (0x4)
                0x00000110                __fini_array_start = .
 *(.fini_array)
 .fini_array    0x00000110        0x4 c:/program files/microchip/xc32/v2.40/bin/bin/../../lib/gcc/pic32c/6.2.1/v8-m.base/crtbegin.o
 *(SORT(.fini_array.*))
                0x00000114                __fini_array_end = .
 *crtbegin.o(.dtors)
 *(EXCLUDE_FILE(*crtend.o) .dtors)
 *(SORT(.dtors.*))
 *crtend.o(.dtors)
                0x00000114                . = ALIGN (0x4)
                0x00000114                _efixed = .
                [!provide]                PROVIDE (__exidx_start, .)

.ARM.exidx
 *(.ARM.exidx* .gnu.linkonce.armexidx.*)
                [!provide]                PROVIDE (__exidx_end, .)
                0x00000114                . = ALIGN (0x4)
                0x00000114                _etext = .
                0x00000114                . = ALIGN (0x4)

.gnu.sgstubs    0x00008000        0x0
                0x00008000                _ssgstubs = .

.bss            0x20000000       0x70
                0x20000000                . = ALIGN (0x4)
                0x20000000                __bss_start__ = .
                0x20000000                _sbss = .
                0x20000000                _szero = .
 *(COMMON)
 COMMON         0x20000000        0xc build/Trustify/debug/_ext/1883465617/plib_systick.o
                0x20000000                systick
 COMMON         0x2000000c       0x60 build/Trustify/debug/_ext/582071996/plib_eic.o
                0x2000000c                eicCallbackObject
 COMMON         0x2000006c        0x4 c:/program files/microchip/xc32/v2.40/bin/bin/../../lib/gcc/pic32c/6.2.1/../../../../pic32c/lib/v8-m.base\libg_nano.a(lib_a-reent.o)
                0x2000006c                errno
                0x20000070                . = ALIGN (0x4)
                0x20000070                __bss_end__ = .
                0x20000070                _ebss = .
                0x20000070                _ezero = .
                0x20000070                . = ALIGN (0x4)
                0x20000070                _end = .
                0x20001fff                _ram_end_ = ((ORIGIN (ram) + LENGTH (ram)) - 0x1)
OUTPUT(dist/Trustify/debug/Board_Test.X.debug.elf elf32-littlearm)
LOAD stack
LOAD data_init

.ARM.attributes
                0x00000000       0x2c
 .ARM.attributes
                0x00000000       0x22 c:/program files/microchip/xc32/v2.40/bin/bin/../../lib/gcc/pic32c/6.2.1/v8-m.base/crti.o
 .ARM.attributes
                0x00000022       0x30 c:/program files/microchip/xc32/v2.40/bin/bin/../../lib/gcc/pic32c/6.2.1/v8-m.base/crtbegin.o
 .ARM.attributes
                0x00000052       0x32 build/Trustify/debug/_ext/2117940715/plib_nvmctrl.o
 .ARM.attributes
                0x00000084       0x32 build/Trustify/debug/_ext/1025033151/plib_evsys.o
 .ARM.attributes
                0x000000b6       0x32 build/Trustify/debug/_ext/1247632078/plib_sercom0_usart.o
 .ARM.attributes
                0x000000e8       0x32 build/Trustify/debug/_ext/1958438824/plib_pm.o
 .ARM.attributes
                0x0000011a       0x32 build/Trustify/debug/_ext/1360937237/main.o
 .ARM.attributes
                0x0000014c       0x32 build/Trustify/debug/_ext/1060005641/initialization.o
 .ARM.attributes
                0x0000017e       0x32 build/Trustify/debug/_ext/1060005641/interrupts.o
 .ARM.attributes
                0x000001b0       0x32 build/Trustify/debug/_ext/1060005641/exceptions.o
 .ARM.attributes
                0x000001e2       0x32 build/Trustify/debug/_ext/874600305/xc32_monitor.o
 .ARM.attributes
                0x00000214       0x32 build/Trustify/debug/_ext/864028644/plib_port.o
 .ARM.attributes
                0x00000246       0x32 build/Trustify/debug/_ext/1027182637/plib_clock.o
 .ARM.attributes
                0x00000278       0x32 build/Trustify/debug/_ext/864081795/plib_nvic.o
 .ARM.attributes
                0x000002aa       0x32 build/Trustify/debug/_ext/1883465617/plib_systick.o
 .ARM.attributes
                0x000002dc       0x32 build/Trustify/debug/_ext/1060005641/startup_xc32.o
 .ARM.attributes
                0x0000030e       0x32 build/Trustify/debug/_ext/582071996/plib_eic.o
 .ARM.attributes
                0x00000340       0x30 c:/program files/microchip/xc32/v2.40/bin/bin/../../lib/gcc/pic32c/6.2.1/../../../../pic32c/lib/v8-m.base\libpic32c.a(data_init.o)
 .ARM.attributes
                0x00000370       0x30 c:/program files/microchip/xc32/v2.40/bin/bin/../../lib/gcc/pic32c/6.2.1/../../../../pic32c/lib/v8-m.base\libg_nano.a(lib_a-init.o)
 .ARM.attributes
                0x000003a0       0x30 c:/program files/microchip/xc32/v2.40/bin/bin/../../lib/gcc/pic32c/6.2.1/../../../../pic32c/lib/v8-m.base\libg_nano.a(_lib_a-printf.cdnopuxX.o)
 .ARM.attributes
                0x000003d0       0x30 c:/program files/microchip/xc32/v2.40/bin/bin/../../lib/gcc/pic32c/6.2.1/../../../../pic32c/lib/v8-m.base\libg_nano.a(lib_a-puts.o)
 .ARM.attributes
                0x00000400       0x30 c:/program files/microchip/xc32/v2.40/bin/bin/../../lib/gcc/pic32c/6.2.1/../../../../pic32c/lib/v8-m.base\libg_nano.a(lib_a-wbuf.o)
 .ARM.attributes
                0x00000430       0x30 c:/program files/microchip/xc32/v2.40/bin/bin/../../lib/gcc/pic32c/6.2.1/../../../../pic32c/lib/v8-m.base\libg_nano.a(lib_a-wsetup.o)
 .ARM.attributes
                0x00000460       0x30 c:/program files/microchip/xc32/v2.40/bin/bin/../../lib/gcc/pic32c/6.2.1/../../../../pic32c/lib/v8-m.base\libg_nano.a(lib_a-fflush.o)
 .ARM.attributes
                0x00000490       0x30 c:/program files/microchip/xc32/v2.40/bin/bin/../../lib/gcc/pic32c/6.2.1/../../../../pic32c/lib/v8-m.base\libg_nano.a(lib_a-findfp.o)
 .ARM.attributes
                0x000004c0       0x30 c:/program files/microchip/xc32/v2.40/bin/bin/../../lib/gcc/pic32c/6.2.1/../../../../pic32c/lib/v8-m.base\libg_nano.a(lib_a-fwalk.o)
 .ARM.attributes
                0x000004f0       0x30 c:/program files/microchip/xc32/v2.40/bin/bin/../../lib/gcc/pic32c/6.2.1/../../../../pic32c/lib/v8-m.base\libg_nano.a(lib_a-impure.o)
 .ARM.attributes
                0x00000520       0x30 c:/program files/microchip/xc32/v2.40/bin/bin/../../lib/gcc/pic32c/6.2.1/../../../../pic32c/lib/v8-m.base\libg_nano.a(lib_a-makebuf.o)
 .ARM.attributes
                0x00000550       0x30 c:/program files/microchip/xc32/v2.40/bin/bin/../../lib/gcc/pic32c/6.2.1/../../../../pic32c/lib/v8-m.base\libg_nano.a(lib_a-memset.o)
 .ARM.attributes
                0x00000580       0x30 c:/program files/microchip/xc32/v2.40/bin/bin/../../lib/gcc/pic32c/6.2.1/../../../../pic32c/lib/v8-m.base\libg_nano.a(lib_a-nano-freer.o)
 .ARM.attributes
                0x000005b0       0x30 c:/program files/microchip/xc32/v2.40/bin/bin/../../lib/gcc/pic32c/6.2.1/../../../../pic32c/lib/v8-m.base\libg_nano.a(lib_a-nano-mallocr.o)
 .ARM.attributes
                0x000005e0       0x30 c:/program files/microchip/xc32/v2.40/bin/bin/../../lib/gcc/pic32c/6.2.1/../../../../pic32c/lib/v8-m.base\libg_nano.a(_lib_a-nano-vfprintf.cdnopuxX.o)
 .ARM.attributes
                0x00000610       0x30 c:/program files/microchip/xc32/v2.40/bin/bin/../../lib/gcc/pic32c/6.2.1/../../../../pic32c/lib/v8-m.base\libg_nano.a(lib_a-nano-vfprintf_i.o)
 .ARM.attributes
                0x00000640       0x30 c:/program files/microchip/xc32/v2.40/bin/bin/../../lib/gcc/pic32c/6.2.1/../../../../pic32c/lib/v8-m.base\libg_nano.a(lib_a-sbrkr.o)
 .ARM.attributes
                0x00000670       0x30 c:/program files/microchip/xc32/v2.40/bin/bin/../../lib/gcc/pic32c/6.2.1/../../../../pic32c/lib/v8-m.base\libg_nano.a(lib_a-__ssfputs.o)
 .ARM.attributes
                0x000006a0       0x30 c:/program files/microchip/xc32/v2.40/bin/bin/../../lib/gcc/pic32c/6.2.1/../../../../pic32c/lib/v8-m.base\libg_nano.a(lib_a-stdio.o)
 .ARM.attributes
                0x000006d0       0x30 c:/program files/microchip/xc32/v2.40/bin/bin/../../lib/gcc/pic32c/6.2.1/../../../../pic32c/lib/v8-m.base\libg_nano.a(lib_a-writer.o)
 .ARM.attributes
                0x00000700       0x30 c:/program files/microchip/xc32/v2.40/bin/bin/../../lib/gcc/pic32c/6.2.1/../../../../pic32c/lib/v8-m.base\libg_nano.a(lib_a-closer.o)
 .ARM.attributes
                0x00000730       0x30 c:/program files/microchip/xc32/v2.40/bin/bin/../../lib/gcc/pic32c/6.2.1/../../../../pic32c/lib/v8-m.base\libg_nano.a(lib_a-fputwc.o)
 .ARM.attributes
                0x00000760       0x30 c:/program files/microchip/xc32/v2.40/bin/bin/../../lib/gcc/pic32c/6.2.1/../../../../pic32c/lib/v8-m.base\libg_nano.a(lib_a-fstatr.o)
 .ARM.attributes
                0x00000790       0x30 c:/program files/microchip/xc32/v2.40/bin/bin/../../lib/gcc/pic32c/6.2.1/../../../../pic32c/lib/v8-m.base\libg_nano.a(lib_a-isattyr.o)
 .ARM.attributes
                0x000007c0       0x30 c:/program files/microchip/xc32/v2.40/bin/bin/../../lib/gcc/pic32c/6.2.1/../../../../pic32c/lib/v8-m.base\libg_nano.a(lib_a-locale.o)
 .ARM.attributes
                0x000007f0       0x30 c:/program files/microchip/xc32/v2.40/bin/bin/../../lib/gcc/pic32c/6.2.1/../../../../pic32c/lib/v8-m.base\libg_nano.a(lib_a-lseekr.o)
 .ARM.attributes
                0x00000820       0x30 c:/program files/microchip/xc32/v2.40/bin/bin/../../lib/gcc/pic32c/6.2.1/../../../../pic32c/lib/v8-m.base\libg_nano.a(lib_a-mbtowc_r.o)
 .ARM.attributes
                0x00000850       0x30 c:/program files/microchip/xc32/v2.40/bin/bin/../../lib/gcc/pic32c/6.2.1/../../../../pic32c/lib/v8-m.base\libg_nano.a(lib_a-memchr-stub.o)
 .ARM.attributes
                0x00000880       0x30 c:/program files/microchip/xc32/v2.40/bin/bin/../../lib/gcc/pic32c/6.2.1/../../../../pic32c/lib/v8-m.base\libg_nano.a(lib_a-mlock.o)
 .ARM.attributes
                0x000008b0       0x30 c:/program files/microchip/xc32/v2.40/bin/bin/../../lib/gcc/pic32c/6.2.1/../../../../pic32c/lib/v8-m.base\libg_nano.a(lib_a-readr.o)
 .ARM.attributes
                0x000008e0       0x30 c:/program files/microchip/xc32/v2.40/bin/bin/../../lib/gcc/pic32c/6.2.1/../../../../pic32c/lib/v8-m.base\libg_nano.a(lib_a-reent.o)
 .ARM.attributes
                0x00000910       0x30 c:/program files/microchip/xc32/v2.40/bin/bin/../../lib/gcc/pic32c/6.2.1/../../../../pic32c/lib/v8-m.base\libg_nano.a(lib_a-wcrtomb.o)
 .ARM.attributes
                0x00000940       0x30 c:/program files/microchip/xc32/v2.40/bin/bin/../../lib/gcc/pic32c/6.2.1/../../../../pic32c/lib/v8-m.base\libg_nano.a(lib_a-wctomb_r.o)
 .ARM.attributes
                0x00000970       0x30 c:/program files/microchip/xc32/v2.40/bin/bin/../../lib/gcc/pic32c/6.2.1/../../../../pic32c/lib/v8-m.base\libg_nano.a(lib_a-ctype_.o)
 .ARM.attributes
                0x000009a0       0x30 c:/program files/microchip/xc32/v2.40/bin/bin/../../lib/gcc/pic32c/6.2.1/../../../../pic32c/lib/v8-m.base\libpic32c.a(_close.o)
 .ARM.attributes
                0x000009d0       0x30 c:/program files/microchip/xc32/v2.40/bin/bin/../../lib/gcc/pic32c/6.2.1/../../../../pic32c/lib/v8-m.base\libpic32c.a(_fstat.o)
 .ARM.attributes
                0x00000a00       0x30 c:/program files/microchip/xc32/v2.40/bin/bin/../../lib/gcc/pic32c/6.2.1/../../../../pic32c/lib/v8-m.base\libpic32c.a(_isatty.o)
 .ARM.attributes
                0x00000a30       0x30 c:/program files/microchip/xc32/v2.40/bin/bin/../../lib/gcc/pic32c/6.2.1/../../../../pic32c/lib/v8-m.base\libpic32c.a(_lseek.o)
 .ARM.attributes
                0x00000a60       0x30 c:/program files/microchip/xc32/v2.40/bin/bin/../../lib/gcc/pic32c/6.2.1/../../../../pic32c/lib/v8-m.base\libpic32c.a(_read.o)
 .ARM.attributes
                0x00000a90       0x30 c:/program files/microchip/xc32/v2.40/bin/bin/../../lib/gcc/pic32c/6.2.1/../../../../pic32c/lib/v8-m.base\libpic32c.a(sbrk.o)
 .ARM.attributes
                0x00000ac0       0x30 c:/program files/microchip/xc32/v2.40/bin/bin/../../lib/gcc/pic32c/6.2.1/../../../../pic32c/lib/v8-m.base\libpic32c.a(_write.o)
 .ARM.attributes
                0x00000af0       0x30 c:/program files/microchip/xc32/v2.40/bin/bin/../../lib/gcc/pic32c/6.2.1/../../../../pic32c/lib/v8-m.base\libpic32c.a(close.o)
 .ARM.attributes
                0x00000b20       0x30 c:/program files/microchip/xc32/v2.40/bin/bin/../../lib/gcc/pic32c/6.2.1/../../../../pic32c/lib/v8-m.base\libpic32c.a(fstat.o)
 .ARM.attributes
                0x00000b50       0x30 c:/program files/microchip/xc32/v2.40/bin/bin/../../lib/gcc/pic32c/6.2.1/../../../../pic32c/lib/v8-m.base\libpic32c.a(isatty.o)
 .ARM.attributes
                0x00000b80       0x30 c:/program files/microchip/xc32/v2.40/bin/bin/../../lib/gcc/pic32c/6.2.1/../../../../pic32c/lib/v8-m.base\libpic32c.a(lseek.o)
 .ARM.attributes
                0x00000bb0       0x30 c:/program files/microchip/xc32/v2.40/bin/bin/../../lib/gcc/pic32c/6.2.1/../../../../pic32c/lib/v8-m.base\libpic32c.a(read.o)
 .ARM.attributes
                0x00000be0       0x30 c:/program files/microchip/xc32/v2.40/bin/bin/../../lib/gcc/pic32c/6.2.1/../../../../pic32c/lib/v8-m.base\libpic32c.a(write.o)
 .ARM.attributes
                0x00000c10       0x22 c:/program files/microchip/xc32/v2.40/bin/bin/../../lib/gcc/pic32c/6.2.1/v8-m.base/crtn.o

.comment        0x00000000       0x3c
 .comment       0x00000000       0x3c c:/program files/microchip/xc32/v2.40/bin/bin/../../lib/gcc/pic32c/6.2.1/v8-m.base/crtbegin.o
                                 0x3d (size before relaxing)
 .comment       0x0000003c       0x3d build/Trustify/debug/_ext/2117940715/plib_nvmctrl.o
 .comment       0x0000003c       0x3d build/Trustify/debug/_ext/1025033151/plib_evsys.o
 .comment       0x0000003c       0x3d build/Trustify/debug/_ext/1247632078/plib_sercom0_usart.o
 .comment       0x0000003c       0x3d build/Trustify/debug/_ext/1958438824/plib_pm.o
 .comment       0x0000003c       0x3d build/Trustify/debug/_ext/1360937237/main.o
 .comment       0x0000003c       0x3d build/Trustify/debug/_ext/1060005641/initialization.o
 .comment       0x0000003c       0x3d build/Trustify/debug/_ext/1060005641/interrupts.o
 .comment       0x0000003c       0x3d build/Trustify/debug/_ext/1060005641/exceptions.o
 .comment       0x0000003c       0x3d build/Trustify/debug/_ext/874600305/xc32_monitor.o
 .comment       0x0000003c       0x3d build/Trustify/debug/_ext/864028644/plib_port.o
 .comment       0x0000003c       0x3d build/Trustify/debug/_ext/1027182637/plib_clock.o
 .comment       0x0000003c       0x3d build/Trustify/debug/_ext/864081795/plib_nvic.o
 .comment       0x0000003c       0x3d build/Trustify/debug/_ext/1883465617/plib_systick.o
 .comment       0x0000003c       0x3d build/Trustify/debug/_ext/1060005641/startup_xc32.o
 .comment       0x0000003c       0x3d build/Trustify/debug/_ext/582071996/plib_eic.o
 .comment       0x0000003c       0x3d c:/program files/microchip/xc32/v2.40/bin/bin/../../lib/gcc/pic32c/6.2.1/../../../../pic32c/lib/v8-m.base\libpic32c.a(data_init.o)
 .comment       0x0000003c       0x3d c:/program files/microchip/xc32/v2.40/bin/bin/../../lib/gcc/pic32c/6.2.1/../../../../pic32c/lib/v8-m.base\libg_nano.a(lib_a-init.o)
 .comment       0x0000003c       0x3d c:/program files/microchip/xc32/v2.40/bin/bin/../../lib/gcc/pic32c/6.2.1/../../../../pic32c/lib/v8-m.base\libg_nano.a(_lib_a-printf.cdnopuxX.o)
 .comment       0x0000003c       0x3d c:/program files/microchip/xc32/v2.40/bin/bin/../../lib/gcc/pic32c/6.2.1/../../../../pic32c/lib/v8-m.base\libg_nano.a(lib_a-puts.o)
 .comment       0x0000003c       0x3d c:/program files/microchip/xc32/v2.40/bin/bin/../../lib/gcc/pic32c/6.2.1/../../../../pic32c/lib/v8-m.base\libg_nano.a(lib_a-wbuf.o)
 .comment       0x0000003c       0x3d c:/program files/microchip/xc32/v2.40/bin/bin/../../lib/gcc/pic32c/6.2.1/../../../../pic32c/lib/v8-m.base\libg_nano.a(lib_a-wsetup.o)
 .comment       0x0000003c       0x3d c:/program files/microchip/xc32/v2.40/bin/bin/../../lib/gcc/pic32c/6.2.1/../../../../pic32c/lib/v8-m.base\libg_nano.a(lib_a-fflush.o)
 .comment       0x0000003c       0x3d c:/program files/microchip/xc32/v2.40/bin/bin/../../lib/gcc/pic32c/6.2.1/../../../../pic32c/lib/v8-m.base\libg_nano.a(lib_a-findfp.o)
 .comment       0x0000003c       0x3d c:/program files/microchip/xc32/v2.40/bin/bin/../../lib/gcc/pic32c/6.2.1/../../../../pic32c/lib/v8-m.base\libg_nano.a(lib_a-fwalk.o)
 .comment       0x0000003c       0x3d c:/program files/microchip/xc32/v2.40/bin/bin/../../lib/gcc/pic32c/6.2.1/../../../../pic32c/lib/v8-m.base\libg_nano.a(lib_a-impure.o)
 .comment       0x0000003c       0x3d c:/program files/microchip/xc32/v2.40/bin/bin/../../lib/gcc/pic32c/6.2.1/../../../../pic32c/lib/v8-m.base\libg_nano.a(lib_a-makebuf.o)
 .comment       0x0000003c       0x3d c:/program files/microchip/xc32/v2.40/bin/bin/../../lib/gcc/pic32c/6.2.1/../../../../pic32c/lib/v8-m.base\libg_nano.a(lib_a-memset.o)
 .comment       0x0000003c       0x3d c:/program files/microchip/xc32/v2.40/bin/bin/../../lib/gcc/pic32c/6.2.1/../../../../pic32c/lib/v8-m.base\libg_nano.a(lib_a-nano-freer.o)
 .comment       0x0000003c       0x3d c:/program files/microchip/xc32/v2.40/bin/bin/../../lib/gcc/pic32c/6.2.1/../../../../pic32c/lib/v8-m.base\libg_nano.a(lib_a-nano-mallocr.o)
 .comment       0x0000003c       0x3d c:/program files/microchip/xc32/v2.40/bin/bin/../../lib/gcc/pic32c/6.2.1/../../../../pic32c/lib/v8-m.base\libg_nano.a(_lib_a-nano-vfprintf.cdnopuxX.o)
 .comment       0x0000003c       0x3d c:/program files/microchip/xc32/v2.40/bin/bin/../../lib/gcc/pic32c/6.2.1/../../../../pic32c/lib/v8-m.base\libg_nano.a(lib_a-nano-vfprintf_i.o)
 .comment       0x0000003c       0x3d c:/program files/microchip/xc32/v2.40/bin/bin/../../lib/gcc/pic32c/6.2.1/../../../../pic32c/lib/v8-m.base\libg_nano.a(lib_a-sbrkr.o)
 .comment       0x0000003c       0x3d c:/program files/microchip/xc32/v2.40/bin/bin/../../lib/gcc/pic32c/6.2.1/../../../../pic32c/lib/v8-m.base\libg_nano.a(lib_a-__ssfputs.o)
 .comment       0x0000003c       0x3d c:/program files/microchip/xc32/v2.40/bin/bin/../../lib/gcc/pic32c/6.2.1/../../../../pic32c/lib/v8-m.base\libg_nano.a(lib_a-stdio.o)
 .comment       0x0000003c       0x3d c:/program files/microchip/xc32/v2.40/bin/bin/../../lib/gcc/pic32c/6.2.1/../../../../pic32c/lib/v8-m.base\libg_nano.a(lib_a-writer.o)
 .comment       0x0000003c       0x3d c:/program files/microchip/xc32/v2.40/bin/bin/../../lib/gcc/pic32c/6.2.1/../../../../pic32c/lib/v8-m.base\libg_nano.a(lib_a-closer.o)
 .comment       0x0000003c       0x3d c:/program files/microchip/xc32/v2.40/bin/bin/../../lib/gcc/pic32c/6.2.1/../../../../pic32c/lib/v8-m.base\libg_nano.a(lib_a-fputwc.o)
 .comment       0x0000003c       0x3d c:/program files/microchip/xc32/v2.40/bin/bin/../../lib/gcc/pic32c/6.2.1/../../../../pic32c/lib/v8-m.base\libg_nano.a(lib_a-fstatr.o)
 .comment       0x0000003c       0x3d c:/program files/microchip/xc32/v2.40/bin/bin/../../lib/gcc/pic32c/6.2.1/../../../../pic32c/lib/v8-m.base\libg_nano.a(lib_a-isattyr.o)
 .comment       0x0000003c       0x3d c:/program files/microchip/xc32/v2.40/bin/bin/../../lib/gcc/pic32c/6.2.1/../../../../pic32c/lib/v8-m.base\libg_nano.a(lib_a-locale.o)
 .comment       0x0000003c       0x3d c:/program files/microchip/xc32/v2.40/bin/bin/../../lib/gcc/pic32c/6.2.1/../../../../pic32c/lib/v8-m.base\libg_nano.a(lib_a-lseekr.o)
 .comment       0x0000003c       0x3d c:/program files/microchip/xc32/v2.40/bin/bin/../../lib/gcc/pic32c/6.2.1/../../../../pic32c/lib/v8-m.base\libg_nano.a(lib_a-mbtowc_r.o)
 .comment       0x0000003c       0x3d c:/program files/microchip/xc32/v2.40/bin/bin/../../lib/gcc/pic32c/6.2.1/../../../../pic32c/lib/v8-m.base\libg_nano.a(lib_a-memchr-stub.o)
 .comment       0x0000003c       0x3d c:/program files/microchip/xc32/v2.40/bin/bin/../../lib/gcc/pic32c/6.2.1/../../../../pic32c/lib/v8-m.base\libg_nano.a(lib_a-mlock.o)
 .comment       0x0000003c       0x3d c:/program files/microchip/xc32/v2.40/bin/bin/../../lib/gcc/pic32c/6.2.1/../../../../pic32c/lib/v8-m.base\libg_nano.a(lib_a-readr.o)
 .comment       0x0000003c       0x3d c:/program files/microchip/xc32/v2.40/bin/bin/../../lib/gcc/pic32c/6.2.1/../../../../pic32c/lib/v8-m.base\libg_nano.a(lib_a-reent.o)
 .comment       0x0000003c       0x3d c:/program files/microchip/xc32/v2.40/bin/bin/../../lib/gcc/pic32c/6.2.1/../../../../pic32c/lib/v8-m.base\libg_nano.a(lib_a-wcrtomb.o)
 .comment       0x0000003c       0x3d c:/program files/microchip/xc32/v2.40/bin/bin/../../lib/gcc/pic32c/6.2.1/../../../../pic32c/lib/v8-m.base\libg_nano.a(lib_a-wctomb_r.o)
 .comment       0x0000003c       0x3d c:/program files/microchip/xc32/v2.40/bin/bin/../../lib/gcc/pic32c/6.2.1/../../../../pic32c/lib/v8-m.base\libg_nano.a(lib_a-ctype_.o)
 .comment       0x0000003c       0x3d c:/program files/microchip/xc32/v2.40/bin/bin/../../lib/gcc/pic32c/6.2.1/../../../../pic32c/lib/v8-m.base\libpic32c.a(_close.o)
 .comment       0x0000003c       0x3d c:/program files/microchip/xc32/v2.40/bin/bin/../../lib/gcc/pic32c/6.2.1/../../../../pic32c/lib/v8-m.base\libpic32c.a(_fstat.o)
 .comment       0x0000003c       0x3d c:/program files/microchip/xc32/v2.40/bin/bin/../../lib/gcc/pic32c/6.2.1/../../../../pic32c/lib/v8-m.base\libpic32c.a(_isatty.o)
 .comment       0x0000003c       0x3d c:/program files/microchip/xc32/v2.40/bin/bin/../../lib/gcc/pic32c/6.2.1/../../../../pic32c/lib/v8-m.base\libpic32c.a(_lseek.o)
 .comment       0x0000003c       0x3d c:/program files/microchip/xc32/v2.40/bin/bin/../../lib/gcc/pic32c/6.2.1/../../../../pic32c/lib/v8-m.base\libpic32c.a(_read.o)
 .comment       0x0000003c       0x3d c:/program files/microchip/xc32/v2.40/bin/bin/../../lib/gcc/pic32c/6.2.1/../../../../pic32c/lib/v8-m.base\libpic32c.a(sbrk.o)
 .comment       0x0000003c       0x3d c:/program files/microchip/xc32/v2.40/bin/bin/../../lib/gcc/pic32c/6.2.1/../../../../pic32c/lib/v8-m.base\libpic32c.a(_write.o)
 .comment       0x0000003c       0x3d c:/program files/microchip/xc32/v2.40/bin/bin/../../lib/gcc/pic32c/6.2.1/../../../../pic32c/lib/v8-m.base\libpic32c.a(close.o)
 .comment       0x0000003c       0x3d c:/program files/microchip/xc32/v2.40/bin/bin/../../lib/gcc/pic32c/6.2.1/../../../../pic32c/lib/v8-m.base\libpic32c.a(fstat.o)
 .comment       0x0000003c       0x3d c:/program files/microchip/xc32/v2.40/bin/bin/../../lib/gcc/pic32c/6.2.1/../../../../pic32c/lib/v8-m.base\libpic32c.a(isatty.o)
 .comment       0x0000003c       0x3d c:/program files/microchip/xc32/v2.40/bin/bin/../../lib/gcc/pic32c/6.2.1/../../../../pic32c/lib/v8-m.base\libpic32c.a(lseek.o)
 .comment       0x0000003c       0x3d c:/program files/microchip/xc32/v2.40/bin/bin/../../lib/gcc/pic32c/6.2.1/../../../../pic32c/lib/v8-m.base\libpic32c.a(read.o)
 .comment       0x0000003c       0x3d c:/program files/microchip/xc32/v2.40/bin/bin/../../lib/gcc/pic32c/6.2.1/../../../../pic32c/lib/v8-m.base\libpic32c.a(write.o)

.debug_info     0x00000000    0x33fe3
 .debug_info    0x00000000     0x1532 build/Trustify/debug/_ext/2117940715/plib_nvmctrl.o
 .debug_info    0x00001532      0x332 build/Trustify/debug/_ext/1025033151/plib_evsys.o
 .debug_info    0x00001864     0x1386 build/Trustify/debug/_ext/1247632078/plib_sercom0_usart.o
 .debug_info    0x00002bea      0x581 build/Trustify/debug/_ext/1958438824/plib_pm.o
 .debug_info    0x0000316b     0x1226 build/Trustify/debug/_ext/1360937237/main.o
 .debug_info    0x00004391     0x12be build/Trustify/debug/_ext/1060005641/initialization.o
 .debug_info    0x0000564f     0x1593 build/Trustify/debug/_ext/1060005641/interrupts.o
 .debug_info    0x00006be2      0xf04 build/Trustify/debug/_ext/1060005641/exceptions.o
 .debug_info    0x00007ae6      0xf17 build/Trustify/debug/_ext/874600305/xc32_monitor.o
 .debug_info    0x000089fd      0x845 build/Trustify/debug/_ext/864028644/plib_port.o
 .debug_info    0x00009242      0xa15 build/Trustify/debug/_ext/1027182637/plib_clock.o
 .debug_info    0x00009c57      0x9e2 build/Trustify/debug/_ext/864081795/plib_nvic.o
 .debug_info    0x0000a639      0x682 build/Trustify/debug/_ext/1883465617/plib_systick.o
 .debug_info    0x0000acbb      0xffe build/Trustify/debug/_ext/1060005641/startup_xc32.o
 .debug_info    0x0000bcb9      0x796 build/Trustify/debug/_ext/582071996/plib_eic.o
 .debug_info    0x0000c44f      0x238 c:/program files/microchip/xc32/v2.40/bin/bin/../../lib/gcc/pic32c/6.2.1/../../../../pic32c/lib/v8-m.base\libpic32c.a(data_init.o)
 .debug_info    0x0000c687      0x3ab c:/program files/microchip/xc32/v2.40/bin/bin/../../lib/gcc/pic32c/6.2.1/../../../../pic32c/lib/v8-m.base\libg_nano.a(lib_a-init.o)
 .debug_info    0x0000ca32      0xe5d c:/program files/microchip/xc32/v2.40/bin/bin/../../lib/gcc/pic32c/6.2.1/../../../../pic32c/lib/v8-m.base\libg_nano.a(_lib_a-printf.cdnopuxX.o)
 .debug_info    0x0000d88f     0x1275 c:/program files/microchip/xc32/v2.40/bin/bin/../../lib/gcc/pic32c/6.2.1/../../../../pic32c/lib/v8-m.base\libg_nano.a(lib_a-puts.o)
 .debug_info    0x0000eb04     0x1205 c:/program files/microchip/xc32/v2.40/bin/bin/../../lib/gcc/pic32c/6.2.1/../../../../pic32c/lib/v8-m.base\libg_nano.a(lib_a-wbuf.o)
 .debug_info    0x0000fd09     0x1180 c:/program files/microchip/xc32/v2.40/bin/bin/../../lib/gcc/pic32c/6.2.1/../../../../pic32c/lib/v8-m.base\libg_nano.a(lib_a-wsetup.o)
 .debug_info    0x00010e89     0x12ea c:/program files/microchip/xc32/v2.40/bin/bin/../../lib/gcc/pic32c/6.2.1/../../../../pic32c/lib/v8-m.base\libg_nano.a(lib_a-fflush.o)
 .debug_info    0x00012173     0x14c2 c:/program files/microchip/xc32/v2.40/bin/bin/../../lib/gcc/pic32c/6.2.1/../../../../pic32c/lib/v8-m.base\libg_nano.a(lib_a-findfp.o)
 .debug_info    0x00013635     0x11fb c:/program files/microchip/xc32/v2.40/bin/bin/../../lib/gcc/pic32c/6.2.1/../../../../pic32c/lib/v8-m.base\libg_nano.a(lib_a-fwalk.o)
 .debug_info    0x00014830      0xd84 c:/program files/microchip/xc32/v2.40/bin/bin/../../lib/gcc/pic32c/6.2.1/../../../../pic32c/lib/v8-m.base\libg_nano.a(lib_a-impure.o)
 .debug_info    0x000155b4     0x1537 c:/program files/microchip/xc32/v2.40/bin/bin/../../lib/gcc/pic32c/6.2.1/../../../../pic32c/lib/v8-m.base\libg_nano.a(lib_a-makebuf.o)
 .debug_info    0x00016aeb     0x153a c:/program files/microchip/xc32/v2.40/bin/bin/../../lib/gcc/pic32c/6.2.1/../../../../pic32c/lib/v8-m.base\libg_nano.a(lib_a-memset.o)
 .debug_info    0x00018025     0x113f c:/program files/microchip/xc32/v2.40/bin/bin/../../lib/gcc/pic32c/6.2.1/../../../../pic32c/lib/v8-m.base\libg_nano.a(lib_a-nano-freer.o)
 .debug_info    0x00019164     0x11ec c:/program files/microchip/xc32/v2.40/bin/bin/../../lib/gcc/pic32c/6.2.1/../../../../pic32c/lib/v8-m.base\libg_nano.a(lib_a-nano-mallocr.o)
 .debug_info    0x0001a350     0x1f00 c:/program files/microchip/xc32/v2.40/bin/bin/../../lib/gcc/pic32c/6.2.1/../../../../pic32c/lib/v8-m.base\libg_nano.a(_lib_a-nano-vfprintf.cdnopuxX.o)
 .debug_info    0x0001c250     0x1d61 c:/program files/microchip/xc32/v2.40/bin/bin/../../lib/gcc/pic32c/6.2.1/../../../../pic32c/lib/v8-m.base\libg_nano.a(lib_a-nano-vfprintf_i.o)
 .debug_info    0x0001dfb1      0xe74 c:/program files/microchip/xc32/v2.40/bin/bin/../../lib/gcc/pic32c/6.2.1/../../../../pic32c/lib/v8-m.base\libg_nano.a(lib_a-sbrkr.o)
 .debug_info    0x0001ee25     0x18df c:/program files/microchip/xc32/v2.40/bin/bin/../../lib/gcc/pic32c/6.2.1/../../../../pic32c/lib/v8-m.base\libg_nano.a(lib_a-__ssfputs.o)
 .debug_info    0x00020704     0x13ac c:/program files/microchip/xc32/v2.40/bin/bin/../../lib/gcc/pic32c/6.2.1/../../../../pic32c/lib/v8-m.base\libg_nano.a(lib_a-stdio.o)
 .debug_info    0x00021ab0      0xe93 c:/program files/microchip/xc32/v2.40/bin/bin/../../lib/gcc/pic32c/6.2.1/../../../../pic32c/lib/v8-m.base\libg_nano.a(lib_a-writer.o)
 .debug_info    0x00022943      0xe42 c:/program files/microchip/xc32/v2.40/bin/bin/../../lib/gcc/pic32c/6.2.1/../../../../pic32c/lib/v8-m.base\libg_nano.a(lib_a-closer.o)
 .debug_info    0x00023785     0x133c c:/program files/microchip/xc32/v2.40/bin/bin/../../lib/gcc/pic32c/6.2.1/../../../../pic32c/lib/v8-m.base\libg_nano.a(lib_a-fputwc.o)
 .debug_info    0x00024ac1     0x113d c:/program files/microchip/xc32/v2.40/bin/bin/../../lib/gcc/pic32c/6.2.1/../../../../pic32c/lib/v8-m.base\libg_nano.a(lib_a-fstatr.o)
 .debug_info    0x00025bfe      0xe4f c:/program files/microchip/xc32/v2.40/bin/bin/../../lib/gcc/pic32c/6.2.1/../../../../pic32c/lib/v8-m.base\libg_nano.a(lib_a-isattyr.o)
 .debug_info    0x00026a4d     0x1821 c:/program files/microchip/xc32/v2.40/bin/bin/../../lib/gcc/pic32c/6.2.1/../../../../pic32c/lib/v8-m.base\libg_nano.a(lib_a-locale.o)
 .debug_info    0x0002826e      0xe7a c:/program files/microchip/xc32/v2.40/bin/bin/../../lib/gcc/pic32c/6.2.1/../../../../pic32c/lib/v8-m.base\libg_nano.a(lib_a-lseekr.o)
 .debug_info    0x000290e8     0x16fa c:/program files/microchip/xc32/v2.40/bin/bin/../../lib/gcc/pic32c/6.2.1/../../../../pic32c/lib/v8-m.base\libg_nano.a(lib_a-mbtowc_r.o)
 .debug_info    0x0002a7e2      0xdfa c:/program files/microchip/xc32/v2.40/bin/bin/../../lib/gcc/pic32c/6.2.1/../../../../pic32c/lib/v8-m.base\libg_nano.a(lib_a-memchr-stub.o)
 .debug_info    0x0002b5dc      0xdc1 c:/program files/microchip/xc32/v2.40/bin/bin/../../lib/gcc/pic32c/6.2.1/../../../../pic32c/lib/v8-m.base\libg_nano.a(lib_a-mlock.o)
 .debug_info    0x0002c39d      0xe91 c:/program files/microchip/xc32/v2.40/bin/bin/../../lib/gcc/pic32c/6.2.1/../../../../pic32c/lib/v8-m.base\libg_nano.a(lib_a-readr.o)
 .debug_info    0x0002d22e      0xf77 c:/program files/microchip/xc32/v2.40/bin/bin/../../lib/gcc/pic32c/6.2.1/../../../../pic32c/lib/v8-m.base\libg_nano.a(lib_a-reent.o)
 .debug_info    0x0002e1a5     0x16f6 c:/program files/microchip/xc32/v2.40/bin/bin/../../lib/gcc/pic32c/6.2.1/../../../../pic32c/lib/v8-m.base\libg_nano.a(lib_a-wcrtomb.o)
 .debug_info    0x0002f89b     0x16be c:/program files/microchip/xc32/v2.40/bin/bin/../../lib/gcc/pic32c/6.2.1/../../../../pic32c/lib/v8-m.base\libg_nano.a(lib_a-wctomb_r.o)
 .debug_info    0x00030f59     0x150b c:/program files/microchip/xc32/v2.40/bin/bin/../../lib/gcc/pic32c/6.2.1/../../../../pic32c/lib/v8-m.base\libg_nano.a(lib_a-ctype_.o)
 .debug_info    0x00032464      0x21f c:/program files/microchip/xc32/v2.40/bin/bin/../../lib/gcc/pic32c/6.2.1/../../../../pic32c/lib/v8-m.base\libpic32c.a(_close.o)
 .debug_info    0x00032683      0x21f c:/program files/microchip/xc32/v2.40/bin/bin/../../lib/gcc/pic32c/6.2.1/../../../../pic32c/lib/v8-m.base\libpic32c.a(_fstat.o)
 .debug_info    0x000328a2      0x221 c:/program files/microchip/xc32/v2.40/bin/bin/../../lib/gcc/pic32c/6.2.1/../../../../pic32c/lib/v8-m.base\libpic32c.a(_isatty.o)
 .debug_info    0x00032ac3      0x21f c:/program files/microchip/xc32/v2.40/bin/bin/../../lib/gcc/pic32c/6.2.1/../../../../pic32c/lib/v8-m.base\libpic32c.a(_lseek.o)
 .debug_info    0x00032ce2      0x21d c:/program files/microchip/xc32/v2.40/bin/bin/../../lib/gcc/pic32c/6.2.1/../../../../pic32c/lib/v8-m.base\libpic32c.a(_read.o)
 .debug_info    0x00032eff      0x21b c:/program files/microchip/xc32/v2.40/bin/bin/../../lib/gcc/pic32c/6.2.1/../../../../pic32c/lib/v8-m.base\libpic32c.a(sbrk.o)
 .debug_info    0x0003311a      0x21f c:/program files/microchip/xc32/v2.40/bin/bin/../../lib/gcc/pic32c/6.2.1/../../../../pic32c/lib/v8-m.base\libpic32c.a(_write.o)
 .debug_info    0x00033339      0x21c c:/program files/microchip/xc32/v2.40/bin/bin/../../lib/gcc/pic32c/6.2.1/../../../../pic32c/lib/v8-m.base\libpic32c.a(close.o)
 .debug_info    0x00033555      0x21c c:/program files/microchip/xc32/v2.40/bin/bin/../../lib/gcc/pic32c/6.2.1/../../../../pic32c/lib/v8-m.base\libpic32c.a(fstat.o)
 .debug_info    0x00033771      0x21e c:/program files/microchip/xc32/v2.40/bin/bin/../../lib/gcc/pic32c/6.2.1/../../../../pic32c/lib/v8-m.base\libpic32c.a(isatty.o)
 .debug_info    0x0003398f      0x21c c:/program files/microchip/xc32/v2.40/bin/bin/../../lib/gcc/pic32c/6.2.1/../../../../pic32c/lib/v8-m.base\libpic32c.a(lseek.o)
 .debug_info    0x00033bab      0x21b c:/program files/microchip/xc32/v2.40/bin/bin/../../lib/gcc/pic32c/6.2.1/../../../../pic32c/lib/v8-m.base\libpic32c.a(read.o)
 .debug_info    0x00033dc6      0x21d c:/program files/microchip/xc32/v2.40/bin/bin/../../lib/gcc/pic32c/6.2.1/../../../../pic32c/lib/v8-m.base\libpic32c.a(write.o)

.debug_abbrev   0x00000000     0x5668
 .debug_abbrev  0x00000000      0x26a build/Trustify/debug/_ext/2117940715/plib_nvmctrl.o
 .debug_abbrev  0x0000026a       0x39 build/Trustify/debug/_ext/1025033151/plib_evsys.o
 .debug_abbrev  0x000002a3      0x286 build/Trustify/debug/_ext/1247632078/plib_sercom0_usart.o
 .debug_abbrev  0x00000529       0xd4 build/Trustify/debug/_ext/1958438824/plib_pm.o
 .debug_abbrev  0x000005fd      0x1f3 build/Trustify/debug/_ext/1360937237/main.o
 .debug_abbrev  0x000007f0      0x1b3 build/Trustify/debug/_ext/1060005641/initialization.o
 .debug_abbrev  0x000009a3      0x1a0 build/Trustify/debug/_ext/1060005641/interrupts.o
 .debug_abbrev  0x00000b43      0x17e build/Trustify/debug/_ext/1060005641/exceptions.o
 .debug_abbrev  0x00000cc1      0x1f9 build/Trustify/debug/_ext/874600305/xc32_monitor.o
 .debug_abbrev  0x00000eba      0x133 build/Trustify/debug/_ext/864028644/plib_port.o
 .debug_abbrev  0x00000fed       0xe9 build/Trustify/debug/_ext/1027182637/plib_clock.o
 .debug_abbrev  0x000010d6      0x135 build/Trustify/debug/_ext/864081795/plib_nvic.o
 .debug_abbrev  0x0000120b      0x15a build/Trustify/debug/_ext/1883465617/plib_systick.o
 .debug_abbrev  0x00001365      0x1d4 build/Trustify/debug/_ext/1060005641/startup_xc32.o
 .debug_abbrev  0x00001539      0x186 build/Trustify/debug/_ext/582071996/plib_eic.o
 .debug_abbrev  0x000016bf       0x2a c:/program files/microchip/xc32/v2.40/bin/bin/../../lib/gcc/pic32c/6.2.1/../../../../pic32c/lib/v8-m.base\libpic32c.a(data_init.o)
 .debug_abbrev  0x000016e9       0xa3 c:/program files/microchip/xc32/v2.40/bin/bin/../../lib/gcc/pic32c/6.2.1/../../../../pic32c/lib/v8-m.base\libg_nano.a(lib_a-init.o)
 .debug_abbrev  0x0000178c      0x196 c:/program files/microchip/xc32/v2.40/bin/bin/../../lib/gcc/pic32c/6.2.1/../../../../pic32c/lib/v8-m.base\libg_nano.a(_lib_a-printf.cdnopuxX.o)
 .debug_abbrev  0x00001922      0x24a c:/program files/microchip/xc32/v2.40/bin/bin/../../lib/gcc/pic32c/6.2.1/../../../../pic32c/lib/v8-m.base\libg_nano.a(lib_a-puts.o)
 .debug_abbrev  0x00001b6c      0x208 c:/program files/microchip/xc32/v2.40/bin/bin/../../lib/gcc/pic32c/6.2.1/../../../../pic32c/lib/v8-m.base\libg_nano.a(lib_a-wbuf.o)
 .debug_abbrev  0x00001d74      0x1ec c:/program files/microchip/xc32/v2.40/bin/bin/../../lib/gcc/pic32c/6.2.1/../../../../pic32c/lib/v8-m.base\libg_nano.a(lib_a-wsetup.o)
 .debug_abbrev  0x00001f60      0x263 c:/program files/microchip/xc32/v2.40/bin/bin/../../lib/gcc/pic32c/6.2.1/../../../../pic32c/lib/v8-m.base\libg_nano.a(lib_a-fflush.o)
 .debug_abbrev  0x000021c3      0x295 c:/program files/microchip/xc32/v2.40/bin/bin/../../lib/gcc/pic32c/6.2.1/../../../../pic32c/lib/v8-m.base\libg_nano.a(lib_a-findfp.o)
 .debug_abbrev  0x00002458      0x1b0 c:/program files/microchip/xc32/v2.40/bin/bin/../../lib/gcc/pic32c/6.2.1/../../../../pic32c/lib/v8-m.base\libg_nano.a(lib_a-fwalk.o)
 .debug_abbrev  0x00002608      0x131 c:/program files/microchip/xc32/v2.40/bin/bin/../../lib/gcc/pic32c/6.2.1/../../../../pic32c/lib/v8-m.base\libg_nano.a(lib_a-impure.o)
 .debug_abbrev  0x00002739      0x268 c:/program files/microchip/xc32/v2.40/bin/bin/../../lib/gcc/pic32c/6.2.1/../../../../pic32c/lib/v8-m.base\libg_nano.a(lib_a-makebuf.o)
 .debug_abbrev  0x000029a1      0x170 c:/program files/microchip/xc32/v2.40/bin/bin/../../lib/gcc/pic32c/6.2.1/../../../../pic32c/lib/v8-m.base\libg_nano.a(lib_a-memset.o)
 .debug_abbrev  0x00002b11      0x24f c:/program files/microchip/xc32/v2.40/bin/bin/../../lib/gcc/pic32c/6.2.1/../../../../pic32c/lib/v8-m.base\libg_nano.a(lib_a-nano-freer.o)
 .debug_abbrev  0x00002d60      0x286 c:/program files/microchip/xc32/v2.40/bin/bin/../../lib/gcc/pic32c/6.2.1/../../../../pic32c/lib/v8-m.base\libg_nano.a(lib_a-nano-mallocr.o)
 .debug_abbrev  0x00002fe6      0x2f0 c:/program files/microchip/xc32/v2.40/bin/bin/../../lib/gcc/pic32c/6.2.1/../../../../pic32c/lib/v8-m.base\libg_nano.a(_lib_a-nano-vfprintf.cdnopuxX.o)
 .debug_abbrev  0x000032d6      0x243 c:/program files/microchip/xc32/v2.40/bin/bin/../../lib/gcc/pic32c/6.2.1/../../../../pic32c/lib/v8-m.base\libg_nano.a(lib_a-nano-vfprintf_i.o)
 .debug_abbrev  0x00003519      0x1a8 c:/program files/microchip/xc32/v2.40/bin/bin/../../lib/gcc/pic32c/6.2.1/../../../../pic32c/lib/v8-m.base\libg_nano.a(lib_a-sbrkr.o)
 .debug_abbrev  0x000036c1      0x1f6 c:/program files/microchip/xc32/v2.40/bin/bin/../../lib/gcc/pic32c/6.2.1/../../../../pic32c/lib/v8-m.base\libg_nano.a(lib_a-__ssfputs.o)
 .debug_abbrev  0x000038b7      0x224 c:/program files/microchip/xc32/v2.40/bin/bin/../../lib/gcc/pic32c/6.2.1/../../../../pic32c/lib/v8-m.base\libg_nano.a(lib_a-stdio.o)
 .debug_abbrev  0x00003adb      0x198 c:/program files/microchip/xc32/v2.40/bin/bin/../../lib/gcc/pic32c/6.2.1/../../../../pic32c/lib/v8-m.base\libg_nano.a(lib_a-writer.o)
 .debug_abbrev  0x00003c73      0x193 c:/program files/microchip/xc32/v2.40/bin/bin/../../lib/gcc/pic32c/6.2.1/../../../../pic32c/lib/v8-m.base\libg_nano.a(lib_a-closer.o)
 .debug_abbrev  0x00003e06      0x233 c:/program files/microchip/xc32/v2.40/bin/bin/../../lib/gcc/pic32c/6.2.1/../../../../pic32c/lib/v8-m.base\libg_nano.a(lib_a-fputwc.o)
 .debug_abbrev  0x00004039      0x193 c:/program files/microchip/xc32/v2.40/bin/bin/../../lib/gcc/pic32c/6.2.1/../../../../pic32c/lib/v8-m.base\libg_nano.a(lib_a-fstatr.o)
 .debug_abbrev  0x000041cc      0x193 c:/program files/microchip/xc32/v2.40/bin/bin/../../lib/gcc/pic32c/6.2.1/../../../../pic32c/lib/v8-m.base\libg_nano.a(lib_a-isattyr.o)
 .debug_abbrev  0x0000435f      0x264 c:/program files/microchip/xc32/v2.40/bin/bin/../../lib/gcc/pic32c/6.2.1/../../../../pic32c/lib/v8-m.base\libg_nano.a(lib_a-locale.o)
 .debug_abbrev  0x000045c3      0x193 c:/program files/microchip/xc32/v2.40/bin/bin/../../lib/gcc/pic32c/6.2.1/../../../../pic32c/lib/v8-m.base\libg_nano.a(lib_a-lseekr.o)
 .debug_abbrev  0x00004756      0x1cd c:/program files/microchip/xc32/v2.40/bin/bin/../../lib/gcc/pic32c/6.2.1/../../../../pic32c/lib/v8-m.base\libg_nano.a(lib_a-mbtowc_r.o)
 .debug_abbrev  0x00004923      0x16d c:/program files/microchip/xc32/v2.40/bin/bin/../../lib/gcc/pic32c/6.2.1/../../../../pic32c/lib/v8-m.base\libg_nano.a(lib_a-memchr-stub.o)
 .debug_abbrev  0x00004a90      0x165 c:/program files/microchip/xc32/v2.40/bin/bin/../../lib/gcc/pic32c/6.2.1/../../../../pic32c/lib/v8-m.base\libg_nano.a(lib_a-mlock.o)
 .debug_abbrev  0x00004bf5      0x193 c:/program files/microchip/xc32/v2.40/bin/bin/../../lib/gcc/pic32c/6.2.1/../../../../pic32c/lib/v8-m.base\libg_nano.a(lib_a-readr.o)
 .debug_abbrev  0x00004d88      0x1ea c:/program files/microchip/xc32/v2.40/bin/bin/../../lib/gcc/pic32c/6.2.1/../../../../pic32c/lib/v8-m.base\libg_nano.a(lib_a-reent.o)
 .debug_abbrev  0x00004f72      0x1d5 c:/program files/microchip/xc32/v2.40/bin/bin/../../lib/gcc/pic32c/6.2.1/../../../../pic32c/lib/v8-m.base\libg_nano.a(lib_a-wcrtomb.o)
 .debug_abbrev  0x00005147      0x1ce c:/program files/microchip/xc32/v2.40/bin/bin/../../lib/gcc/pic32c/6.2.1/../../../../pic32c/lib/v8-m.base\libg_nano.a(lib_a-wctomb_r.o)
 .debug_abbrev  0x00005315      0x131 c:/program files/microchip/xc32/v2.40/bin/bin/../../lib/gcc/pic32c/6.2.1/../../../../pic32c/lib/v8-m.base\libg_nano.a(lib_a-ctype_.o)
 .debug_abbrev  0x00005446       0x2a c:/program files/microchip/xc32/v2.40/bin/bin/../../lib/gcc/pic32c/6.2.1/../../../../pic32c/lib/v8-m.base\libpic32c.a(_close.o)
 .debug_abbrev  0x00005470       0x2a c:/program files/microchip/xc32/v2.40/bin/bin/../../lib/gcc/pic32c/6.2.1/../../../../pic32c/lib/v8-m.base\libpic32c.a(_fstat.o)
 .debug_abbrev  0x0000549a       0x2a c:/program files/microchip/xc32/v2.40/bin/bin/../../lib/gcc/pic32c/6.2.1/../../../../pic32c/lib/v8-m.base\libpic32c.a(_isatty.o)
 .debug_abbrev  0x000054c4       0x2a c:/program files/microchip/xc32/v2.40/bin/bin/../../lib/gcc/pic32c/6.2.1/../../../../pic32c/lib/v8-m.base\libpic32c.a(_lseek.o)
 .debug_abbrev  0x000054ee       0x2a c:/program files/microchip/xc32/v2.40/bin/bin/../../lib/gcc/pic32c/6.2.1/../../../../pic32c/lib/v8-m.base\libpic32c.a(_read.o)
 .debug_abbrev  0x00005518       0x2a c:/program files/microchip/xc32/v2.40/bin/bin/../../lib/gcc/pic32c/6.2.1/../../../../pic32c/lib/v8-m.base\libpic32c.a(sbrk.o)
 .debug_abbrev  0x00005542       0x2a c:/program files/microchip/xc32/v2.40/bin/bin/../../lib/gcc/pic32c/6.2.1/../../../../pic32c/lib/v8-m.base\libpic32c.a(_write.o)
 .debug_abbrev  0x0000556c       0x2a c:/program files/microchip/xc32/v2.40/bin/bin/../../lib/gcc/pic32c/6.2.1/../../../../pic32c/lib/v8-m.base\libpic32c.a(close.o)
 .debug_abbrev  0x00005596       0x2a c:/program files/microchip/xc32/v2.40/bin/bin/../../lib/gcc/pic32c/6.2.1/../../../../pic32c/lib/v8-m.base\libpic32c.a(fstat.o)
 .debug_abbrev  0x000055c0       0x2a c:/program files/microchip/xc32/v2.40/bin/bin/../../lib/gcc/pic32c/6.2.1/../../../../pic32c/lib/v8-m.base\libpic32c.a(isatty.o)
 .debug_abbrev  0x000055ea       0x2a c:/program files/microchip/xc32/v2.40/bin/bin/../../lib/gcc/pic32c/6.2.1/../../../../pic32c/lib/v8-m.base\libpic32c.a(lseek.o)
 .debug_abbrev  0x00005614       0x2a c:/program files/microchip/xc32/v2.40/bin/bin/../../lib/gcc/pic32c/6.2.1/../../../../pic32c/lib/v8-m.base\libpic32c.a(read.o)
 .debug_abbrev  0x0000563e       0x2a c:/program files/microchip/xc32/v2.40/bin/bin/../../lib/gcc/pic32c/6.2.1/../../../../pic32c/lib/v8-m.base\libpic32c.a(write.o)

.debug_loc      0x00000000     0x4668
 .debug_loc     0x00000000      0x17c build/Trustify/debug/_ext/2117940715/plib_nvmctrl.o
 .debug_loc     0x0000017c      0x5b8 build/Trustify/debug/_ext/1247632078/plib_sercom0_usart.o
 .debug_loc     0x00000734       0x7e build/Trustify/debug/_ext/1958438824/plib_pm.o
 .debug_loc     0x000007b2       0x20 build/Trustify/debug/_ext/1360937237/main.o
 .debug_loc     0x000007d2       0x41 build/Trustify/debug/_ext/1060005641/initialization.o
 .debug_loc     0x00000813       0x9f build/Trustify/debug/_ext/874600305/xc32_monitor.o
 .debug_loc     0x000008b2       0x84 build/Trustify/debug/_ext/864028644/plib_port.o
 .debug_loc     0x00000936       0x3c build/Trustify/debug/_ext/864081795/plib_nvic.o
 .debug_loc     0x00000972       0x7a build/Trustify/debug/_ext/1883465617/plib_systick.o
 .debug_loc     0x000009ec       0x20 build/Trustify/debug/_ext/1060005641/startup_xc32.o
 .debug_loc     0x00000a0c      0x101 build/Trustify/debug/_ext/582071996/plib_eic.o
 .debug_loc     0x00000b0d       0x14 c:/program files/microchip/xc32/v2.40/bin/bin/../../lib/gcc/pic32c/6.2.1/../../../../pic32c/lib/v8-m.base\libpic32c.a(data_init.o)
 .debug_loc     0x00000b21       0x72 c:/program files/microchip/xc32/v2.40/bin/bin/../../lib/gcc/pic32c/6.2.1/../../../../pic32c/lib/v8-m.base\libg_nano.a(lib_a-init.o)
 .debug_loc     0x00000b93       0x2c c:/program files/microchip/xc32/v2.40/bin/bin/../../lib/gcc/pic32c/6.2.1/../../../../pic32c/lib/v8-m.base\libg_nano.a(_lib_a-printf.cdnopuxX.o)
 .debug_loc     0x00000bbf      0x249 c:/program files/microchip/xc32/v2.40/bin/bin/../../lib/gcc/pic32c/6.2.1/../../../../pic32c/lib/v8-m.base\libg_nano.a(lib_a-puts.o)
 .debug_loc     0x00000e08      0x194 c:/program files/microchip/xc32/v2.40/bin/bin/../../lib/gcc/pic32c/6.2.1/../../../../pic32c/lib/v8-m.base\libg_nano.a(lib_a-wbuf.o)
 .debug_loc     0x00000f9c       0x9e c:/program files/microchip/xc32/v2.40/bin/bin/../../lib/gcc/pic32c/6.2.1/../../../../pic32c/lib/v8-m.base\libg_nano.a(lib_a-wsetup.o)
 .debug_loc     0x0000103a      0x30b c:/program files/microchip/xc32/v2.40/bin/bin/../../lib/gcc/pic32c/6.2.1/../../../../pic32c/lib/v8-m.base\libg_nano.a(lib_a-fflush.o)
 .debug_loc     0x00001345      0x2b8 c:/program files/microchip/xc32/v2.40/bin/bin/../../lib/gcc/pic32c/6.2.1/../../../../pic32c/lib/v8-m.base\libg_nano.a(lib_a-findfp.o)
 .debug_loc     0x000015fd      0x1d9 c:/program files/microchip/xc32/v2.40/bin/bin/../../lib/gcc/pic32c/6.2.1/../../../../pic32c/lib/v8-m.base\libg_nano.a(lib_a-fwalk.o)
 .debug_loc     0x000017d6      0x260 c:/program files/microchip/xc32/v2.40/bin/bin/../../lib/gcc/pic32c/6.2.1/../../../../pic32c/lib/v8-m.base\libg_nano.a(lib_a-makebuf.o)
 .debug_loc     0x00001a36       0x72 c:/program files/microchip/xc32/v2.40/bin/bin/../../lib/gcc/pic32c/6.2.1/../../../../pic32c/lib/v8-m.base\libg_nano.a(lib_a-memset.o)
 .debug_loc     0x00001aa8      0x108 c:/program files/microchip/xc32/v2.40/bin/bin/../../lib/gcc/pic32c/6.2.1/../../../../pic32c/lib/v8-m.base\libg_nano.a(lib_a-nano-freer.o)
 .debug_loc     0x00001bb0      0x242 c:/program files/microchip/xc32/v2.40/bin/bin/../../lib/gcc/pic32c/6.2.1/../../../../pic32c/lib/v8-m.base\libg_nano.a(lib_a-nano-mallocr.o)
 .debug_loc     0x00001df2      0xdc9 c:/program files/microchip/xc32/v2.40/bin/bin/../../lib/gcc/pic32c/6.2.1/../../../../pic32c/lib/v8-m.base\libg_nano.a(_lib_a-nano-vfprintf.cdnopuxX.o)
 .debug_loc     0x00002bbb      0x64d c:/program files/microchip/xc32/v2.40/bin/bin/../../lib/gcc/pic32c/6.2.1/../../../../pic32c/lib/v8-m.base\libg_nano.a(lib_a-nano-vfprintf_i.o)
 .debug_loc     0x00003208       0x6d c:/program files/microchip/xc32/v2.40/bin/bin/../../lib/gcc/pic32c/6.2.1/../../../../pic32c/lib/v8-m.base\libg_nano.a(lib_a-sbrkr.o)
 .debug_loc     0x00003275      0x1da c:/program files/microchip/xc32/v2.40/bin/bin/../../lib/gcc/pic32c/6.2.1/../../../../pic32c/lib/v8-m.base\libg_nano.a(lib_a-__ssfputs.o)
 .debug_loc     0x0000344f      0x382 c:/program files/microchip/xc32/v2.40/bin/bin/../../lib/gcc/pic32c/6.2.1/../../../../pic32c/lib/v8-m.base\libg_nano.a(lib_a-stdio.o)
 .debug_loc     0x000037d1       0xc5 c:/program files/microchip/xc32/v2.40/bin/bin/../../lib/gcc/pic32c/6.2.1/../../../../pic32c/lib/v8-m.base\libg_nano.a(lib_a-writer.o)
 .debug_loc     0x00003896       0x6d c:/program files/microchip/xc32/v2.40/bin/bin/../../lib/gcc/pic32c/6.2.1/../../../../pic32c/lib/v8-m.base\libg_nano.a(lib_a-closer.o)
 .debug_loc     0x00003903      0x2ac c:/program files/microchip/xc32/v2.40/bin/bin/../../lib/gcc/pic32c/6.2.1/../../../../pic32c/lib/v8-m.base\libg_nano.a(lib_a-fputwc.o)
 .debug_loc     0x00003baf       0x99 c:/program files/microchip/xc32/v2.40/bin/bin/../../lib/gcc/pic32c/6.2.1/../../../../pic32c/lib/v8-m.base\libg_nano.a(lib_a-fstatr.o)
 .debug_loc     0x00003c48       0x6d c:/program files/microchip/xc32/v2.40/bin/bin/../../lib/gcc/pic32c/6.2.1/../../../../pic32c/lib/v8-m.base\libg_nano.a(lib_a-isattyr.o)
 .debug_loc     0x00003cb5      0x174 c:/program files/microchip/xc32/v2.40/bin/bin/../../lib/gcc/pic32c/6.2.1/../../../../pic32c/lib/v8-m.base\libg_nano.a(lib_a-locale.o)
 .debug_loc     0x00003e29       0xc5 c:/program files/microchip/xc32/v2.40/bin/bin/../../lib/gcc/pic32c/6.2.1/../../../../pic32c/lib/v8-m.base\libg_nano.a(lib_a-lseekr.o)
 .debug_loc     0x00003eee      0x19a c:/program files/microchip/xc32/v2.40/bin/bin/../../lib/gcc/pic32c/6.2.1/../../../../pic32c/lib/v8-m.base\libg_nano.a(lib_a-mbtowc_r.o)
 .debug_loc     0x00004088       0xb4 c:/program files/microchip/xc32/v2.40/bin/bin/../../lib/gcc/pic32c/6.2.1/../../../../pic32c/lib/v8-m.base\libg_nano.a(lib_a-memchr-stub.o)
 .debug_loc     0x0000413c       0xc5 c:/program files/microchip/xc32/v2.40/bin/bin/../../lib/gcc/pic32c/6.2.1/../../../../pic32c/lib/v8-m.base\libg_nano.a(lib_a-readr.o)
 .debug_loc     0x00004201      0x10b c:/program files/microchip/xc32/v2.40/bin/bin/../../lib/gcc/pic32c/6.2.1/../../../../pic32c/lib/v8-m.base\libg_nano.a(lib_a-reent.o)
 .debug_loc     0x0000430c      0x1cb c:/program files/microchip/xc32/v2.40/bin/bin/../../lib/gcc/pic32c/6.2.1/../../../../pic32c/lib/v8-m.base\libg_nano.a(lib_a-wcrtomb.o)
 .debug_loc     0x000044d7       0xf1 c:/program files/microchip/xc32/v2.40/bin/bin/../../lib/gcc/pic32c/6.2.1/../../../../pic32c/lib/v8-m.base\libg_nano.a(lib_a-wctomb_r.o)
 .debug_loc     0x000045c8       0x14 c:/program files/microchip/xc32/v2.40/bin/bin/../../lib/gcc/pic32c/6.2.1/../../../../pic32c/lib/v8-m.base\libpic32c.a(_close.o)
 .debug_loc     0x000045dc       0x14 c:/program files/microchip/xc32/v2.40/bin/bin/../../lib/gcc/pic32c/6.2.1/../../../../pic32c/lib/v8-m.base\libpic32c.a(_fstat.o)
 .debug_loc     0x000045f0       0x14 c:/program files/microchip/xc32/v2.40/bin/bin/../../lib/gcc/pic32c/6.2.1/../../../../pic32c/lib/v8-m.base\libpic32c.a(_isatty.o)
 .debug_loc     0x00004604       0x14 c:/program files/microchip/xc32/v2.40/bin/bin/../../lib/gcc/pic32c/6.2.1/../../../../pic32c/lib/v8-m.base\libpic32c.a(_lseek.o)
 .debug_loc     0x00004618       0x14 c:/program files/microchip/xc32/v2.40/bin/bin/../../lib/gcc/pic32c/6.2.1/../../../../pic32c/lib/v8-m.base\libpic32c.a(_read.o)
 .debug_loc     0x0000462c       0x14 c:/program files/microchip/xc32/v2.40/bin/bin/../../lib/gcc/pic32c/6.2.1/../../../../pic32c/lib/v8-m.base\libpic32c.a(_write.o)
 .debug_loc     0x00004640       0x14 c:/program files/microchip/xc32/v2.40/bin/bin/../../lib/gcc/pic32c/6.2.1/../../../../pic32c/lib/v8-m.base\libpic32c.a(read.o)
 .debug_loc     0x00004654       0x14 c:/program files/microchip/xc32/v2.40/bin/bin/../../lib/gcc/pic32c/6.2.1/../../../../pic32c/lib/v8-m.base\libpic32c.a(write.o)

.debug_aranges  0x00000000      0xa28
 .debug_aranges
                0x00000000       0x60 build/Trustify/debug/_ext/2117940715/plib_nvmctrl.o
 .debug_aranges
                0x00000060       0x20 build/Trustify/debug/_ext/1025033151/plib_evsys.o
 .debug_aranges
                0x00000080       0x70 build/Trustify/debug/_ext/1247632078/plib_sercom0_usart.o
 .debug_aranges
                0x000000f0       0x40 build/Trustify/debug/_ext/1958438824/plib_pm.o
 .debug_aranges
                0x00000130       0x20 build/Trustify/debug/_ext/1360937237/main.o
 .debug_aranges
                0x00000150       0x20 build/Trustify/debug/_ext/1060005641/initialization.o
 .debug_aranges
                0x00000170       0x20 build/Trustify/debug/_ext/1060005641/interrupts.o
 .debug_aranges
                0x00000190       0x48 build/Trustify/debug/_ext/1060005641/exceptions.o
 .debug_aranges
                0x000001d8       0x28 build/Trustify/debug/_ext/874600305/xc32_monitor.o
 .debug_aranges
                0x00000200       0x60 build/Trustify/debug/_ext/864028644/plib_port.o
 .debug_aranges
                0x00000260       0x20 build/Trustify/debug/_ext/1027182637/plib_clock.o
 .debug_aranges
                0x00000280       0x20 build/Trustify/debug/_ext/864081795/plib_nvic.o
 .debug_aranges
                0x000002a0       0x70 build/Trustify/debug/_ext/1883465617/plib_systick.o
 .debug_aranges
                0x00000310       0x20 build/Trustify/debug/_ext/1060005641/startup_xc32.o
 .debug_aranges
                0x00000330       0x40 build/Trustify/debug/_ext/582071996/plib_eic.o
 .debug_aranges
                0x00000370       0x20 c:/program files/microchip/xc32/v2.40/bin/bin/../../lib/gcc/pic32c/6.2.1/../../../../pic32c/lib/v8-m.base\libpic32c.a(data_init.o)
 .debug_aranges
                0x00000390       0x20 c:/program files/microchip/xc32/v2.40/bin/bin/../../lib/gcc/pic32c/6.2.1/../../../../pic32c/lib/v8-m.base\libg_nano.a(lib_a-init.o)
 .debug_aranges
                0x000003b0       0x20 c:/program files/microchip/xc32/v2.40/bin/bin/../../lib/gcc/pic32c/6.2.1/../../../../pic32c/lib/v8-m.base\libg_nano.a(_lib_a-printf.cdnopuxX.o)
 .debug_aranges
                0x000003d0       0x28 c:/program files/microchip/xc32/v2.40/bin/bin/../../lib/gcc/pic32c/6.2.1/../../../../pic32c/lib/v8-m.base\libg_nano.a(lib_a-puts.o)
 .debug_aranges
                0x000003f8       0x28 c:/program files/microchip/xc32/v2.40/bin/bin/../../lib/gcc/pic32c/6.2.1/../../../../pic32c/lib/v8-m.base\libg_nano.a(lib_a-wbuf.o)
 .debug_aranges
                0x00000420       0x20 c:/program files/microchip/xc32/v2.40/bin/bin/../../lib/gcc/pic32c/6.2.1/../../../../pic32c/lib/v8-m.base\libg_nano.a(lib_a-wsetup.o)
 .debug_aranges
                0x00000440       0x30 c:/program files/microchip/xc32/v2.40/bin/bin/../../lib/gcc/pic32c/6.2.1/../../../../pic32c/lib/v8-m.base\libg_nano.a(lib_a-fflush.o)
 .debug_aranges
                0x00000470       0x48 c:/program files/microchip/xc32/v2.40/bin/bin/../../lib/gcc/pic32c/6.2.1/../../../../pic32c/lib/v8-m.base\libg_nano.a(lib_a-findfp.o)
 .debug_aranges
                0x000004b8       0x28 c:/program files/microchip/xc32/v2.40/bin/bin/../../lib/gcc/pic32c/6.2.1/../../../../pic32c/lib/v8-m.base\libg_nano.a(lib_a-fwalk.o)
 .debug_aranges
                0x000004e0       0x18 c:/program files/microchip/xc32/v2.40/bin/bin/../../lib/gcc/pic32c/6.2.1/../../../../pic32c/lib/v8-m.base\libg_nano.a(lib_a-impure.o)
 .debug_aranges
                0x000004f8       0x28 c:/program files/microchip/xc32/v2.40/bin/bin/../../lib/gcc/pic32c/6.2.1/../../../../pic32c/lib/v8-m.base\libg_nano.a(lib_a-makebuf.o)
 .debug_aranges
                0x00000520       0x20 c:/program files/microchip/xc32/v2.40/bin/bin/../../lib/gcc/pic32c/6.2.1/../../../../pic32c/lib/v8-m.base\libg_nano.a(lib_a-memset.o)
 .debug_aranges
                0x00000540       0x20 c:/program files/microchip/xc32/v2.40/bin/bin/../../lib/gcc/pic32c/6.2.1/../../../../pic32c/lib/v8-m.base\libg_nano.a(lib_a-nano-freer.o)
 .debug_aranges
                0x00000560       0x20 c:/program files/microchip/xc32/v2.40/bin/bin/../../lib/gcc/pic32c/6.2.1/../../../../pic32c/lib/v8-m.base\libg_nano.a(lib_a-nano-mallocr.o)
 .debug_aranges
                0x00000580       0x30 c:/program files/microchip/xc32/v2.40/bin/bin/../../lib/gcc/pic32c/6.2.1/../../../../pic32c/lib/v8-m.base\libg_nano.a(_lib_a-nano-vfprintf.cdnopuxX.o)
 .debug_aranges
                0x000005b0       0x28 c:/program files/microchip/xc32/v2.40/bin/bin/../../lib/gcc/pic32c/6.2.1/../../../../pic32c/lib/v8-m.base\libg_nano.a(lib_a-nano-vfprintf_i.o)
 .debug_aranges
                0x000005d8       0x20 c:/program files/microchip/xc32/v2.40/bin/bin/../../lib/gcc/pic32c/6.2.1/../../../../pic32c/lib/v8-m.base\libg_nano.a(lib_a-sbrkr.o)
 .debug_aranges
                0x000005f8       0x28 c:/program files/microchip/xc32/v2.40/bin/bin/../../lib/gcc/pic32c/6.2.1/../../../../pic32c/lib/v8-m.base\libg_nano.a(lib_a-__ssfputs.o)
 .debug_aranges
                0x00000620       0x40 c:/program files/microchip/xc32/v2.40/bin/bin/../../lib/gcc/pic32c/6.2.1/../../../../pic32c/lib/v8-m.base\libg_nano.a(lib_a-stdio.o)
 .debug_aranges
                0x00000660       0x20 c:/program files/microchip/xc32/v2.40/bin/bin/../../lib/gcc/pic32c/6.2.1/../../../../pic32c/lib/v8-m.base\libg_nano.a(lib_a-writer.o)
 .debug_aranges
                0x00000680       0x20 c:/program files/microchip/xc32/v2.40/bin/bin/../../lib/gcc/pic32c/6.2.1/../../../../pic32c/lib/v8-m.base\libg_nano.a(lib_a-closer.o)
 .debug_aranges
                0x000006a0       0x30 c:/program files/microchip/xc32/v2.40/bin/bin/../../lib/gcc/pic32c/6.2.1/../../../../pic32c/lib/v8-m.base\libg_nano.a(lib_a-fputwc.o)
 .debug_aranges
                0x000006d0       0x20 c:/program files/microchip/xc32/v2.40/bin/bin/../../lib/gcc/pic32c/6.2.1/../../../../pic32c/lib/v8-m.base\libg_nano.a(lib_a-fstatr.o)
 .debug_aranges
                0x000006f0       0x20 c:/program files/microchip/xc32/v2.40/bin/bin/../../lib/gcc/pic32c/6.2.1/../../../../pic32c/lib/v8-m.base\libg_nano.a(lib_a-isattyr.o)
 .debug_aranges
                0x00000710       0x40 c:/program files/microchip/xc32/v2.40/bin/bin/../../lib/gcc/pic32c/6.2.1/../../../../pic32c/lib/v8-m.base\libg_nano.a(lib_a-locale.o)
 .debug_aranges
                0x00000750       0x20 c:/program files/microchip/xc32/v2.40/bin/bin/../../lib/gcc/pic32c/6.2.1/../../../../pic32c/lib/v8-m.base\libg_nano.a(lib_a-lseekr.o)
 .debug_aranges
                0x00000770       0x28 c:/program files/microchip/xc32/v2.40/bin/bin/../../lib/gcc/pic32c/6.2.1/../../../../pic32c/lib/v8-m.base\libg_nano.a(lib_a-mbtowc_r.o)
 .debug_aranges
                0x00000798       0x20 c:/program files/microchip/xc32/v2.40/bin/bin/../../lib/gcc/pic32c/6.2.1/../../../../pic32c/lib/v8-m.base\libg_nano.a(lib_a-memchr-stub.o)
 .debug_aranges
                0x000007b8       0x20 c:/program files/microchip/xc32/v2.40/bin/bin/../../lib/gcc/pic32c/6.2.1/../../../../pic32c/lib/v8-m.base\libg_nano.a(lib_a-mlock.o)
 .debug_aranges
                0x000007d8       0x20 c:/program files/microchip/xc32/v2.40/bin/bin/../../lib/gcc/pic32c/6.2.1/../../../../pic32c/lib/v8-m.base\libg_nano.a(lib_a-readr.o)
 .debug_aranges
                0x000007f8       0x28 c:/program files/microchip/xc32/v2.40/bin/bin/../../lib/gcc/pic32c/6.2.1/../../../../pic32c/lib/v8-m.base\libg_nano.a(lib_a-reent.o)
 .debug_aranges
                0x00000820       0x28 c:/program files/microchip/xc32/v2.40/bin/bin/../../lib/gcc/pic32c/6.2.1/../../../../pic32c/lib/v8-m.base\libg_nano.a(lib_a-wcrtomb.o)
 .debug_aranges
                0x00000848       0x28 c:/program files/microchip/xc32/v2.40/bin/bin/../../lib/gcc/pic32c/6.2.1/../../../../pic32c/lib/v8-m.base\libg_nano.a(lib_a-wctomb_r.o)
 .debug_aranges
                0x00000870       0x18 c:/program files/microchip/xc32/v2.40/bin/bin/../../lib/gcc/pic32c/6.2.1/../../../../pic32c/lib/v8-m.base\libg_nano.a(lib_a-ctype_.o)
 .debug_aranges
                0x00000888       0x20 c:/program files/microchip/xc32/v2.40/bin/bin/../../lib/gcc/pic32c/6.2.1/../../../../pic32c/lib/v8-m.base\libpic32c.a(_close.o)
 .debug_aranges
                0x000008a8       0x20 c:/program files/microchip/xc32/v2.40/bin/bin/../../lib/gcc/pic32c/6.2.1/../../../../pic32c/lib/v8-m.base\libpic32c.a(_fstat.o)
 .debug_aranges
                0x000008c8       0x20 c:/program files/microchip/xc32/v2.40/bin/bin/../../lib/gcc/pic32c/6.2.1/../../../../pic32c/lib/v8-m.base\libpic32c.a(_isatty.o)
 .debug_aranges
                0x000008e8       0x20 c:/program files/microchip/xc32/v2.40/bin/bin/../../lib/gcc/pic32c/6.2.1/../../../../pic32c/lib/v8-m.base\libpic32c.a(_lseek.o)
 .debug_aranges
                0x00000908       0x20 c:/program files/microchip/xc32/v2.40/bin/bin/../../lib/gcc/pic32c/6.2.1/../../../../pic32c/lib/v8-m.base\libpic32c.a(_read.o)
 .debug_aranges
                0x00000928       0x20 c:/program files/microchip/xc32/v2.40/bin/bin/../../lib/gcc/pic32c/6.2.1/../../../../pic32c/lib/v8-m.base\libpic32c.a(sbrk.o)
 .debug_aranges
                0x00000948       0x20 c:/program files/microchip/xc32/v2.40/bin/bin/../../lib/gcc/pic32c/6.2.1/../../../../pic32c/lib/v8-m.base\libpic32c.a(_write.o)
 .debug_aranges
                0x00000968       0x20 c:/program files/microchip/xc32/v2.40/bin/bin/../../lib/gcc/pic32c/6.2.1/../../../../pic32c/lib/v8-m.base\libpic32c.a(close.o)
 .debug_aranges
                0x00000988       0x20 c:/program files/microchip/xc32/v2.40/bin/bin/../../lib/gcc/pic32c/6.2.1/../../../../pic32c/lib/v8-m.base\libpic32c.a(fstat.o)
 .debug_aranges
                0x000009a8       0x20 c:/program files/microchip/xc32/v2.40/bin/bin/../../lib/gcc/pic32c/6.2.1/../../../../pic32c/lib/v8-m.base\libpic32c.a(isatty.o)
 .debug_aranges
                0x000009c8       0x20 c:/program files/microchip/xc32/v2.40/bin/bin/../../lib/gcc/pic32c/6.2.1/../../../../pic32c/lib/v8-m.base\libpic32c.a(lseek.o)
 .debug_aranges
                0x000009e8       0x20 c:/program files/microchip/xc32/v2.40/bin/bin/../../lib/gcc/pic32c/6.2.1/../../../../pic32c/lib/v8-m.base\libpic32c.a(read.o)
 .debug_aranges
                0x00000a08       0x20 c:/program files/microchip/xc32/v2.40/bin/bin/../../lib/gcc/pic32c/6.2.1/../../../../pic32c/lib/v8-m.base\libpic32c.a(write.o)

.debug_ranges   0x00000000      0x8e0
 .debug_ranges  0x00000000       0x50 build/Trustify/debug/_ext/2117940715/plib_nvmctrl.o
 .debug_ranges  0x00000050       0x10 build/Trustify/debug/_ext/1025033151/plib_evsys.o
 .debug_ranges  0x00000060       0x60 build/Trustify/debug/_ext/1247632078/plib_sercom0_usart.o
 .debug_ranges  0x000000c0       0x30 build/Trustify/debug/_ext/1958438824/plib_pm.o
 .debug_ranges  0x000000f0       0x10 build/Trustify/debug/_ext/1360937237/main.o
 .debug_ranges  0x00000100       0x10 build/Trustify/debug/_ext/1060005641/initialization.o
 .debug_ranges  0x00000110       0x10 build/Trustify/debug/_ext/1060005641/interrupts.o
 .debug_ranges  0x00000120       0x38 build/Trustify/debug/_ext/1060005641/exceptions.o
 .debug_ranges  0x00000158       0x18 build/Trustify/debug/_ext/874600305/xc32_monitor.o
 .debug_ranges  0x00000170       0x50 build/Trustify/debug/_ext/864028644/plib_port.o
 .debug_ranges  0x000001c0       0x10 build/Trustify/debug/_ext/1027182637/plib_clock.o
 .debug_ranges  0x000001d0       0x10 build/Trustify/debug/_ext/864081795/plib_nvic.o
 .debug_ranges  0x000001e0       0x60 build/Trustify/debug/_ext/1883465617/plib_systick.o
 .debug_ranges  0x00000240       0x10 build/Trustify/debug/_ext/1060005641/startup_xc32.o
 .debug_ranges  0x00000250       0x30 build/Trustify/debug/_ext/582071996/plib_eic.o
 .debug_ranges  0x00000280       0x10 c:/program files/microchip/xc32/v2.40/bin/bin/../../lib/gcc/pic32c/6.2.1/../../../../pic32c/lib/v8-m.base\libpic32c.a(data_init.o)
 .debug_ranges  0x00000290       0x10 c:/program files/microchip/xc32/v2.40/bin/bin/../../lib/gcc/pic32c/6.2.1/../../../../pic32c/lib/v8-m.base\libg_nano.a(lib_a-init.o)
 .debug_ranges  0x000002a0       0x10 c:/program files/microchip/xc32/v2.40/bin/bin/../../lib/gcc/pic32c/6.2.1/../../../../pic32c/lib/v8-m.base\libg_nano.a(_lib_a-printf.cdnopuxX.o)
 .debug_ranges  0x000002b0       0x70 c:/program files/microchip/xc32/v2.40/bin/bin/../../lib/gcc/pic32c/6.2.1/../../../../pic32c/lib/v8-m.base\libg_nano.a(lib_a-puts.o)
 .debug_ranges  0x00000320       0x30 c:/program files/microchip/xc32/v2.40/bin/bin/../../lib/gcc/pic32c/6.2.1/../../../../pic32c/lib/v8-m.base\libg_nano.a(lib_a-wbuf.o)
 .debug_ranges  0x00000350       0x38 c:/program files/microchip/xc32/v2.40/bin/bin/../../lib/gcc/pic32c/6.2.1/../../../../pic32c/lib/v8-m.base\libg_nano.a(lib_a-wsetup.o)
 .debug_ranges  0x00000388       0x68 c:/program files/microchip/xc32/v2.40/bin/bin/../../lib/gcc/pic32c/6.2.1/../../../../pic32c/lib/v8-m.base\libg_nano.a(lib_a-fflush.o)
 .debug_ranges  0x000003f0       0x38 c:/program files/microchip/xc32/v2.40/bin/bin/../../lib/gcc/pic32c/6.2.1/../../../../pic32c/lib/v8-m.base\libg_nano.a(lib_a-findfp.o)
 .debug_ranges  0x00000428       0x18 c:/program files/microchip/xc32/v2.40/bin/bin/../../lib/gcc/pic32c/6.2.1/../../../../pic32c/lib/v8-m.base\libg_nano.a(lib_a-fwalk.o)
 .debug_ranges  0x00000440       0x30 c:/program files/microchip/xc32/v2.40/bin/bin/../../lib/gcc/pic32c/6.2.1/../../../../pic32c/lib/v8-m.base\libg_nano.a(lib_a-makebuf.o)
 .debug_ranges  0x00000470       0x10 c:/program files/microchip/xc32/v2.40/bin/bin/../../lib/gcc/pic32c/6.2.1/../../../../pic32c/lib/v8-m.base\libg_nano.a(lib_a-memset.o)
 .debug_ranges  0x00000480       0x28 c:/program files/microchip/xc32/v2.40/bin/bin/../../lib/gcc/pic32c/6.2.1/../../../../pic32c/lib/v8-m.base\libg_nano.a(lib_a-nano-freer.o)
 .debug_ranges  0x000004a8       0x60 c:/program files/microchip/xc32/v2.40/bin/bin/../../lib/gcc/pic32c/6.2.1/../../../../pic32c/lib/v8-m.base\libg_nano.a(lib_a-nano-mallocr.o)
 .debug_ranges  0x00000508       0x60 c:/program files/microchip/xc32/v2.40/bin/bin/../../lib/gcc/pic32c/6.2.1/../../../../pic32c/lib/v8-m.base\libg_nano.a(_lib_a-nano-vfprintf.cdnopuxX.o)
 .debug_ranges  0x00000568       0x90 c:/program files/microchip/xc32/v2.40/bin/bin/../../lib/gcc/pic32c/6.2.1/../../../../pic32c/lib/v8-m.base\libg_nano.a(lib_a-nano-vfprintf_i.o)
 .debug_ranges  0x000005f8       0x10 c:/program files/microchip/xc32/v2.40/bin/bin/../../lib/gcc/pic32c/6.2.1/../../../../pic32c/lib/v8-m.base\libg_nano.a(lib_a-sbrkr.o)
 .debug_ranges  0x00000608       0x30 c:/program files/microchip/xc32/v2.40/bin/bin/../../lib/gcc/pic32c/6.2.1/../../../../pic32c/lib/v8-m.base\libg_nano.a(lib_a-__ssfputs.o)
 .debug_ranges  0x00000638       0x30 c:/program files/microchip/xc32/v2.40/bin/bin/../../lib/gcc/pic32c/6.2.1/../../../../pic32c/lib/v8-m.base\libg_nano.a(lib_a-stdio.o)
 .debug_ranges  0x00000668       0x10 c:/program files/microchip/xc32/v2.40/bin/bin/../../lib/gcc/pic32c/6.2.1/../../../../pic32c/lib/v8-m.base\libg_nano.a(lib_a-writer.o)
 .debug_ranges  0x00000678       0x10 c:/program files/microchip/xc32/v2.40/bin/bin/../../lib/gcc/pic32c/6.2.1/../../../../pic32c/lib/v8-m.base\libg_nano.a(lib_a-closer.o)
 .debug_ranges  0x00000688       0x50 c:/program files/microchip/xc32/v2.40/bin/bin/../../lib/gcc/pic32c/6.2.1/../../../../pic32c/lib/v8-m.base\libg_nano.a(lib_a-fputwc.o)
 .debug_ranges  0x000006d8       0x10 c:/program files/microchip/xc32/v2.40/bin/bin/../../lib/gcc/pic32c/6.2.1/../../../../pic32c/lib/v8-m.base\libg_nano.a(lib_a-fstatr.o)
 .debug_ranges  0x000006e8       0x10 c:/program files/microchip/xc32/v2.40/bin/bin/../../lib/gcc/pic32c/6.2.1/../../../../pic32c/lib/v8-m.base\libg_nano.a(lib_a-isattyr.o)
 .debug_ranges  0x000006f8       0x30 c:/program files/microchip/xc32/v2.40/bin/bin/../../lib/gcc/pic32c/6.2.1/../../../../pic32c/lib/v8-m.base\libg_nano.a(lib_a-locale.o)
 .debug_ranges  0x00000728       0x10 c:/program files/microchip/xc32/v2.40/bin/bin/../../lib/gcc/pic32c/6.2.1/../../../../pic32c/lib/v8-m.base\libg_nano.a(lib_a-lseekr.o)
 .debug_ranges  0x00000738       0x18 c:/program files/microchip/xc32/v2.40/bin/bin/../../lib/gcc/pic32c/6.2.1/../../../../pic32c/lib/v8-m.base\libg_nano.a(lib_a-mbtowc_r.o)
 .debug_ranges  0x00000750       0x10 c:/program files/microchip/xc32/v2.40/bin/bin/../../lib/gcc/pic32c/6.2.1/../../../../pic32c/lib/v8-m.base\libg_nano.a(lib_a-memchr-stub.o)
 .debug_ranges  0x00000760       0x10 c:/program files/microchip/xc32/v2.40/bin/bin/../../lib/gcc/pic32c/6.2.1/../../../../pic32c/lib/v8-m.base\libg_nano.a(lib_a-mlock.o)
 .debug_ranges  0x00000770       0x10 c:/program files/microchip/xc32/v2.40/bin/bin/../../lib/gcc/pic32c/6.2.1/../../../../pic32c/lib/v8-m.base\libg_nano.a(lib_a-readr.o)
 .debug_ranges  0x00000780       0x48 c:/program files/microchip/xc32/v2.40/bin/bin/../../lib/gcc/pic32c/6.2.1/../../../../pic32c/lib/v8-m.base\libg_nano.a(lib_a-reent.o)
 .debug_ranges  0x000007c8       0x30 c:/program files/microchip/xc32/v2.40/bin/bin/../../lib/gcc/pic32c/6.2.1/../../../../pic32c/lib/v8-m.base\libg_nano.a(lib_a-wcrtomb.o)
 .debug_ranges  0x000007f8       0x18 c:/program files/microchip/xc32/v2.40/bin/bin/../../lib/gcc/pic32c/6.2.1/../../../../pic32c/lib/v8-m.base\libg_nano.a(lib_a-wctomb_r.o)
 .debug_ranges  0x00000810       0x10 c:/program files/microchip/xc32/v2.40/bin/bin/../../lib/gcc/pic32c/6.2.1/../../../../pic32c/lib/v8-m.base\libpic32c.a(_close.o)
 .debug_ranges  0x00000820       0x10 c:/program files/microchip/xc32/v2.40/bin/bin/../../lib/gcc/pic32c/6.2.1/../../../../pic32c/lib/v8-m.base\libpic32c.a(_fstat.o)
 .debug_ranges  0x00000830       0x10 c:/program files/microchip/xc32/v2.40/bin/bin/../../lib/gcc/pic32c/6.2.1/../../../../pic32c/lib/v8-m.base\libpic32c.a(_isatty.o)
 .debug_ranges  0x00000840       0x10 c:/program files/microchip/xc32/v2.40/bin/bin/../../lib/gcc/pic32c/6.2.1/../../../../pic32c/lib/v8-m.base\libpic32c.a(_lseek.o)
 .debug_ranges  0x00000850       0x10 c:/program files/microchip/xc32/v2.40/bin/bin/../../lib/gcc/pic32c/6.2.1/../../../../pic32c/lib/v8-m.base\libpic32c.a(_read.o)
 .debug_ranges  0x00000860       0x10 c:/program files/microchip/xc32/v2.40/bin/bin/../../lib/gcc/pic32c/6.2.1/../../../../pic32c/lib/v8-m.base\libpic32c.a(sbrk.o)
 .debug_ranges  0x00000870       0x10 c:/program files/microchip/xc32/v2.40/bin/bin/../../lib/gcc/pic32c/6.2.1/../../../../pic32c/lib/v8-m.base\libpic32c.a(_write.o)
 .debug_ranges  0x00000880       0x10 c:/program files/microchip/xc32/v2.40/bin/bin/../../lib/gcc/pic32c/6.2.1/../../../../pic32c/lib/v8-m.base\libpic32c.a(close.o)
 .debug_ranges  0x00000890       0x10 c:/program files/microchip/xc32/v2.40/bin/bin/../../lib/gcc/pic32c/6.2.1/../../../../pic32c/lib/v8-m.base\libpic32c.a(fstat.o)
 .debug_ranges  0x000008a0       0x10 c:/program files/microchip/xc32/v2.40/bin/bin/../../lib/gcc/pic32c/6.2.1/../../../../pic32c/lib/v8-m.base\libpic32c.a(isatty.o)
 .debug_ranges  0x000008b0       0x10 c:/program files/microchip/xc32/v2.40/bin/bin/../../lib/gcc/pic32c/6.2.1/../../../../pic32c/lib/v8-m.base\libpic32c.a(lseek.o)
 .debug_ranges  0x000008c0       0x10 c:/program files/microchip/xc32/v2.40/bin/bin/../../lib/gcc/pic32c/6.2.1/../../../../pic32c/lib/v8-m.base\libpic32c.a(read.o)
 .debug_ranges  0x000008d0       0x10 c:/program files/microchip/xc32/v2.40/bin/bin/../../lib/gcc/pic32c/6.2.1/../../../../pic32c/lib/v8-m.base\libpic32c.a(write.o)

.debug_line     0x00000000     0x7794
 .debug_line    0x00000000      0x25b build/Trustify/debug/_ext/2117940715/plib_nvmctrl.o
 .debug_line    0x0000025b       0x65 build/Trustify/debug/_ext/1025033151/plib_evsys.o
 .debug_line    0x000002c0      0x2c5 build/Trustify/debug/_ext/1247632078/plib_sercom0_usart.o
 .debug_line    0x00000585      0x19c build/Trustify/debug/_ext/1958438824/plib_pm.o
 .debug_line    0x00000721      0x237 build/Trustify/debug/_ext/1360937237/main.o
 .debug_line    0x00000958      0x3a0 build/Trustify/debug/_ext/1060005641/initialization.o
 .debug_line    0x00000cf8      0x18b build/Trustify/debug/_ext/1060005641/interrupts.o
 .debug_line    0x00000e83      0x152 build/Trustify/debug/_ext/1060005641/exceptions.o
 .debug_line    0x00000fd5      0x1bf build/Trustify/debug/_ext/874600305/xc32_monitor.o
 .debug_line    0x00001194      0x1d1 build/Trustify/debug/_ext/864028644/plib_port.o
 .debug_line    0x00001365      0x16f build/Trustify/debug/_ext/1027182637/plib_clock.o
 .debug_line    0x000014d4      0x189 build/Trustify/debug/_ext/864081795/plib_nvic.o
 .debug_line    0x0000165d      0x20e build/Trustify/debug/_ext/1883465617/plib_systick.o
 .debug_line    0x0000186b      0x1e3 build/Trustify/debug/_ext/1060005641/startup_xc32.o
 .debug_line    0x00001a4e      0x1a6 build/Trustify/debug/_ext/582071996/plib_eic.o
 .debug_line    0x00001bf4       0xe3 c:/program files/microchip/xc32/v2.40/bin/bin/../../lib/gcc/pic32c/6.2.1/../../../../pic32c/lib/v8-m.base\libpic32c.a(data_init.o)
 .debug_line    0x00001cd7      0x118 c:/program files/microchip/xc32/v2.40/bin/bin/../../lib/gcc/pic32c/6.2.1/../../../../pic32c/lib/v8-m.base\libg_nano.a(lib_a-init.o)
 .debug_line    0x00001def      0x1c8 c:/program files/microchip/xc32/v2.40/bin/bin/../../lib/gcc/pic32c/6.2.1/../../../../pic32c/lib/v8-m.base\libg_nano.a(_lib_a-printf.cdnopuxX.o)
 .debug_line    0x00001fb7      0x2a6 c:/program files/microchip/xc32/v2.40/bin/bin/../../lib/gcc/pic32c/6.2.1/../../../../pic32c/lib/v8-m.base\libg_nano.a(lib_a-puts.o)
 .debug_line    0x0000225d      0x27d c:/program files/microchip/xc32/v2.40/bin/bin/../../lib/gcc/pic32c/6.2.1/../../../../pic32c/lib/v8-m.base\libg_nano.a(lib_a-wbuf.o)
 .debug_line    0x000024da      0x26b c:/program files/microchip/xc32/v2.40/bin/bin/../../lib/gcc/pic32c/6.2.1/../../../../pic32c/lib/v8-m.base\libg_nano.a(lib_a-wsetup.o)
 .debug_line    0x00002745      0x2d3 c:/program files/microchip/xc32/v2.40/bin/bin/../../lib/gcc/pic32c/6.2.1/../../../../pic32c/lib/v8-m.base\libg_nano.a(lib_a-fflush.o)
 .debug_line    0x00002a18      0x315 c:/program files/microchip/xc32/v2.40/bin/bin/../../lib/gcc/pic32c/6.2.1/../../../../pic32c/lib/v8-m.base\libg_nano.a(lib_a-findfp.o)
 .debug_line    0x00002d2d      0x269 c:/program files/microchip/xc32/v2.40/bin/bin/../../lib/gcc/pic32c/6.2.1/../../../../pic32c/lib/v8-m.base\libg_nano.a(lib_a-fwalk.o)
 .debug_line    0x00002f96      0x17e c:/program files/microchip/xc32/v2.40/bin/bin/../../lib/gcc/pic32c/6.2.1/../../../../pic32c/lib/v8-m.base\libg_nano.a(lib_a-impure.o)
 .debug_line    0x00003114      0x328 c:/program files/microchip/xc32/v2.40/bin/bin/../../lib/gcc/pic32c/6.2.1/../../../../pic32c/lib/v8-m.base\libg_nano.a(lib_a-makebuf.o)
 .debug_line    0x0000343c      0x2ad c:/program files/microchip/xc32/v2.40/bin/bin/../../lib/gcc/pic32c/6.2.1/../../../../pic32c/lib/v8-m.base\libg_nano.a(lib_a-memset.o)
 .debug_line    0x000036e9      0x1d4 c:/program files/microchip/xc32/v2.40/bin/bin/../../lib/gcc/pic32c/6.2.1/../../../../pic32c/lib/v8-m.base\libg_nano.a(lib_a-nano-freer.o)
 .debug_line    0x000038bd      0x259 c:/program files/microchip/xc32/v2.40/bin/bin/../../lib/gcc/pic32c/6.2.1/../../../../pic32c/lib/v8-m.base\libg_nano.a(lib_a-nano-mallocr.o)
 .debug_line    0x00003b16      0x3c0 c:/program files/microchip/xc32/v2.40/bin/bin/../../lib/gcc/pic32c/6.2.1/../../../../pic32c/lib/v8-m.base\libg_nano.a(_lib_a-nano-vfprintf.cdnopuxX.o)
 .debug_line    0x00003ed6      0x490 c:/program files/microchip/xc32/v2.40/bin/bin/../../lib/gcc/pic32c/6.2.1/../../../../pic32c/lib/v8-m.base\libg_nano.a(lib_a-nano-vfprintf_i.o)
 .debug_line    0x00004366      0x214 c:/program files/microchip/xc32/v2.40/bin/bin/../../lib/gcc/pic32c/6.2.1/../../../../pic32c/lib/v8-m.base\libg_nano.a(lib_a-sbrkr.o)
 .debug_line    0x0000457a      0x365 c:/program files/microchip/xc32/v2.40/bin/bin/../../lib/gcc/pic32c/6.2.1/../../../../pic32c/lib/v8-m.base\libg_nano.a(lib_a-__ssfputs.o)
 .debug_line    0x000048df      0x2a3 c:/program files/microchip/xc32/v2.40/bin/bin/../../lib/gcc/pic32c/6.2.1/../../../../pic32c/lib/v8-m.base\libg_nano.a(lib_a-stdio.o)
 .debug_line    0x00004b82      0x211 c:/program files/microchip/xc32/v2.40/bin/bin/../../lib/gcc/pic32c/6.2.1/../../../../pic32c/lib/v8-m.base\libg_nano.a(lib_a-writer.o)
 .debug_line    0x00004d93      0x215 c:/program files/microchip/xc32/v2.40/bin/bin/../../lib/gcc/pic32c/6.2.1/../../../../pic32c/lib/v8-m.base\libg_nano.a(lib_a-closer.o)
 .debug_line    0x00004fa8      0x2a0 c:/program files/microchip/xc32/v2.40/bin/bin/../../lib/gcc/pic32c/6.2.1/../../../../pic32c/lib/v8-m.base\libg_nano.a(lib_a-fputwc.o)
 .debug_line    0x00005248      0x2c3 c:/program files/microchip/xc32/v2.40/bin/bin/../../lib/gcc/pic32c/6.2.1/../../../../pic32c/lib/v8-m.base\libg_nano.a(lib_a-fstatr.o)
 .debug_line    0x0000550b      0x216 c:/program files/microchip/xc32/v2.40/bin/bin/../../lib/gcc/pic32c/6.2.1/../../../../pic32c/lib/v8-m.base\libg_nano.a(lib_a-isattyr.o)
 .debug_line    0x00005721      0x331 c:/program files/microchip/xc32/v2.40/bin/bin/../../lib/gcc/pic32c/6.2.1/../../../../pic32c/lib/v8-m.base\libg_nano.a(lib_a-locale.o)
 .debug_line    0x00005a52      0x211 c:/program files/microchip/xc32/v2.40/bin/bin/../../lib/gcc/pic32c/6.2.1/../../../../pic32c/lib/v8-m.base\libg_nano.a(lib_a-lseekr.o)
 .debug_line    0x00005c63      0x2d9 c:/program files/microchip/xc32/v2.40/bin/bin/../../lib/gcc/pic32c/6.2.1/../../../../pic32c/lib/v8-m.base\libg_nano.a(lib_a-mbtowc_r.o)
 .debug_line    0x00005f3c      0x21c c:/program files/microchip/xc32/v2.40/bin/bin/../../lib/gcc/pic32c/6.2.1/../../../../pic32c/lib/v8-m.base\libg_nano.a(lib_a-memchr-stub.o)
 .debug_line    0x00006158      0x18e c:/program files/microchip/xc32/v2.40/bin/bin/../../lib/gcc/pic32c/6.2.1/../../../../pic32c/lib/v8-m.base\libg_nano.a(lib_a-mlock.o)
 .debug_line    0x000062e6      0x210 c:/program files/microchip/xc32/v2.40/bin/bin/../../lib/gcc/pic32c/6.2.1/../../../../pic32c/lib/v8-m.base\libg_nano.a(lib_a-readr.o)
 .debug_line    0x000064f6      0x23f c:/program files/microchip/xc32/v2.40/bin/bin/../../lib/gcc/pic32c/6.2.1/../../../../pic32c/lib/v8-m.base\libg_nano.a(lib_a-reent.o)
 .debug_line    0x00006735      0x2ee c:/program files/microchip/xc32/v2.40/bin/bin/../../lib/gcc/pic32c/6.2.1/../../../../pic32c/lib/v8-m.base\libg_nano.a(lib_a-wcrtomb.o)
 .debug_line    0x00006a23      0x2cf c:/program files/microchip/xc32/v2.40/bin/bin/../../lib/gcc/pic32c/6.2.1/../../../../pic32c/lib/v8-m.base\libg_nano.a(lib_a-wctomb_r.o)
 .debug_line    0x00006cf2      0x21e c:/program files/microchip/xc32/v2.40/bin/bin/../../lib/gcc/pic32c/6.2.1/../../../../pic32c/lib/v8-m.base\libg_nano.a(lib_a-ctype_.o)
 .debug_line    0x00006f10       0x9d c:/program files/microchip/xc32/v2.40/bin/bin/../../lib/gcc/pic32c/6.2.1/../../../../pic32c/lib/v8-m.base\libpic32c.a(_close.o)
 .debug_line    0x00006fad       0x9d c:/program files/microchip/xc32/v2.40/bin/bin/../../lib/gcc/pic32c/6.2.1/../../../../pic32c/lib/v8-m.base\libpic32c.a(_fstat.o)
 .debug_line    0x0000704a       0x9e c:/program files/microchip/xc32/v2.40/bin/bin/../../lib/gcc/pic32c/6.2.1/../../../../pic32c/lib/v8-m.base\libpic32c.a(_isatty.o)
 .debug_line    0x000070e8       0x9d c:/program files/microchip/xc32/v2.40/bin/bin/../../lib/gcc/pic32c/6.2.1/../../../../pic32c/lib/v8-m.base\libpic32c.a(_lseek.o)
 .debug_line    0x00007185       0x9c c:/program files/microchip/xc32/v2.40/bin/bin/../../lib/gcc/pic32c/6.2.1/../../../../pic32c/lib/v8-m.base\libpic32c.a(_read.o)
 .debug_line    0x00007221       0xa4 c:/program files/microchip/xc32/v2.40/bin/bin/../../lib/gcc/pic32c/6.2.1/../../../../pic32c/lib/v8-m.base\libpic32c.a(sbrk.o)
 .debug_line    0x000072c5       0x9d c:/program files/microchip/xc32/v2.40/bin/bin/../../lib/gcc/pic32c/6.2.1/../../../../pic32c/lib/v8-m.base\libpic32c.a(_write.o)
 .debug_line    0x00007362       0x9b c:/program files/microchip/xc32/v2.40/bin/bin/../../lib/gcc/pic32c/6.2.1/../../../../pic32c/lib/v8-m.base\libpic32c.a(close.o)
 .debug_line    0x000073fd      0x104 c:/program files/microchip/xc32/v2.40/bin/bin/../../lib/gcc/pic32c/6.2.1/../../../../pic32c/lib/v8-m.base\libpic32c.a(fstat.o)
 .debug_line    0x00007501       0x9c c:/program files/microchip/xc32/v2.40/bin/bin/../../lib/gcc/pic32c/6.2.1/../../../../pic32c/lib/v8-m.base\libpic32c.a(isatty.o)
 .debug_line    0x0000759d       0x9b c:/program files/microchip/xc32/v2.40/bin/bin/../../lib/gcc/pic32c/6.2.1/../../../../pic32c/lib/v8-m.base\libpic32c.a(lseek.o)
 .debug_line    0x00007638       0xae c:/program files/microchip/xc32/v2.40/bin/bin/../../lib/gcc/pic32c/6.2.1/../../../../pic32c/lib/v8-m.base\libpic32c.a(read.o)
 .debug_line    0x000076e6       0xae c:/program files/microchip/xc32/v2.40/bin/bin/../../lib/gcc/pic32c/6.2.1/../../../../pic32c/lib/v8-m.base\libpic32c.a(write.o)

.debug_str      0x00000000      0xf40
 .debug_str     0x00000000       0x16 build/Trustify/debug/_ext/2117940715/plib_nvmctrl.o
 .debug_str     0x00000016        0x0 build/Trustify/debug/_ext/1025033151/plib_evsys.o
 .debug_str     0x00000016      0x11f build/Trustify/debug/_ext/1247632078/plib_sercom0_usart.o
 .debug_str     0x00000135        0x0 build/Trustify/debug/_ext/1958438824/plib_pm.o
 .debug_str     0x00000135       0x39 build/Trustify/debug/_ext/1360937237/main.o
 .debug_str     0x0000016e       0xb1 build/Trustify/debug/_ext/1060005641/initialization.o
 .debug_str     0x0000021f        0xe build/Trustify/debug/_ext/1060005641/interrupts.o
 .debug_str     0x0000022d        0xe build/Trustify/debug/_ext/1060005641/exceptions.o
 .debug_str     0x0000023b       0x35 build/Trustify/debug/_ext/874600305/xc32_monitor.o
 .debug_str     0x00000270        0xb build/Trustify/debug/_ext/864028644/plib_port.o
 .debug_str     0x0000027b       0x1e build/Trustify/debug/_ext/1027182637/plib_clock.o
 .debug_str     0x00000299        0x0 build/Trustify/debug/_ext/864081795/plib_nvic.o
 .debug_str     0x00000299        0x9 build/Trustify/debug/_ext/1883465617/plib_systick.o
 .debug_str     0x000002a2       0x79 build/Trustify/debug/_ext/1060005641/startup_xc32.o
 .debug_str     0x0000031b        0x9 build/Trustify/debug/_ext/582071996/plib_eic.o
 .debug_str     0x00000324        0x0 c:/program files/microchip/xc32/v2.40/bin/bin/../../lib/gcc/pic32c/6.2.1/../../../../pic32c/lib/v8-m.base\libpic32c.a(data_init.o)
 .debug_str     0x00000324        0x0 c:/program files/microchip/xc32/v2.40/bin/bin/../../lib/gcc/pic32c/6.2.1/../../../../pic32c/lib/v8-m.base\libg_nano.a(lib_a-init.o)
 .debug_str     0x00000324       0x1c c:/program files/microchip/xc32/v2.40/bin/bin/../../lib/gcc/pic32c/6.2.1/../../../../pic32c/lib/v8-m.base\libg_nano.a(_lib_a-printf.cdnopuxX.o)
 .debug_str     0x00000340       0x1f c:/program files/microchip/xc32/v2.40/bin/bin/../../lib/gcc/pic32c/6.2.1/../../../../pic32c/lib/v8-m.base\libg_nano.a(lib_a-puts.o)
 .debug_str     0x0000035f       0x1f c:/program files/microchip/xc32/v2.40/bin/bin/../../lib/gcc/pic32c/6.2.1/../../../../pic32c/lib/v8-m.base\libg_nano.a(lib_a-wbuf.o)
 .debug_str     0x0000037e       0x16 c:/program files/microchip/xc32/v2.40/bin/bin/../../lib/gcc/pic32c/6.2.1/../../../../pic32c/lib/v8-m.base\libg_nano.a(lib_a-wsetup.o)
 .debug_str     0x00000394       0x16 c:/program files/microchip/xc32/v2.40/bin/bin/../../lib/gcc/pic32c/6.2.1/../../../../pic32c/lib/v8-m.base\libg_nano.a(lib_a-fflush.o)
 .debug_str     0x000003aa       0x20 c:/program files/microchip/xc32/v2.40/bin/bin/../../lib/gcc/pic32c/6.2.1/../../../../pic32c/lib/v8-m.base\libg_nano.a(lib_a-findfp.o)
 .debug_str     0x000003ca        0x9 c:/program files/microchip/xc32/v2.40/bin/bin/../../lib/gcc/pic32c/6.2.1/../../../../pic32c/lib/v8-m.base\libg_nano.a(lib_a-fwalk.o)
 .debug_str     0x000003d3        0x9 c:/program files/microchip/xc32/v2.40/bin/bin/../../lib/gcc/pic32c/6.2.1/../../../../pic32c/lib/v8-m.base\libg_nano.a(lib_a-impure.o)
 .debug_str     0x000003dc       0x31 c:/program files/microchip/xc32/v2.40/bin/bin/../../lib/gcc/pic32c/6.2.1/../../../../pic32c/lib/v8-m.base\libg_nano.a(lib_a-makebuf.o)
 .debug_str     0x0000040d      0x114 c:/program files/microchip/xc32/v2.40/bin/bin/../../lib/gcc/pic32c/6.2.1/../../../../pic32c/lib/v8-m.base\libg_nano.a(lib_a-memset.o)
 .debug_str     0x00000521       0x27 c:/program files/microchip/xc32/v2.40/bin/bin/../../lib/gcc/pic32c/6.2.1/../../../../pic32c/lib/v8-m.base\libg_nano.a(lib_a-nano-freer.o)
 .debug_str     0x00000548       0x31 c:/program files/microchip/xc32/v2.40/bin/bin/../../lib/gcc/pic32c/6.2.1/../../../../pic32c/lib/v8-m.base\libg_nano.a(lib_a-nano-mallocr.o)
 .debug_str     0x00000579      0x13b c:/program files/microchip/xc32/v2.40/bin/bin/../../lib/gcc/pic32c/6.2.1/../../../../pic32c/lib/v8-m.base\libg_nano.a(_lib_a-nano-vfprintf.cdnopuxX.o)
 .debug_str     0x000006b4      0x11b c:/program files/microchip/xc32/v2.40/bin/bin/../../lib/gcc/pic32c/6.2.1/../../../../pic32c/lib/v8-m.base\libg_nano.a(lib_a-nano-vfprintf_i.o)
 .debug_str     0x000007cf        0x9 c:/program files/microchip/xc32/v2.40/bin/bin/../../lib/gcc/pic32c/6.2.1/../../../../pic32c/lib/v8-m.base\libg_nano.a(lib_a-sbrkr.o)
 .debug_str     0x000007d8      0x128 c:/program files/microchip/xc32/v2.40/bin/bin/../../lib/gcc/pic32c/6.2.1/../../../../pic32c/lib/v8-m.base\libg_nano.a(lib_a-__ssfputs.o)
 .debug_str     0x00000900       0x2b c:/program files/microchip/xc32/v2.40/bin/bin/../../lib/gcc/pic32c/6.2.1/../../../../pic32c/lib/v8-m.base\libg_nano.a(lib_a-stdio.o)
 .debug_str     0x0000092b       0x10 c:/program files/microchip/xc32/v2.40/bin/bin/../../lib/gcc/pic32c/6.2.1/../../../../pic32c/lib/v8-m.base\libg_nano.a(lib_a-writer.o)
 .debug_str     0x0000093b       0x10 c:/program files/microchip/xc32/v2.40/bin/bin/../../lib/gcc/pic32c/6.2.1/../../../../pic32c/lib/v8-m.base\libg_nano.a(lib_a-closer.o)
 .debug_str     0x0000094b       0x32 c:/program files/microchip/xc32/v2.40/bin/bin/../../lib/gcc/pic32c/6.2.1/../../../../pic32c/lib/v8-m.base\libg_nano.a(lib_a-fputwc.o)
 .debug_str     0x0000097d        0x9 c:/program files/microchip/xc32/v2.40/bin/bin/../../lib/gcc/pic32c/6.2.1/../../../../pic32c/lib/v8-m.base\libg_nano.a(lib_a-fstatr.o)
 .debug_str     0x00000986        0x9 c:/program files/microchip/xc32/v2.40/bin/bin/../../lib/gcc/pic32c/6.2.1/../../../../pic32c/lib/v8-m.base\libg_nano.a(lib_a-isattyr.o)
 .debug_str     0x0000098f      0x134 c:/program files/microchip/xc32/v2.40/bin/bin/../../lib/gcc/pic32c/6.2.1/../../../../pic32c/lib/v8-m.base\libg_nano.a(lib_a-locale.o)
 .debug_str     0x00000ac3        0x9 c:/program files/microchip/xc32/v2.40/bin/bin/../../lib/gcc/pic32c/6.2.1/../../../../pic32c/lib/v8-m.base\libg_nano.a(lib_a-lseekr.o)
 .debug_str     0x00000acc      0x114 c:/program files/microchip/xc32/v2.40/bin/bin/../../lib/gcc/pic32c/6.2.1/../../../../pic32c/lib/v8-m.base\libg_nano.a(lib_a-mbtowc_r.o)
 .debug_str     0x00000be0        0x9 c:/program files/microchip/xc32/v2.40/bin/bin/../../lib/gcc/pic32c/6.2.1/../../../../pic32c/lib/v8-m.base\libg_nano.a(lib_a-memchr-stub.o)
 .debug_str     0x00000be9        0x9 c:/program files/microchip/xc32/v2.40/bin/bin/../../lib/gcc/pic32c/6.2.1/../../../../pic32c/lib/v8-m.base\libg_nano.a(lib_a-mlock.o)
 .debug_str     0x00000bf2        0x9 c:/program files/microchip/xc32/v2.40/bin/bin/../../lib/gcc/pic32c/6.2.1/../../../../pic32c/lib/v8-m.base\libg_nano.a(lib_a-readr.o)
 .debug_str     0x00000bfb        0x9 c:/program files/microchip/xc32/v2.40/bin/bin/../../lib/gcc/pic32c/6.2.1/../../../../pic32c/lib/v8-m.base\libg_nano.a(lib_a-reent.o)
 .debug_str     0x00000c04      0x114 c:/program files/microchip/xc32/v2.40/bin/bin/../../lib/gcc/pic32c/6.2.1/../../../../pic32c/lib/v8-m.base\libg_nano.a(lib_a-wcrtomb.o)
 .debug_str     0x00000d18      0x114 c:/program files/microchip/xc32/v2.40/bin/bin/../../lib/gcc/pic32c/6.2.1/../../../../pic32c/lib/v8-m.base\libg_nano.a(lib_a-wctomb_r.o)
 .debug_str     0x00000e2c      0x114 c:/program files/microchip/xc32/v2.40/bin/bin/../../lib/gcc/pic32c/6.2.1/../../../../pic32c/lib/v8-m.base\libg_nano.a(lib_a-ctype_.o)
 .debug_str     0x00000f40        0x0 c:/program files/microchip/xc32/v2.40/bin/bin/../../lib/gcc/pic32c/6.2.1/../../../../pic32c/lib/v8-m.base\libpic32c.a(_close.o)
 .debug_str     0x00000f40        0x0 c:/program files/microchip/xc32/v2.40/bin/bin/../../lib/gcc/pic32c/6.2.1/../../../../pic32c/lib/v8-m.base\libpic32c.a(_fstat.o)
 .debug_str     0x00000f40        0x0 c:/program files/microchip/xc32/v2.40/bin/bin/../../lib/gcc/pic32c/6.2.1/../../../../pic32c/lib/v8-m.base\libpic32c.a(_isatty.o)