Archive member included to satisfy reference by file (symbol)

c:/program files/microchip/xc32/v2.40/bin/bin/../../lib/gcc/pic32c/6.2.1/../../../../pic32c/lib/v8-m.base\libpic32c.a(data_init.o)
                              build/Trustify/production/_ext/1060005641/startup_xc32.o (__pic32c_data_initialization)
c:/program files/microchip/xc32/v2.40/bin/bin/../../lib/gcc/pic32c/6.2.1/v8-m.base\libgcc.a(_aeabi_uldivmod.o)
                              build/Trustify/production/_ext/1247632078/plib_sercom0_usart.o (__aeabi_uldivmod)
c:/program files/microchip/xc32/v2.40/bin/bin/../../lib/gcc/pic32c/6.2.1/v8-m.base\libgcc.a(_muldi3.o)
                              build/Trustify/production/_ext/1247632078/plib_sercom0_usart.o (__aeabi_lmul)
c:/program files/microchip/xc32/v2.40/bin/bin/../../lib/gcc/pic32c/6.2.1/v8-m.base\libgcc.a(_udivmoddi4.o)
                              c:/program files/microchip/xc32/v2.40/bin/bin/../../lib/gcc/pic32c/6.2.1/v8-m.base\libgcc.a(_aeabi_uldivmod.o) (__udivmoddi4)
c:/program files/microchip/xc32/v2.40/bin/bin/../../lib/gcc/pic32c/6.2.1/v8-m.base\libgcc.a(_dvmd_tls.o)
                              c:/program files/microchip/xc32/v2.40/bin/bin/../../lib/gcc/pic32c/6.2.1/v8-m.base\libgcc.a(_aeabi_uldivmod.o) (__aeabi_ldiv0)
c:/program files/microchip/xc32/v2.40/bin/bin/../../lib/gcc/pic32c/6.2.1/v8-m.base\libgcc.a(_clzsi2.o)
                              c:/program files/microchip/xc32/v2.40/bin/bin/../../lib/gcc/pic32c/6.2.1/v8-m.base\libgcc.a(_udivmoddi4.o) (__clzsi2)
c:/program files/microchip/xc32/v2.40/bin/bin/../../lib/gcc/pic32c/6.2.1/../../../../pic32c/lib/v8-m.base\libc_nano.a(lib_a-init.o)
                              build/Trustify/production/_ext/1060005641/startup_xc32.o (__libc_init_array)
c:/program files/microchip/xc32/v2.40/bin/bin/../../lib/gcc/pic32c/6.2.1/../../../../pic32c/lib/v8-m.base\libc_nano.a(lib_a-memcpy-stub.o)
                              build/Trustify/production/_ext/2117940715/plib_nvmctrl.o (memcpy)
c:/program files/microchip/xc32/v2.40/bin/bin/../../lib/gcc/pic32c/6.2.1/../../../../pic32c/lib/v8-m.base\libc_nano.a(_lib_a-printf.cdnopuxX.o)
                              (_printf_cdnopuxX)
c:/program files/microchip/xc32/v2.40/bin/bin/../../lib/gcc/pic32c/6.2.1/../../../../pic32c/lib/v8-m.base\libc_nano.a(lib_a-puts.o)
                              build/Trustify/production/_ext/1360937237/main.o (puts)
c:/program files/microchip/xc32/v2.40/bin/bin/../../lib/gcc/pic32c/6.2.1/../../../../pic32c/lib/v8-m.base\libc_nano.a(lib_a-wbuf.o)
                              c:/program files/microchip/xc32/v2.40/bin/bin/../../lib/gcc/pic32c/6.2.1/../../../../pic32c/lib/v8-m.base\libc_nano.a(lib_a-puts.o) (__swbuf_r)
c:/program files/microchip/xc32/v2.40/bin/bin/../../lib/gcc/pic32c/6.2.1/../../../../pic32c/lib/v8-m.base\libc_nano.a(lib_a-wsetup.o)
                              c:/program files/microchip/xc32/v2.40/bin/bin/../../lib/gcc/pic32c/6.2.1/../../../../pic32c/lib/v8-m.base\libc_nano.a(lib_a-puts.o) (__swsetup_r)
c:/program files/microchip/xc32/v2.40/bin/bin/../../lib/gcc/pic32c/6.2.1/../../../../pic32c/lib/v8-m.base\libc_nano.a(lib_a-fflush.o)
                              c:/program files/microchip/xc32/v2.40/bin/bin/../../lib/gcc/pic32c/6.2.1/../../../../pic32c/lib/v8-m.base\libc_nano.a(lib_a-wbuf.o) (_fflush_r)
c:/program files/microchip/xc32/v2.40/bin/bin/../../lib/gcc/pic32c/6.2.1/../../../../pic32c/lib/v8-m.base\libc_nano.a(lib_a-findfp.o)
                              c:/program files/microchip/xc32/v2.40/bin/bin/../../lib/gcc/pic32c/6.2.1/../../../../pic32c/lib/v8-m.base\libc_nano.a(lib_a-puts.o) (__sinit)
c:/program files/microchip/xc32/v2.40/bin/bin/../../lib/gcc/pic32c/6.2.1/../../../../pic32c/lib/v8-m.base\libc_nano.a(lib_a-fwalk.o)
                              c:/program files/microchip/xc32/v2.40/bin/bin/../../lib/gcc/pic32c/6.2.1/../../../../pic32c/lib/v8-m.base\libc_nano.a(lib_a-fflush.o) (_fwalk_reent)
c:/program files/microchip/xc32/v2.40/bin/bin/../../lib/gcc/pic32c/6.2.1/../../../../pic32c/lib/v8-m.base\libc_nano.a(lib_a-impure.o)
                              c:/program files/microchip/xc32/v2.40/bin/bin/../../lib/gcc/pic32c/6.2.1/../../../../pic32c/lib/v8-m.base\libc_nano.a(lib_a-fflush.o) (_global_impure_ptr)
c:/program files/microchip/xc32/v2.40/bin/bin/../../lib/gcc/pic32c/6.2.1/../../../../pic32c/lib/v8-m.base\libc_nano.a(lib_a-makebuf.o)
                              c:/program files/microchip/xc32/v2.40/bin/bin/../../lib/gcc/pic32c/6.2.1/../../../../pic32c/lib/v8-m.base\libc_nano.a(lib_a-wsetup.o) (__smakebuf_r)
c:/program files/microchip/xc32/v2.40/bin/bin/../../lib/gcc/pic32c/6.2.1/../../../../pic32c/lib/v8-m.base\libc_nano.a(lib_a-memset.o)
                              c:/program files/microchip/xc32/v2.40/bin/bin/../../lib/gcc/pic32c/6.2.1/../../../../pic32c/lib/v8-m.base\libc_nano.a(lib_a-findfp.o) (memset)
[...]
Memory Configuration

Name             Origin             Length             Attributes
rom              0x00000000         0x00008000         xrl
ram              0x20000000         0x00002000         xw !r
config_00804000  0x00804000         0x00000004
config_00804004  0x00804004         0x00000004
config_00804008  0x00804008         0x00000004
config_0080400C  0x0080400c         0x00000004
config_00804010  0x00804010         0x00000004
config_00804014  0x00804014         0x00000004
config_00804018  0x00804018         0x00000004
config_0080401C  0x0080401c         0x00000004
config_0080C000  0x0080c000         0x00000004
config_0080C004  0x0080c004         0x00000004
config_0080C008  0x0080c008         0x00000004
config_0080C010  0x0080c010         0x00000004
config_0080C014  0x0080c014         0x00000004
config_0080C018  0x0080c018         0x00000004
config_0080C01C  0x0080c01c         0x00000004
config_0080C020  0x0080c020         0x00000004
config_0080C024  0x0080c024         0x00000004
config_0080C028  0x0080c028         0x00000004
config_0080C02C  0x0080c02c         0x00000004
config_0080C030  0x0080c030         0x00000004
config_0080C034  0x0080c034         0x00000004
config_0080C038  0x0080c038         0x00000004
config_0080C03C  0x0080c03c         0x00000004
config_0080C040  0x0080c040         0x00000004
config_0080C044  0x0080c044         0x00000004
config_0080C048  0x0080c048         0x00000004
config_0080C04C  0x0080c04c         0x00000004
config_0080C050  0x0080c050         0x00000004
config_0080C054  0x0080c054         0x00000004
config_0080C058  0x0080c058         0x00000004
config_0080C05C  0x0080c05c         0x00000004
config_0080C060  0x0080c060         0x00000004
config_0080C064  0x0080c064         0x00000004
config_0080C068  0x0080c068         0x00000004
config_0080C06C  0x0080c06c         0x00000004
config_0080C0E0  0x0080c0e0         0x00000004
config_0080C0E4  0x0080c0e4         0x00000004
config_0080C0E8  0x0080c0e8         0x00000004
config_0080C0EC  0x0080c0ec         0x00000004
config_0080C0F0  0x0080c0f0         0x00000004
config_0080C0F4  0x0080c0f4         0x00000004
config_0080C0F8  0x0080c0f8         0x00000004
config_0080C0FC  0x0080c0fc         0x00000004
*default*        0x00000000         0xffffffff

Linker script and memory map

LOAD c:/program files/microchip/xc32/v2.40/bin/bin/../../lib/gcc/pic32c/6.2.1/v8-m.base/crti.o
LOAD c:/program files/microchip/xc32/v2.40/bin/bin/../../lib/gcc/pic32c/6.2.1/v8-m.base/crtbegin.o
LOAD build/Trustify/production/_ext/2117940715/plib_nvmctrl.o
LOAD build/Trustify/production/_ext/1025033151/plib_evsys.o
LOAD build/Trustify/production/_ext/1247632078/plib_sercom0_usart.o
LOAD build/Trustify/production/_ext/1958438824/plib_pm.o
LOAD build/Trustify/production/_ext/1360937237/main.o
LOAD build/Trustify/production/_ext/1060005641/initialization.o
LOAD build/Trustify/production/_ext/1060005641/interrupts.o
LOAD build/Trustify/production/_ext/1060005641/exceptions.o
LOAD build/Trustify/production/_ext/874600305/xc32_monitor.o
LOAD build/Trustify/production/_ext/864028644/plib_port.o
LOAD build/Trustify/production/_ext/1027182637/plib_clock.o
LOAD build/Trustify/production/_ext/864081795/plib_nvic.o
LOAD build/Trustify/production/_ext/1883465617/plib_systick.o
LOAD build/Trustify/production/_ext/1060005641/startup_xc32.o
LOAD build/Trustify/production/_ext/1060005641/libc_syscalls.o
LOAD build/Trustify/production/_ext/582071996/plib_eic.o
                0x00000001                __MPLAB_BUILD = 0x1
                0x00000200                _min_heap_size = 0x200
START GROUP
LOAD c:/program files/microchip/xc32/v2.40/bin/bin/../../lib/gcc/pic32c/6.2.1/../../../../pic32c/lib/v8-m.base\libpic32c.a
LOAD c:/program files/microchip/xc32/v2.40/bin/bin/../../lib/gcc/pic32c/6.2.1/v8-m.base\libgcc.a
LOAD c:/program files/microchip/xc32/v2.40/bin/bin/../../lib/gcc/pic32c/6.2.1/../../../../pic32c/lib/v8-m.base\libm_nano.a
LOAD c:/program files/microchip/xc32/v2.40/bin/bin/../../lib/gcc/pic32c/6.2.1/../../../../pic32c/lib/v8-m.base\libc_nano.a
END GROUP
LOAD c:/program files/microchip/xc32/v2.40/bin/bin/../../lib/gcc/pic32c/6.2.1/v8-m.base/crtend.o
LOAD c:/program files/microchip/xc32/v2.40/bin/bin/../../lib/gcc/pic32c/6.2.1/v8-m.base/crtn.o
                0x00008000                __rom_end = (ORIGIN (rom) + LENGTH (rom))
                0x00008000                __rom_nsc_end = (ORIGIN (rom_nsc) + LENGTH (rom_nsc))
                0x20002000                __ram_end = (ORIGIN (ram) + LENGTH (ram))

.config_00804000
                0x00804000        0x4
 *(.config_00804000)
 .config_00804000
                0x00804000        0x4 build/Trustify/production/_ext/1060005641/initialization.o

.config_00804004
                0x00804004        0x4
 *(.config_00804004)
 .config_00804004
                0x00804004        0x4 build/Trustify/production/_ext/1060005641/initialization.o

.config_00804008
 *(.config_00804008)

.config_0080400C
 *(.config_0080400C)

.config_00804010
 *(.config_00804010)

.config_00804014
 *(.config_00804014)

.config_00804018
 *(.config_00804018)

.config_0080401C
 *(.config_0080401C)

.config_0080C000
 *(.config_0080C000)

.config_0080C004
 *(.config_0080C004)

.config_0080C008
 *(.config_0080C008)

.config_0080C010
 *(.config_0080C010)

.config_0080C014
 *(.config_0080C014)

.config_0080C018
 *(.config_0080C018)

.config_0080C01C
 *(.config_0080C01C)

.config_0080C020
 *(.config_0080C020)

.config_0080C024
 *(.config_0080C024)

.config_0080C028
 *(.config_0080C028)

.config_0080C02C
 *(.config_0080C02C)

.config_0080C030
 *(.config_0080C030)

.config_0080C034
 *(.config_0080C034)

.config_0080C038
 *(.config_0080C038)

.config_0080C03C
 *(.config_0080C03C)

.config_0080C040
 *(.config_0080C040)

.config_0080C044
 *(.config_0080C044)

.config_0080C048
 *(.config_0080C048)

.config_0080C04C
 *(.config_0080C04C)

.config_0080C050
 *(.config_0080C050)

.config_0080C054
 *(.config_0080C054)

.config_0080C058
 *(.config_0080C058)

.config_0080C05C
 *(.config_0080C05C)

.config_0080C060
 *(.config_0080C060)

.config_0080C064
 *(.config_0080C064)

.config_0080C068
 *(.config_0080C068)

.config_0080C06C
 *(.config_0080C06C)

.config_0080C0E0
 *(.config_0080C0E0)

.config_0080C0E4
 *(.config_0080C0E4)

.config_0080C0E8
 *(.config_0080C0E8)

.config_0080C0EC
 *(.config_0080C0EC)

.config_0080C0F0
 *(.config_0080C0F0)

.config_0080C0F4
 *(.config_0080C0F4)

.config_0080C0F8
 *(.config_0080C0F8)

.config_0080C0FC
 *(.config_0080C0FC)

.vectors        0x00000000       0xf4
                0x00000000                . = ALIGN (0x4)
                0x00000000                _sfixed = .
 *(.vectors .vectors.* .vectors_default .vectors_default.*)
 .vectors       0x00000000       0xf4 build/Trustify/production/_ext/1060005641/interrupts.o
                0x00000000                exception_table
 *(.isr_vector)
 *(.reset*)
 *(.after_vectors)

.text           0x000000f4       0x20
                0x000000f4                . = ALIGN (0x4)
 *(.glue_7t)
 .glue_7t       0x000000f4        0x0 linker stubs
 *(.glue_7)
 .glue_7        0x000000f4        0x0 linker stubs
 *(.gnu.linkonce.r.*)
 *(.ARM.extab* .gnu.linkonce.armextab.*)
                0x000000f4                . = ALIGN (0x4)
 *(.init)
 .init          0x000000f4        0x4 c:/program files/microchip/xc32/v2.40/bin/bin/../../lib/gcc/pic32c/6.2.1/v8-m.base/crti.o
                0x000000f4                _init
 .init          0x000000f8        0x8 c:/program files/microchip/xc32/v2.40/bin/bin/../../lib/gcc/pic32c/6.2.1/v8-m.base/crtn.o
                0x00000100                . = ALIGN (0x4)
                0x00000100                __preinit_array_start = .
 *(.preinit_array)
                0x00000100                __preinit_array_end = .
                0x00000100                . = ALIGN (0x4)
                0x00000100                __init_array_start = .
 *(SORT(.init_array.*))
 *(.init_array)
 .init_array    0x00000100        0x4 c:/program files/microchip/xc32/v2.40/bin/bin/../../lib/gcc/pic32c/6.2.1/v8-m.base/crtbegin.o
                0x00000104                __init_array_end = .
                0x00000104                . = ALIGN (0x4)
 *crtbegin.o(.ctors)
 *(EXCLUDE_FILE(*crtend.o) .ctors)
 *(SORT(.ctors.*))
 *crtend.o(.ctors)
                0x00000104                . = ALIGN (0x4)
 *(.fini)
 .fini          0x00000104        0x4 c:/program files/microchip/xc32/v2.40/bin/bin/../../lib/gcc/pic32c/6.2.1/v8-m.base/crti.o
                0x00000104                _fini
 .fini          0x00000108        0x8 c:/program files/microchip/xc32/v2.40/bin/bin/../../lib/gcc/pic32c/6.2.1/v8-m.base/crtn.o
                0x00000110                . = ALIGN (0x4)
                0x00000110                __fini_array_start = .
 *(.fini_array)
 .fini_array    0x00000110        0x4 c:/program files/microchip/xc32/v2.40/bin/bin/../../lib/gcc/pic32c/6.2.1/v8-m.base/crtbegin.o
 *(SORT(.fini_array.*))
                0x00000114                __fini_array_end = .
 *crtbegin.o(.dtors)
 *(EXCLUDE_FILE(*crtend.o) .dtors)
 *(SORT(.dtors.*))
 *crtend.o(.dtors)
                0x00000114                . = ALIGN (0x4)
                0x00000114                _efixed = .
                [!provide]                PROVIDE (__exidx_start, .)

.ARM.exidx
 *(.ARM.exidx* .gnu.linkonce.armexidx.*)
                [!provide]                PROVIDE (__exidx_end, .)
                0x00000114                . = ALIGN (0x4)
                0x00000114                _etext = .
                0x00000114                . = ALIGN (0x4)

.gnu.sgstubs    0x00008000        0x0
                0x00008000                _ssgstubs = .

.bss            0x20000000       0x70
                0x20000000                . = ALIGN (0x4)
                0x20000000                __bss_start__ = .
                0x20000000                _sbss = .
                0x20000000                _szero = .
 *(COMMON)
 COMMON         0x20000000        0xc build/Trustify/production/_ext/1883465617/plib_systick.o
                0x20000000                systick
 COMMON         0x2000000c       0x60 build/Trustify/production/_ext/582071996/plib_eic.o
                0x2000000c                eicCallbackObject
 COMMON         0x2000006c        0x4 c:/program files/microchip/xc32/v2.40/bin/bin/../../lib/gcc/pic32c/6.2.1/../../../../pic32c/lib/v8-m.base\libc_nano.a(lib_a-reent.o)
                0x2000006c                errno
                0x20000070                . = ALIGN (0x4)
                0x20000070                __bss_end__ = .
                0x20000070                _ebss = .
                0x20000070                _ezero = .
                0x20000070                . = ALIGN (0x4)
                0x20000070                _end = .
                0x20001fff                _ram_end_ = ((ORIGIN (ram) + LENGTH (ram)) - 0x1)
OUTPUT(dist/Trustify/production/Board_Test.X.production.elf elf32-littlearm)
LOAD stack
LOAD data_init

.ARM.attributes
                0x00000000       0x2c
 .ARM.attributes
                0x00000000       0x22 c:/program files/microchip/xc32/v2.40/bin/bin/../../lib/gcc/pic32c/6.2.1/v8-m.base/crti.o
 .ARM.attributes
                0x00000022       0x30 c:/program files/microchip/xc32/v2.40/bin/bin/../../lib/gcc/pic32c/6.2.1/v8-m.base/crtbegin.o
 .ARM.attributes
                0x00000052       0x32 build/Trustify/production/_ext/2117940715/plib_nvmctrl.o
 .ARM.attributes
                0x00000084       0x32 build/Trustify/production/_ext/1025033151/plib_evsys.o
 .ARM.attributes
                0x000000b6       0x32 build/Trustify/production/_ext/1247632078/plib_sercom0_usart.o
 .ARM.attributes
                0x000000e8       0x32 build/Trustify/production/_ext/1958438824/plib_pm.o
 .ARM.attributes
                0x0000011a       0x32 build/Trustify/production/_ext/1360937237/main.o
 .ARM.attributes
                0x0000014c       0x32 build/Trustify/production/_ext/1060005641/initialization.o
 .ARM.attributes
                0x0000017e       0x32 build/Trustify/production/_ext/1060005641/interrupts.o
 .ARM.attributes
                0x000001b0       0x32 build/Trustify/production/_ext/1060005641/exceptions.o
 .ARM.attributes
                0x000001e2       0x32 build/Trustify/production/_ext/874600305/xc32_monitor.o
 .ARM.attributes
                0x00000214       0x32 build/Trustify/production/_ext/864028644/plib_port.o
 .ARM.attributes
                0x00000246       0x32 build/Trustify/production/_ext/1027182637/plib_clock.o
 .ARM.attributes
                0x00000278       0x32 build/Trustify/production/_ext/864081795/plib_nvic.o
 .ARM.attributes
                0x000002aa       0x32 build/Trustify/production/_ext/1883465617/plib_systick.o
 .ARM.attributes
                0x000002dc       0x32 build/Trustify/production/_ext/1060005641/startup_xc32.o
 .ARM.attributes
                0x0000030e       0x32 build/Trustify/production/_ext/582071996/plib_eic.o
 .ARM.attributes
                0x00000340       0x30 c:/program files/microchip/xc32/v2.40/bin/bin/../../lib/gcc/pic32c/6.2.1/../../../../pic32c/lib/v8-m.base\libpic32c.a(data_init.o)
 .ARM.attributes
                0x00000370       0x30 c:/program files/microchip/xc32/v2.40/bin/bin/../../lib/gcc/pic32c/6.2.1/../../../../pic32c/lib/v8-m.base\libc_nano.a(lib_a-init.o)
 .ARM.attributes
                0x000003a0       0x30 c:/program files/microchip/xc32/v2.40/bin/bin/../../lib/gcc/pic32c/6.2.1/../../../../pic32c/lib/v8-m.base\libc_nano.a(_lib_a-printf.cdnopuxX.o)
 .ARM.attributes
                0x000003d0       0x30 c:/program files/microchip/xc32/v2.40/bin/bin/../../lib/gcc/pic32c/6.2.1/../../../../pic32c/lib/v8-m.base\libc_nano.a(lib_a-puts.o)
 .ARM.attributes
                0x00000400       0x30 c:/program files/microchip/xc32/v2.40/bin/bin/../../lib/gcc/pic32c/6.2.1/../../../../pic32c/lib/v8-m.base\libc_nano.a(lib_a-wbuf.o)
 .ARM.attributes
                0x00000430       0x30 c:/program files/microchip/xc32/v2.40/bin/bin/../../lib/gcc/pic32c/6.2.1/../../../../pic32c/lib/v8-m.base\libc_nano.a(lib_a-wsetup.o)
 .ARM.attributes
                0x00000460       0x30 c:/program files/microchip/xc32/v2.40/bin/bin/../../lib/gcc/pic32c/6.2.1/../../../../pic32c/lib/v8-m.base\libc_nano.a(lib_a-fflush.o)
 .ARM.attributes
                0x00000490       0x30 c:/program files/microchip/xc32/v2.40/bin/bin/../../lib/gcc/pic32c/6.2.1/../../../../pic32c/lib/v8-m.base\libc_nano.a(lib_a-findfp.o)
 .ARM.attributes
                0x000004c0       0x30 c:/program files/microchip/xc32/v2.40/bin/bin/../../lib/gcc/pic32c/6.2.1/../../../../pic32c/lib/v8-m.base\libc_nano.a(lib_a-fwalk.o)
 .ARM.attributes
                0x000004f0       0x30 c:/program files/microchip/xc32/v2.40/bin/bin/../../lib/gcc/pic32c/6.2.1/../../../../pic32c/lib/v8-m.base\libc_nano.a(lib_a-impure.o)
 .ARM.attributes
                0x00000520       0x30 c:/program files/microchip/xc32/v2.40/bin/bin/../../lib/gcc/pic32c/6.2.1/../../../../pic32c/lib/v8-m.base\libc_nano.a(lib_a-makebuf.o)
 .ARM.attributes
                0x00000550       0x30 c:/program files/microchip/xc32/v2.40/bin/bin/../../lib/gcc/pic32c/6.2.1/../../../../pic32c/lib/v8-m.base\libc_nano.a(lib_a-memset.o)
 .ARM.attributes
                0x00000580       0x30 c:/program files/microchip/xc32/v2.40/bin/bin/../../lib/gcc/pic32c/6.2.1/../../../../pic32c/lib/v8-m.base\libc_nano.a(lib_a-nano-freer.o)
 .ARM.attributes
                0x000005b0       0x30 c:/program files/microchip/xc32/v2.40/bin/bin/../../lib/gcc/pic32c/6.2.1/../../../../pic32c/lib/v8-m.base\libc_nano.a(lib_a-nano-mallocr.o)
 .ARM.attributes
                0x000005e0       0x30 c:/program files/microchip/xc32/v2.40/bin/bin/../../lib/gcc/pic32c/6.2.1/../../../../pic32c/lib/v8-m.base\libc_nano.a(_lib_a-nano-vfprintf.cdnopuxX.o)
 .ARM.attributes
                0x00000610       0x30 c:/program files/microchip/xc32/v2.40/bin/bin/../../lib/gcc/pic32c/6.2.1/../../../../pic32c/lib/v8-m.base\libc_nano.a(lib_a-nano-vfprintf_i.o)
 .ARM.attributes
                0x00000640       0x30 c:/program files/microchip/xc32/v2.40/bin/bin/../../lib/gcc/pic32c/6.2.1/../../../../pic32c/lib/v8-m.base\libc_nano.a(lib_a-sbrkr.o)
 .ARM.attributes
                0x00000670       0x30 c:/program files/microchip/xc32/v2.40/bin/bin/../../lib/gcc/pic32c/6.2.1/../../../../pic32c/lib/v8-m.base\libc_nano.a(lib_a-__ssfputs.o)
 .ARM.attributes
                0x000006a0       0x30 c:/program files/microchip/xc32/v2.40/bin/bin/../../lib/gcc/pic32c/6.2.1/../../../../pic32c/lib/v8-m.base\libc_nano.a(lib_a-stdio.o)
 .ARM.attributes
                0x000006d0       0x30 c:/program files/microchip/xc32/v2.40/bin/bin/../../lib/gcc/pic32c/6.2.1/../../../../pic32c/lib/v8-m.base\libc_nano.a(lib_a-writer.o)
 .ARM.attributes
                0x00000700       0x30 c:/program files/microchip/xc32/v2.40/bin/bin/../../lib/gcc/pic32c/6.2.1/../../../../pic32c/lib/v8-m.base\libc_nano.a(lib_a-closer.o)
 .ARM.attributes
                0x00000730       0x30 c:/program files/microchip/xc32/v2.40/bin/bin/../../lib/gcc/pic32c/6.2.1/../../../../pic32c/lib/v8-m.base\libc_nano.a(lib_a-fputwc.o)
 .ARM.attributes
                0x00000760       0x30 c:/program files/microchip/xc32/v2.40/bin/bin/../../lib/gcc/pic32c/6.2.1/../../../../pic32c/lib/v8-m.base\libc_nano.a(lib_a-fstatr.o)
 .ARM.attributes
                0x00000790       0x30 c:/program files/microchip/xc32/v2.40/bin/bin/../../lib/gcc/pic32c/6.2.1/../../../../pic32c/lib/v8-m.base\libc_nano.a(lib_a-isattyr.o)
 .ARM.attributes
                0x000007c0       0x30 c:/program files/microchip/xc32/v2.40/bin/bin/../../lib/gcc/pic32c/6.2.1/../../../../pic32c/lib/v8-m.base\libc_nano.a(lib_a-locale.o)
 .ARM.attributes
                0x000007f0       0x30 c:/program files/microchip/xc32/v2.40/bin/bin/../../lib/gcc/pic32c/6.2.1/../../../../pic32c/lib/v8-m.base\libc_nano.a(lib_a-lseekr.o)
 .ARM.attributes
                0x00000820       0x30 c:/program files/microchip/xc32/v2.40/bin/bin/../../lib/gcc/pic32c/6.2.1/../../../../pic32c/lib/v8-m.base\libc_nano.a(lib_a-mbtowc_r.o)
 .ARM.attributes
                0x00000850       0x30 c:/program files/microchip/xc32/v2.40/bin/bin/../../lib/gcc/pic32c/6.2.1/../../../../pic32c/lib/v8-m.base\libc_nano.a(lib_a-memchr-stub.o)
 .ARM.attributes
                0x00000880       0x30 c:/program files/microchip/xc32/v2.40/bin/bin/../../lib/gcc/pic32c/6.2.1/../../../../pic32c/lib/v8-m.base\libc_nano.a(lib_a-mlock.o)
 .ARM.attributes
                0x000008b0       0x30 c:/program files/microchip/xc32/v2.40/bin/bin/../../lib/gcc/pic32c/6.2.1/../../../../pic32c/lib/v8-m.base\libc_nano.a(lib_a-readr.o)
 .ARM.attributes
                0x000008e0       0x30 c:/program files/microchip/xc32/v2.40/bin/bin/../../lib/gcc/pic32c/6.2.1/../../../../pic32c/lib/v8-m.base\libc_nano.a(lib_a-reent.o)
 .ARM.attributes
                0x00000910       0x30 c:/program files/microchip/xc32/v2.40/bin/bin/../../lib/gcc/pic32c/6.2.1/../../../../pic32c/lib/v8-m.base\libc_nano.a(lib_a-wcrtomb.o)
 .ARM.attributes
                0x00000940       0x30 c:/program files/microchip/xc32/v2.40/bin/bin/../../lib/gcc/pic32c/6.2.1/../../../../pic32c/lib/v8-m.base\libc_nano.a(lib_a-wctomb_r.o)
 .ARM.attributes
                0x00000970       0x30 c:/program files/microchip/xc32/v2.40/bin/bin/../../lib/gcc/pic32c/6.2.1/../../../../pic32c/lib/v8-m.base\libc_nano.a(lib_a-ctype_.o)
 .ARM.attributes
                0x000009a0       0x30 c:/program files/microchip/xc32/v2.40/bin/bin/../../lib/gcc/pic32c/6.2.1/../../../../pic32c/lib/v8-m.base\libpic32c.a(_close.o)
 .ARM.attributes
                0x000009d0       0x30 c:/program files/microchip/xc32/v2.40/bin/bin/../../lib/gcc/pic32c/6.2.1/../../../../pic32c/lib/v8-m.base\libpic32c.a(_fstat.o)
 .ARM.attributes
                0x00000a00       0x30 c:/program files/microchip/xc32/v2.40/bin/bin/../../lib/gcc/pic32c/6.2.1/../../../../pic32c/lib/v8-m.base\libpic32c.a(_isatty.o)
 .ARM.attributes
                0x00000a30       0x30 c:/program files/microchip/xc32/v2.40/bin/bin/../../lib/gcc/pic32c/6.2.1/../../../../pic32c/lib/v8-m.base\libpic32c.a(_lseek.o)
 .ARM.attributes
                0x00000a60       0x30 c:/program files/microchip/xc32/v2.40/bin/bin/../../lib/gcc/pic32c/6.2.1/../../../../pic32c/lib/v8-m.base\libpic32c.a(_read.o)
 .ARM.attributes
                0x00000a90       0x30 c:/program files/microchip/xc32/v2.40/bin/bin/../../lib/gcc/pic32c/6.2.1/../../../../pic32c/lib/v8-m.base\libpic32c.a(sbrk.o)
 .ARM.attributes
                0x00000ac0       0x30 c:/program files/microchip/xc32/v2.40/bin/bin/../../lib/gcc/pic32c/6.2.1/../../../../pic32c/lib/v8-m.base\libpic32c.a(_write.o)
 .ARM.attributes
                0x00000af0       0x30 c:/program files/microchip/xc32/v2.40/bin/bin/../../lib/gcc/pic32c/6.2.1/../../../../pic32c/lib/v8-m.base\libpic32c.a(close.o)
 .ARM.attributes
                0x00000b20       0x30 c:/program files/microchip/xc32/v2.40/bin/bin/../../lib/gcc/pic32c/6.2.1/../../../../pic32c/lib/v8-m.base\libpic32c.a(fstat.o)
 .ARM.attributes
                0x00000b50       0x30 c:/program files/microchip/xc32/v2.40/bin/bin/../../lib/gcc/pic32c/6.2.1/../../../../pic32c/lib/v8-m.base\libpic32c.a(isatty.o)
 .ARM.attributes
                0x00000b80       0x30 c:/program files/microchip/xc32/v2.40/bin/bin/../../lib/gcc/pic32c/6.2.1/../../../../pic32c/lib/v8-m.base\libpic32c.a(lseek.o)
 .ARM.attributes
                0x00000bb0       0x30 c:/program files/microchip/xc32/v2.40/bin/bin/../../lib/gcc/pic32c/6.2.1/../../../../pic32c/lib/v8-m.base\libpic32c.a(read.o)
 .ARM.attributes
                0x00000be0       0x30 c:/program files/microchip/xc32/v2.40/bin/bin/../../lib/gcc/pic32c/6.2.1/../../../../pic32c/lib/v8-m.base\libpic32c.a(write.o)
 .ARM.attributes
                0x00000c10       0x22 c:/program files/microchip/xc32/v2.40/bin/bin/../../lib/gcc/pic32c/6.2.1/v8-m.base/crtn.o

.comment        0x00000000       0x3c
 .comment       0x00000000       0x3c c:/program files/microchip/xc32/v2.40/bin/bin/../../lib/gcc/pic32c/6.2.1/v8-m.base/crtbegin.o
                                 0x3d (size before relaxing)
 .comment       0x0000003c       0x3d build/Trustify/production/_ext/2117940715/plib_nvmctrl.o
 .comment       0x0000003c       0x3d build/Trustify/production/_ext/1025033151/plib_evsys.o
 .comment       0x0000003c       0x3d build/Trustify/production/_ext/1247632078/plib_sercom0_usart.o
 .comment       0x0000003c       0x3d build/Trustify/production/_ext/1958438824/plib_pm.o
 .comment       0x0000003c       0x3d build/Trustify/production/_ext/1360937237/main.o
 .comment       0x0000003c       0x3d build/Trustify/production/_ext/1060005641/initialization.o
 .comment       0x0000003c       0x3d build/Trustify/production/_ext/1060005641/interrupts.o
 .comment       0x0000003c       0x3d build/Trustify/production/_ext/1060005641/exceptions.o
 .comment       0x0000003c       0x3d build/Trustify/production/_ext/874600305/xc32_monitor.o
 .comment       0x0000003c       0x3d build/Trustify/production/_ext/864028644/plib_port.o
 .comment       0x0000003c       0x3d build/Trustify/production/_ext/1027182637/plib_clock.o
 .comment       0x0000003c       0x3d build/Trustify/production/_ext/864081795/plib_nvic.o
 .comment       0x0000003c       0x3d build/Trustify/production/_ext/1883465617/plib_systick.o
 .comment       0x0000003c       0x3d build/Trustify/production/_ext/1060005641/startup_xc32.o
 .comment       0x0000003c       0x3d build/Trustify/production/_ext/582071996/plib_eic.o
 .comment       0x0000003c       0x3d c:/program files/microchip/xc32/v2.40/bin/bin/../../lib/gcc/pic32c/6.2.1/../../../../pic32c/lib/v8-m.base\libpic32c.a(data_init.o)
 .comment       0x0000003c       0x3d c:/program files/microchip/xc32/v2.40/bin/bin/../../lib/gcc/pic32c/6.2.1/../../../../pic32c/lib/v8-m.base\libc_nano.a(lib_a-init.o)
 .comment       0x0000003c       0x3d c:/program files/microchip/xc32/v2.40/bin/bin/../../lib/gcc/pic32c/6.2.1/../../../../pic32c/lib/v8-m.base\libc_nano.a(_lib_a-printf.cdnopuxX.o)
 .comment       0x0000003c       0x3d c:/program files/microchip/xc32/v2.40/bin/bin/../../lib/gcc/pic32c/6.2.1/../../../../pic32c/lib/v8-m.base\libc_nano.a(lib_a-puts.o)
 .comment       0x0000003c       0x3d c:/program files/microchip/xc32/v2.40/bin/bin/../../lib/gcc/pic32c/6.2.1/../../../../pic32c/lib/v8-m.base\libc_nano.a(lib_a-wbuf.o)
 .comment       0x0000003c       0x3d c:/program files/microchip/xc32/v2.40/bin/bin/../../lib/gcc/pic32c/6.2.1/../../../../pic32c/lib/v8-m.base\libc_nano.a(lib_a-wsetup.o)
 .comment       0x0000003c       0x3d c:/program files/microchip/xc32/v2.40/bin/bin/../../lib/gcc/pic32c/6.2.1/../../../../pic32c/lib/v8-m.base\libc_nano.a(lib_a-fflush.o)
 .comment       0x0000003c       0x3d c:/program files/microchip/xc32/v2.40/bin/bin/../../lib/gcc/pic32c/6.2.1/../../../../pic32c/lib/v8-m.base\libc_nano.a(lib_a-findfp.o)
 .comment       0x0000003c       0x3d c:/program files/microchip/xc32/v2.40/bin/bin/../../lib/gcc/pic32c/6.2.1/../../../../pic32c/lib/v8-m.base\libc_nano.a(lib_a-fwalk.o)
 .comment       0x0000003c       0x3d c:/program files/microchip/xc32/v2.40/bin/bin/../../lib/gcc/pic32c/6.2.1/../../../../pic32c/lib/v8-m.base\libc_nano.a(lib_a-impure.o)
 .comment       0x0000003c       0x3d c:/program files/microchip/xc32/v2.40/bin/bin/../../lib/gcc/pic32c/6.2.1/../../../../pic32c/lib/v8-m.base\libc_nano.a(lib_a-makebuf.o)
 .comment       0x0000003c       0x3d c:/program files/microchip/xc32/v2.40/bin/bin/../../lib/gcc/pic32c/6.2.1/../../../../pic32c/lib/v8-m.base\libc_nano.a(lib_a-memset.o)
 .comment       0x0000003c       0x3d c:/program files/microchip/xc32/v2.40/bin/bin/../../lib/gcc/pic32c/6.2.1/../../../../pic32c/lib/v8-m.base\libc_nano.a(lib_a-nano-freer.o)
 .comment       0x0000003c       0x3d c:/program files/microchip/xc32/v2.40/bin/bin/../../lib/gcc/pic32c/6.2.1/../../../../pic32c/lib/v8-m.base\libc_nano.a(lib_a-nano-mallocr.o)
 .comment       0x0000003c       0x3d c:/program files/microchip/xc32/v2.40/bin/bin/../../lib/gcc/pic32c/6.2.1/../../../../pic32c/lib/v8-m.base\libc_nano.a(_lib_a-nano-vfprintf.cdnopuxX.o)
 .comment       0x0000003c       0x3d c:/program files/microchip/xc32/v2.40/bin/bin/../../lib/gcc/pic32c/6.2.1/../../../../pic32c/lib/v8-m.base\libc_nano.a(lib_a-nano-vfprintf_i.o)
 .comment       0x0000003c       0x3d c:/program files/microchip/xc32/v2.40/bin/bin/../../lib/gcc/pic32c/6.2.1/../../../../pic32c/lib/v8-m.base\libc_nano.a(lib_a-sbrkr.o)
 .comment       0x0000003c       0x3d c:/program files/microchip/xc32/v2.40/bin/bin/../../lib/gcc/pic32c/6.2.1/../../../../pic32c/lib/v8-m.base\libc_nano.a(lib_a-__ssfputs.o)
 .comment       0x0000003c       0x3d c:/program files/microchip/xc32/v2.40/bin/bin/../../lib/gcc/pic32c/6.2.1/../../../../pic32c/lib/v8-m.base\libc_nano.a(lib_a-stdio.o)
 .comment       0x0000003c       0x3d c:/program files/microchip/xc32/v2.40/bin/bin/../../lib/gcc/pic32c/6.2.1/../../../../pic32c/lib/v8-m.base\libc_nano.a(lib_a-writer.o)
 .comment       0x0000003c       0x3d c:/program files/microchip/xc32/v2.40/bin/bin/../../lib/gcc/pic32c/6.2.1/../../../../pic32c/lib/v8-m.base\libc_nano.a(lib_a-closer.o)
 .comment       0x0000003c       0x3d c:/program files/microchip/xc32/v2.40/bin/bin/../../lib/gcc/pic32c/6.2.1/../../../../pic32c/lib/v8-m.base\libc_nano.a(lib_a-fputwc.o)
 .comment       0x0000003c       0x3d c:/program files/microchip/xc32/v2.40/bin/bin/../../lib/gcc/pic32c/6.2.1/../../../../pic32c/lib/v8-m.base\libc_nano.a(lib_a-fstatr.o)
 .comment       0x0000003c       0x3d c:/program files/microchip/xc32/v2.40/bin/bin/../../lib/gcc/pic32c/6.2.1/../../../../pic32c/lib/v8-m.base\libc_nano.a(lib_a-isattyr.o)
 .comment       0x0000003c       0x3d c:/program files/microchip/xc32/v2.40/bin/bin/../../lib/gcc/pic32c/6.2.1/../../../../pic32c/lib/v8-m.base\libc_nano.a(lib_a-locale.o)
 .comment       0x0000003c       0x3d c:/program files/microchip/xc32/v2.40/bin/bin/../../lib/gcc/pic32c/6.2.1/../../../../pic32c/lib/v8-m.base\libc_nano.a(lib_a-lseekr.o)
 .comment       0x0000003c       0x3d c:/program files/microchip/xc32/v2.40/bin/bin/../../lib/gcc/pic32c/6.2.1/../../../../pic32c/lib/v8-m.base\libc_nano.a(lib_a-mbtowc_r.o)
 .comment       0x0000003c       0x3d c:/program files/microchip/xc32/v2.40/bin/bin/../../lib/gcc/pic32c/6.2.1/../../../../pic32c/lib/v8-m.base\libc_nano.a(lib_a-memchr-stub.o)
 .comment       0x0000003c       0x3d c:/program files/microchip/xc32/v2.40/bin/bin/../../lib/gcc/pic32c/6.2.1/../../../../pic32c/lib/v8-m.base\libc_nano.a(lib_a-mlock.o)
 .comment       0x0000003c       0x3d c:/program files/microchip/xc32/v2.40/bin/bin/../../lib/gcc/pic32c/6.2.1/../../../../pic32c/lib/v8-m.base\libc_nano.a(lib_a-readr.o)
 .comment       0x0000003c       0x3d c:/program files/microchip/xc32/v2.40/bin/bin/../../lib/gcc/pic32c/6.2.1/../../../../pic32c/lib/v8-m.base\libc_nano.a(lib_a-reent.o)
 .comment       0x0000003c       0x3d c:/program files/microchip/xc32/v2.40/bin/bin/../../lib/gcc/pic32c/6.2.1/../../../../pic32c/lib/v8-m.base\libc_nano.a(lib_a-wcrtomb.o)
 .comment       0x0000003c       0x3d c:/program files/microchip/xc32/v2.40/bin/bin/../../lib/gcc/pic32c/6.2.1/../../../../pic32c/lib/v8-m.base\libc_nano.a(lib_a-wctomb_r.o)
 .comment       0x0000003c       0x3d c:/program files/microchip/xc32/v2.40/bin/bin/../../lib/gcc/pic32c/6.2.1/../../../../pic32c/lib/v8-m.base\libc_nano.a(lib_a-ctype_.o)
 .comment       0x0000003c       0x3d c:/program files/microchip/xc32/v2.40/bin/bin/../../lib/gcc/pic32c/6.2.1/../../../../pic32c/lib/v8-m.base\libpic32c.a(_close.o)
 .comment       0x0000003c       0x3d c:/program files/microchip/xc32/v2.40/bin/bin/../../lib/gcc/pic32c/6.2.1/../../../../pic32c/lib/v8-m.base\libpic32c.a(_fstat.o)
 .comment       0x0000003c       0x3d c:/program files/microchip/xc32/v2.40/bin/bin/../../lib/gcc/pic32c/6.2.1/../../../../pic32c/lib/v8-m.base\libpic32c.a(_isatty.o)
 .comment       0x0000003c       0x3d c:/program files/microchip/xc32/v2.40/bin/bin/../../lib/gcc/pic32c/6.2.1/../../../../pic32c/lib/v8-m.base\libpic32c.a(_lseek.o)
 .comment       0x0000003c       0x3d c:/program files/microchip/xc32/v2.40/bin/bin/../../lib/gcc/pic32c/6.2.1/../../../../pic32c/lib/v8-m.base\libpic32c.a(_read.o)
 .comment       0x0000003c       0x3d c:/program files/microchip/xc32/v2.40/bin/bin/../../lib/gcc/pic32c/6.2.1/../../../../pic32c/lib/v8-m.base\libpic32c.a(sbrk.o)
 .comment       0x0000003c       0x3d c:/program files/microchip/xc32/v2.40/bin/bin/../../lib/gcc/pic32c/6.2.1/../../../../pic32c/lib/v8-m.base\libpic32c.a(_write.o)
 .comment       0x0000003c       0x3d c:/program files/microchip/xc32/v2.40/bin/bin/../../lib/gcc/pic32c/6.2.1/../../../../pic32c/lib/v8-m.base\libpic32c.a(close.o)
 .comment       0x0000003c       0x3d c:/program files/microchip/xc32/v2.40/bin/bin/../../lib/gcc/pic32c/6.2.1/../../../../pic32c/lib/v8-m.base\libpic32c.a(fstat.o)
 .comment       0x0000003c       0x3d c:/program files/microchip/xc32/v2.40/bin/bin/../../lib/gcc/pic32c/6.2.1/../../../../pic32c/lib/v8-m.base\libpic32c.a(isatty.o)
 .comment       0x0000003c       0x3d c:/program files/microchip/xc32/v2.40/bin/bin/../../lib/gcc/pic32c/6.2.1/../../../../pic32c/lib/v8-m.base\libpic32c.a(lseek.o)
 .comment       0x0000003c       0x3d c:/program files/microchip/xc32/v2.40/bin/bin/../../lib/gcc/pic32c/6.2.1/../../../../pic32c/lib/v8-m.base\libpic32c.a(read.o)
 .comment       0x0000003c       0x3d c:/program files/microchip/xc32/v2.40/bin/bin/../../lib/gcc/pic32c/6.2.1/../../../../pic32c/lib/v8-m.base\libpic32c.a(write.o)

.debug_info     0x00000000    0x34018
 .debug_info    0x00000000     0x1527 build/Trustify/production/_ext/2117940715/plib_nvmctrl.o
 .debug_info    0x00001527      0x327 build/Trustify/production/_ext/1025033151/plib_evsys.o
 .debug_info    0x0000184e     0x137b build/Trustify/production/_ext/1247632078/plib_sercom0_usart.o
 .debug_info    0x00002bc9      0x576 build/Trustify/production/_ext/1958438824/plib_pm.o
 .debug_info    0x0000313f     0x12f5 build/Trustify/production/_ext/1360937237/main.o
 .debug_info    0x00004434     0x12b3 build/Trustify/production/_ext/1060005641/initialization.o
 .debug_info    0x000056e7     0x1588 build/Trustify/production/_ext/1060005641/interrupts.o
 .debug_info    0x00006c6f      0xef9 build/Trustify/production/_ext/1060005641/exceptions.o
 .debug_info    0x00007b68      0xf0c build/Trustify/production/_ext/874600305/xc32_monitor.o
 .debug_info    0x00008a74      0x83a build/Trustify/production/_ext/864028644/plib_port.o
 .debug_info    0x000092ae      0xa0a build/Trustify/production/_ext/1027182637/plib_clock.o
 .debug_info    0x00009cb8      0x9d7 build/Trustify/production/_ext/864081795/plib_nvic.o
 .debug_info    0x0000a68f      0x677 build/Trustify/production/_ext/1883465617/plib_systick.o
 .debug_info    0x0000ad06      0xff3 build/Trustify/production/_ext/1060005641/startup_xc32.o
 .debug_info    0x0000bcf9      0x78b build/Trustify/production/_ext/582071996/plib_eic.o
 .debug_info    0x0000c484      0x238 c:/program files/microchip/xc32/v2.40/bin/bin/../../lib/gcc/pic32c/6.2.1/../../../../pic32c/lib/v8-m.base\libpic32c.a(data_init.o)
 .debug_info    0x0000c6bc      0x3ab c:/program files/microchip/xc32/v2.40/bin/bin/../../lib/gcc/pic32c/6.2.1/../../../../pic32c/lib/v8-m.base\libc_nano.a(lib_a-init.o)
 .debug_info    0x0000ca67      0xe5d c:/program files/microchip/xc32/v2.40/bin/bin/../../lib/gcc/pic32c/6.2.1/../../../../pic32c/lib/v8-m.base\libc_nano.a(_lib_a-printf.cdnopuxX.o)
 .debug_info    0x0000d8c4     0x1275 c:/program files/microchip/xc32/v2.40/bin/bin/../../lib/gcc/pic32c/6.2.1/../../../../pic32c/lib/v8-m.base\libc_nano.a(lib_a-puts.o)
 .debug_info    0x0000eb39     0x1205 c:/program files/microchip/xc32/v2.40/bin/bin/../../lib/gcc/pic32c/6.2.1/../../../../pic32c/lib/v8-m.base\libc_nano.a(lib_a-wbuf.o)
 .debug_info    0x0000fd3e     0x1180 c:/program files/microchip/xc32/v2.40/bin/bin/../../lib/gcc/pic32c/6.2.1/../../../../pic32c/lib/v8-m.base\libc_nano.a(lib_a-wsetup.o)
 .debug_info    0x00010ebe     0x12ea c:/program files/microchip/xc32/v2.40/bin/bin/../../lib/gcc/pic32c/6.2.1/../../../../pic32c/lib/v8-m.base\libc_nano.a(lib_a-fflush.o)
 .debug_info    0x000121a8     0x14c2 c:/program files/microchip/xc32/v2.40/bin/bin/../../lib/gcc/pic32c/6.2.1/../../../../pic32c/lib/v8-m.base\libc_nano.a(lib_a-findfp.o)
 .debug_info    0x0001366a     0x11fb c:/program files/microchip/xc32/v2.40/bin/bin/../../lib/gcc/pic32c/6.2.1/../../../../pic32c/lib/v8-m.base\libc_nano.a(lib_a-fwalk.o)
 .debug_info    0x00014865      0xd84 c:/program files/microchip/xc32/v2.40/bin/bin/../../lib/gcc/pic32c/6.2.1/../../../../pic32c/lib/v8-m.base\libc_nano.a(lib_a-impure.o)
 .debug_info    0x000155e9     0x1537 c:/program files/microchip/xc32/v2.40/bin/bin/../../lib/gcc/pic32c/6.2.1/../../../../pic32c/lib/v8-m.base\libc_nano.a(lib_a-makebuf.o)
 .debug_info    0x00016b20     0x153a c:/program files/microchip/xc32/v2.40/bin/bin/../../lib/gcc/pic32c/6.2.1/../../../../pic32c/lib/v8-m.base\libc_nano.a(lib_a-memset.o)
 .debug_info    0x0001805a     0x113f c:/program files/microchip/xc32/v2.40/bin/bin/../../lib/gcc/pic32c/6.2.1/../../../../pic32c/lib/v8-m.base\libc_nano.a(lib_a-nano-freer.o)
 .debug_info    0x00019199     0x11ec c:/program files/microchip/xc32/v2.40/bin/bin/../../lib/gcc/pic32c/6.2.1/../../../../pic32c/lib/v8-m.base\libc_nano.a(lib_a-nano-mallocr.o)
 .debug_info    0x0001a385     0x1f00 c:/program files/microchip/xc32/v2.40/bin/bin/../../lib/gcc/pic32c/6.2.1/../../../../pic32c/lib/v8-m.base\libc_nano.a(_lib_a-nano-vfprintf.cdnopuxX.o)
 .debug_info    0x0001c285     0x1d61 c:/program files/microchip/xc32/v2.40/bin/bin/../../lib/gcc/pic32c/6.2.1/../../../../pic32c/lib/v8-m.base\libc_nano.a(lib_a-nano-vfprintf_i.o)
 .debug_info    0x0001dfe6      0xe74 c:/program files/microchip/xc32/v2.40/bin/bin/../../lib/gcc/pic32c/6.2.1/../../../../pic32c/lib/v8-m.base\libc_nano.a(lib_a-sbrkr.o)
 .debug_info    0x0001ee5a     0x18df c:/program files/microchip/xc32/v2.40/bin/bin/../../lib/gcc/pic32c/6.2.1/../../../../pic32c/lib/v8-m.base\libc_nano.a(lib_a-__ssfputs.o)
 .debug_info    0x00020739     0x13ac c:/program files/microchip/xc32/v2.40/bin/bin/../../lib/gcc/pic32c/6.2.1/../../../../pic32c/lib/v8-m.base\libc_nano.a(lib_a-stdio.o)
 .debug_info    0x00021ae5      0xe93 c:/program files/microchip/xc32/v2.40/bin/bin/../../lib/gcc/pic32c/6.2.1/../../../../pic32c/lib/v8-m.base\libc_nano.a(lib_a-writer.o)
 .debug_info    0x00022978      0xe42 c:/program files/microchip/xc32/v2.40/bin/bin/../../lib/gcc/pic32c/6.2.1/../../../../pic32c/lib/v8-m.base\libc_nano.a(lib_a-closer.o)
 .debug_info    0x000237ba     0x133c c:/program files/microchip/xc32/v2.40/bin/bin/../../lib/gcc/pic32c/6.2.1/../../../../pic32c/lib/v8-m.base\libc_nano.a(lib_a-fputwc.o)
 .debug_info    0x00024af6     0x113d c:/program files/microchip/xc32/v2.40/bin/bin/../../lib/gcc/pic32c/6.2.1/../../../../pic32c/lib/v8-m.base\libc_nano.a(lib_a-fstatr.o)
 .debug_info    0x00025c33      0xe4f c:/program files/microchip/xc32/v2.40/bin/bin/../../lib/gcc/pic32c/6.2.1/../../../../pic32c/lib/v8-m.base\libc_nano.a(lib_a-isattyr.o)
 .debug_info    0x00026a82     0x1821 c:/program files/microchip/xc32/v2.40/bin/bin/../../lib/gcc/pic32c/6.2.1/../../../../pic32c/lib/v8-m.base\libc_nano.a(lib_a-locale.o)
 .debug_info    0x000282a3      0xe7a c:/program files/microchip/xc32/v2.40/bin/bin/../../lib/gcc/pic32c/6.2.1/../../../../pic32c/lib/v8-m.base\libc_nano.a(lib_a-lseekr.o)
 .debug_info    0x0002911d     0x16fa c:/program files/microchip/xc32/v2.40/bin/bin/../../lib/gcc/pic32c/6.2.1/../../../../pic32c/lib/v8-m.base\libc_nano.a(lib_a-mbtowc_r.o)
 .debug_info    0x0002a817      0xdfa c:/program files/microchip/xc32/v2.40/bin/bin/../../lib/gcc/pic32c/6.2.1/../../../../pic32c/lib/v8-m.base\libc_nano.a(lib_a-memchr-stub.o)
 .debug_info    0x0002b611      0xdc1 c:/program files/microchip/xc32/v2.40/bin/bin/../../lib/gcc/pic32c/6.2.1/../../../../pic32c/lib/v8-m.base\libc_nano.a(lib_a-mlock.o)
 .debug_info    0x0002c3d2      0xe91 c:/program files/microchip/xc32/v2.40/bin/bin/../../lib/gcc/pic32c/6.2.1/../../../../pic32c/lib/v8-m.base\libc_nano.a(lib_a-readr.o)
 .debug_info    0x0002d263      0xf77 c:/program files/microchip/xc32/v2.40/bin/bin/../../lib/gcc/pic32c/6.2.1/../../../../pic32c/lib/v8-m.base\libc_nano.a(lib_a-reent.o)
 .debug_info    0x0002e1da     0x16f6 c:/program files/microchip/xc32/v2.40/bin/bin/../../lib/gcc/pic32c/6.2.1/../../../../pic32c/lib/v8-m.base\libc_nano.a(lib_a-wcrtomb.o)
 .debug_info    0x0002f8d0     0x16be c:/program files/microchip/xc32/v2.40/bin/bin/../../lib/gcc/pic32c/6.2.1/../../../../pic32c/lib/v8-m.base\libc_nano.a(lib_a-wctomb_r.o)
 .debug_info    0x00030f8e     0x150b c:/program files/microchip/xc32/v2.40/bin/bin/../../lib/gcc/pic32c/6.2.1/../../../../pic32c/lib/v8-m.base\libc_nano.a(lib_a-ctype_.o)
 .debug_info    0x00032499      0x21f c:/program files/microchip/xc32/v2.40/bin/bin/../../lib/gcc/pic32c/6.2.1/../../../../pic32c/lib/v8-m.base\libpic32c.a(_close.o)
 .debug_info    0x000326b8      0x21f c:/program files/microchip/xc32/v2.40/bin/bin/../../lib/gcc/pic32c/6.2.1/../../../../pic32c/lib/v8-m.base\libpic32c.a(_fstat.o)
 .debug_info    0x000328d7      0x221 c:/program files/microchip/xc32/v2.40/bin/bin/../../lib/gcc/pic32c/6.2.1/../../../../pic32c/lib/v8-m.base\libpic32c.a(_isatty.o)
 .debug_info    0x00032af8      0x21f c:/program files/microchip/xc32/v2.40/bin/bin/../../lib/gcc/pic32c/6.2.1/../../../../pic32c/lib/v8-m.base\libpic32c.a(_lseek.o)
 .debug_info    0x00032d17      0x21d c:/program files/microchip/xc32/v2.40/bin/bin/../../lib/gcc/pic32c/6.2.1/../../../../pic32c/lib/v8-m.base\libpic32c.a(_read.o)
 .debug_info    0x00032f34      0x21b c:/program files/microchip/xc32/v2.40/bin/bin/../../lib/gcc/pic32c/6.2.1/../../../../pic32c/lib/v8-m.base\libpic32c.a(sbrk.o)
 .debug_info    0x0003314f      0x21f c:/program files/microchip/xc32/v2.40/bin/bin/../../lib/gcc/pic32c/6.2.1/../../../../pic32c/lib/v8-m.base\libpic32c.a(_write.o)
 .debug_info    0x0003336e      0x21c c:/program files/microchip/xc32/v2.40/bin/bin/../../lib/gcc/pic32c/6.2.1/../../../../pic32c/lib/v8-m.base\libpic32c.a(close.o)
 .debug_info    0x0003358a      0x21c c:/program files/microchip/xc32/v2.40/bin/bin/../../lib/gcc/pic32c/6.2.1/../../../../pic32c/lib/v8-m.base\libpic32c.a(fstat.o)
 .debug_info    0x000337a6      0x21e c:/program files/microchip/xc32/v2.40/bin/bin/../../lib/gcc/pic32c/6.2.1/../../../../pic32c/lib/v8-m.base\libpic32c.a(isatty.o)
 .debug_info    0x000339c4      0x21c c:/program files/microchip/xc32/v2.40/bin/bin/../../lib/gcc/pic32c/6.2.1/../../../../pic32c/lib/v8-m.base\libpic32c.a(lseek.o)
 .debug_info    0x00033be0      0x21b c:/program files/microchip/xc32/v2.40/bin/bin/../../lib/gcc/pic32c/6.2.1/../../../../pic32c/lib/v8-m.base\libpic32c.a(read.o)
 .debug_info    0x00033dfb      0x21d c:/program files/microchip/xc32/v2.40/bin/bin/../../lib/gcc/pic32c/6.2.1/../../../../pic32c/lib/v8-m.base\libpic32c.a(write.o)

.debug_abbrev   0x00000000     0x56c6
 .debug_abbrev  0x00000000      0x26a build/Trustify/production/_ext/2117940715/plib_nvmctrl.o
 .debug_abbrev  0x0000026a       0x39 build/Trustify/production/_ext/1025033151/plib_evsys.o
 .debug_abbrev  0x000002a3      0x286 build/Trustify/production/_ext/1247632078/plib_sercom0_usart.o
 .debug_abbrev  0x00000529       0xd4 build/Trustify/production/_ext/1958438824/plib_pm.o
 .debug_abbrev  0x000005fd      0x251 build/Trustify/production/_ext/1360937237/main.o
 .debug_abbrev  0x0000084e      0x1b3 build/Trustify/production/_ext/1060005641/initialization.o
 .debug_abbrev  0x00000a01      0x1a0 build/Trustify/production/_ext/1060005641/interrupts.o
 .debug_abbrev  0x00000ba1      0x17e build/Trustify/production/_ext/1060005641/exceptions.o
 .debug_abbrev  0x00000d1f      0x1f9 build/Trustify/production/_ext/874600305/xc32_monitor.o
 .debug_abbrev  0x00000f18      0x133 build/Trustify/production/_ext/864028644/plib_port.o
 .debug_abbrev  0x0000104b       0xe9 build/Trustify/production/_ext/1027182637/plib_clock.o
 .debug_abbrev  0x00001134      0x135 build/Trustify/production/_ext/864081795/plib_nvic.o
 .debug_abbrev  0x00001269      0x15a build/Trustify/production/_ext/1883465617/plib_systick.o
 .debug_abbrev  0x000013c3      0x1d4 build/Trustify/production/_ext/1060005641/startup_xc32.o
 .debug_abbrev  0x00001597      0x186 build/Trustify/production/_ext/582071996/plib_eic.o
 .debug_abbrev  0x0000171d       0x2a c:/program files/microchip/xc32/v2.40/bin/bin/../../lib/gcc/pic32c/6.2.1/../../../../pic32c/lib/v8-m.base\libpic32c.a(data_init.o)
 .debug_abbrev  0x00001747       0xa3 c:/program files/microchip/xc32/v2.40/bin/bin/../../lib/gcc/pic32c/6.2.1/../../../../pic32c/lib/v8-m.base\libc_nano.a(lib_a-init.o)
 .debug_abbrev  0x000017ea      0x196 c:/program files/microchip/xc32/v2.40/bin/bin/../../lib/gcc/pic32c/6.2.1/../../../../pic32c/lib/v8-m.base\libc_nano.a(_lib_a-printf.cdnopuxX.o)
 .debug_abbrev  0x00001980      0x24a c:/program files/microchip/xc32/v2.40/bin/bin/../../lib/gcc/pic32c/6.2.1/../../../../pic32c/lib/v8-m.base\libc_nano.a(lib_a-puts.o)
 .debug_abbrev  0x00001bca      0x208 c:/program files/microchip/xc32/v2.40/bin/bin/../../lib/gcc/pic32c/6.2.1/../../../../pic32c/lib/v8-m.base\libc_nano.a(lib_a-wbuf.o)
 .debug_abbrev  0x00001dd2      0x1ec c:/program files/microchip/xc32/v2.40/bin/bin/../../lib/gcc/pic32c/6.2.1/../../../../pic32c/lib/v8-m.base\libc_nano.a(lib_a-wsetup.o)
 .debug_abbrev  0x00001fbe      0x263 c:/program files/microchip/xc32/v2.40/bin/bin/../../lib/gcc/pic32c/6.2.1/../../../../pic32c/lib/v8-m.base\libc_nano.a(lib_a-fflush.o)
 .debug_abbrev  0x00002221      0x295 c:/program files/microchip/xc32/v2.40/bin/bin/../../lib/gcc/pic32c/6.2.1/../../../../pic32c/lib/v8-m.base\libc_nano.a(lib_a-findfp.o)
 .debug_abbrev  0x000024b6      0x1b0 c:/program files/microchip/xc32/v2.40/bin/bin/../../lib/gcc/pic32c/6.2.1/../../../../pic32c/lib/v8-m.base\libc_nano.a(lib_a-fwalk.o)
 .debug_abbrev  0x00002666      0x131 c:/program files/microchip/xc32/v2.40/bin/bin/../../lib/gcc/pic32c/6.2.1/../../../../pic32c/lib/v8-m.base\libc_nano.a(lib_a-impure.o)
 .debug_abbrev  0x00002797      0x268 c:/program files/microchip/xc32/v2.40/bin/bin/../../lib/gcc/pic32c/6.2.1/../../../../pic32c/lib/v8-m.base\libc_nano.a(lib_a-makebuf.o)
 .debug_abbrev  0x000029ff      0x170 c:/program files/microchip/xc32/v2.40/bin/bin/../../lib/gcc/pic32c/6.2.1/../../../../pic32c/lib/v8-m.base\libc_nano.a(lib_a-memset.o)
 .debug_abbrev  0x00002b6f      0x24f c:/program files/microchip/xc32/v2.40/bin/bin/../../lib/gcc/pic32c/6.2.1/../../../../pic32c/lib/v8-m.base\libc_nano.a(lib_a-nano-freer.o)
 .debug_abbrev  0x00002dbe      0x286 c:/program files/microchip/xc32/v2.40/bin/bin/../../lib/gcc/pic32c/6.2.1/../../../../pic32c/lib/v8-m.base\libc_nano.a(lib_a-nano-mallocr.o)
 .debug_abbrev  0x00003044      0x2f0 c:/program files/microchip/xc32/v2.40/bin/bin/../../lib/gcc/pic32c/6.2.1/../../../../pic32c/lib/v8-m.base\libc_nano.a(_lib_a-nano-vfprintf.cdnopuxX.o)
 .debug_abbrev  0x00003334      0x243 c:/program files/microchip/xc32/v2.40/bin/bin/../../lib/gcc/pic32c/6.2.1/../../../../pic32c/lib/v8-m.base\libc_nano.a(lib_a-nano-vfprintf_i.o)
 .debug_abbrev  0x00003577      0x1a8 c:/program files/microchip/xc32/v2.40/bin/bin/../../lib/gcc/pic32c/6.2.1/../../../../pic32c/lib/v8-m.base\libc_nano.a(lib_a-sbrkr.o)
 .debug_abbrev  0x0000371f      0x1f6 c:/program files/microchip/xc32/v2.40/bin/bin/../../lib/gcc/pic32c/6.2.1/../../../../pic32c/lib/v8-m.base\libc_nano.a(lib_a-__ssfputs.o)
 .debug_abbrev  0x00003915      0x224 c:/program files/microchip/xc32/v2.40/bin/bin/../../lib/gcc/pic32c/6.2.1/../../../../pic32c/lib/v8-m.base\libc_nano.a(lib_a-stdio.o)
 .debug_abbrev  0x00003b39      0x198 c:/program files/microchip/xc32/v2.40/bin/bin/../../lib/gcc/pic32c/6.2.1/../../../../pic32c/lib/v8-m.base\libc_nano.a(lib_a-writer.o)
 .debug_abbrev  0x00003cd1      0x193 c:/program files/microchip/xc32/v2.40/bin/bin/../../lib/gcc/pic32c/6.2.1/../../../../pic32c/lib/v8-m.base\libc_nano.a(lib_a-closer.o)
 .debug_abbrev  0x00003e64      0x233 c:/program files/microchip/xc32/v2.40/bin/bin/../../lib/gcc/pic32c/6.2.1/../../../../pic32c/lib/v8-m.base\libc_nano.a(lib_a-fputwc.o)
 .debug_abbrev  0x00004097      0x193 c:/program files/microchip/xc32/v2.40/bin/bin/../../lib/gcc/pic32c/6.2.1/../../../../pic32c/lib/v8-m.base\libc_nano.a(lib_a-fstatr.o)
 .debug_abbrev  0x0000422a      0x193 c:/program files/microchip/xc32/v2.40/bin/bin/../../lib/gcc/pic32c/6.2.1/../../../../pic32c/lib/v8-m.base\libc_nano.a(lib_a-isattyr.o)
 .debug_abbrev  0x000043bd      0x264 c:/program files/microchip/xc32/v2.40/bin/bin/../../lib/gcc/pic32c/6.2.1/../../../../pic32c/lib/v8-m.base\libc_nano.a(lib_a-locale.o)
 .debug_abbrev  0x00004621      0x193 c:/program files/microchip/xc32/v2.40/bin/bin/../../lib/gcc/pic32c/6.2.1/../../../../pic32c/lib/v8-m.base\libc_nano.a(lib_a-lseekr.o)
 .debug_abbrev  0x000047b4      0x1cd c:/program files/microchip/xc32/v2.40/bin/bin/../../lib/gcc/pic32c/6.2.1/../../../../pic32c/lib/v8-m.base\libc_nano.a(lib_a-mbtowc_r.o)
 .debug_abbrev  0x00004981      0x16d c:/program files/microchip/xc32/v2.40/bin/bin/../../lib/gcc/pic32c/6.2.1/../../../../pic32c/lib/v8-m.base\libc_nano.a(lib_a-memchr-stub.o)
 .debug_abbrev  0x00004aee      0x165 c:/program files/microchip/xc32/v2.40/bin/bin/../../lib/gcc/pic32c/6.2.1/../../../../pic32c/lib/v8-m.base\libc_nano.a(lib_a-mlock.o)
 .debug_abbrev  0x00004c53      0x193 c:/program files/microchip/xc32/v2.40/bin/bin/../../lib/gcc/pic32c/6.2.1/../../../../pic32c/lib/v8-m.base\libc_nano.a(lib_a-readr.o)
 .debug_abbrev  0x00004de6      0x1ea c:/program files/microchip/xc32/v2.40/bin/bin/../../lib/gcc/pic32c/6.2.1/../../../../pic32c/lib/v8-m.base\libc_nano.a(lib_a-reent.o)
 .debug_abbrev  0x00004fd0      0x1d5 c:/program files/microchip/xc32/v2.40/bin/bin/../../lib/gcc/pic32c/6.2.1/../../../../pic32c/lib/v8-m.base\libc_nano.a(lib_a-wcrtomb.o)
 .debug_abbrev  0x000051a5      0x1ce c:/program files/microchip/xc32/v2.40/bin/bin/../../lib/gcc/pic32c/6.2.1/../../../../pic32c/lib/v8-m.base\libc_nano.a(lib_a-wctomb_r.o)
 .debug_abbrev  0x00005373      0x131 c:/program files/microchip/xc32/v2.40/bin/bin/../../lib/gcc/pic32c/6.2.1/../../../../pic32c/lib/v8-m.base\libc_nano.a(lib_a-ctype_.o)
 .debug_abbrev  0x000054a4       0x2a c:/program files/microchip/xc32/v2.40/bin/bin/../../lib/gcc/pic32c/6.2.1/../../../../pic32c/lib/v8-m.base\libpic32c.a(_close.o)
 .debug_abbrev  0x000054ce       0x2a c:/program files/microchip/xc32/v2.40/bin/bin/../../lib/gcc/pic32c/6.2.1/../../../../pic32c/lib/v8-m.base\libpic32c.a(_fstat.o)
 .debug_abbrev  0x000054f8       0x2a c:/program files/microchip/xc32/v2.40/bin/bin/../../lib/gcc/pic32c/6.2.1/../../../../pic32c/lib/v8-m.base\libpic32c.a(_isatty.o)
 .debug_abbrev  0x00005522       0x2a c:/program files/microchip/xc32/v2.40/bin/bin/../../lib/gcc/pic32c/6.2.1/../../../../pic32c/lib/v8-m.base\libpic32c.a(_lseek.o)
 .debug_abbrev  0x0000554c       0x2a c:/program files/microchip/xc32/v2.40/bin/bin/../../lib/gcc/pic32c/6.2.1/../../../../pic32c/lib/v8-m.base\libpic32c.a(_read.o)
 .debug_abbrev  0x00005576       0x2a c:/program files/microchip/xc32/v2.40/bin/bin/../../lib/gcc/pic32c/6.2.1/../../../../pic32c/lib/v8-m.base\libpic32c.a(sbrk.o)
 .debug_abbrev  0x000055a0       0x2a c:/program files/microchip/xc32/v2.40/bin/bin/../../lib/gcc/pic32c/6.2.1/../../../../pic32c/lib/v8-m.base\libpic32c.a(_write.o)
 .debug_abbrev  0x000055ca       0x2a c:/program files/microchip/xc32/v2.40/bin/bin/../../lib/gcc/pic32c/6.2.1/../../../../pic32c/lib/v8-m.base\libpic32c.a(close.o)
 .debug_abbrev  0x000055f4       0x2a c:/program files/microchip/xc32/v2.40/bin/bin/../../lib/gcc/pic32c/6.2.1/../../../../pic32c/lib/v8-m.base\libpic32c.a(fstat.o)
 .debug_abbrev  0x0000561e       0x2a c:/program files/microchip/xc32/v2.40/bin/bin/../../lib/gcc/pic32c/6.2.1/../../../../pic32c/lib/v8-m.base\libpic32c.a(isatty.o)
 .debug_abbrev  0x00005648       0x2a c:/program files/microchip/xc32/v2.40/bin/bin/../../lib/gcc/pic32c/6.2.1/../../../../pic32c/lib/v8-m.base\libpic32c.a(lseek.o)
 .debug_abbrev  0x00005672       0x2a c:/program files/microchip/xc32/v2.40/bin/bin/../../lib/gcc/pic32c/6.2.1/../../../../pic32c/lib/v8-m.base\libpic32c.a(read.o)
 .debug_abbrev  0x0000569c       0x2a c:/program files/microchip/xc32/v2.40/bin/bin/../../lib/gcc/pic32c/6.2.1/../../../../pic32c/lib/v8-m.base\libpic32c.a(write.o)

.debug_loc      0x00000000     0x46a9
 .debug_loc     0x00000000      0x17c build/Trustify/production/_ext/2117940715/plib_nvmctrl.o
 .debug_loc     0x0000017c      0x5b8 build/Trustify/production/_ext/1247632078/plib_sercom0_usart.o
 .debug_loc     0x00000734       0x7e build/Trustify/production/_ext/1958438824/plib_pm.o
 .debug_loc     0x000007b2       0x61 build/Trustify/production/_ext/1360937237/main.o
 .debug_loc     0x00000813       0x41 build/Trustify/production/_ext/1060005641/initialization.o
 .debug_loc     0x00000854       0x9f build/Trustify/production/_ext/874600305/xc32_monitor.o
 .debug_loc     0x000008f3       0x84 build/Trustify/production/_ext/864028644/plib_port.o
 .debug_loc     0x00000977       0x3c build/Trustify/production/_ext/864081795/plib_nvic.o
 .debug_loc     0x000009b3       0x7a build/Trustify/production/_ext/1883465617/plib_systick.o
 .debug_loc     0x00000a2d       0x20 build/Trustify/production/_ext/1060005641/startup_xc32.o
 .debug_loc     0x00000a4d      0x101 build/Trustify/production/_ext/582071996/plib_eic.o
 .debug_loc     0x00000b4e       0x14 c:/program files/microchip/xc32/v2.40/bin/bin/../../lib/gcc/pic32c/6.2.1/../../../../pic32c/lib/v8-m.base\libpic32c.a(data_init.o)
 .debug_loc     0x00000b62       0x72 c:/program files/microchip/xc32/v2.40/bin/bin/../../lib/gcc/pic32c/6.2.1/../../../../pic32c/lib/v8-m.base\libc_nano.a(lib_a-init.o)
 .debug_loc     0x00000bd4       0x2c c:/program files/microchip/xc32/v2.40/bin/bin/../../lib/gcc/pic32c/6.2.1/../../../../pic32c/lib/v8-m.base\libc_nano.a(_lib_a-printf.cdnopuxX.o)
 .debug_loc     0x00000c00      0x249 c:/program files/microchip/xc32/v2.40/bin/bin/../../lib/gcc/pic32c/6.2.1/../../../../pic32c/lib/v8-m.base\libc_nano.a(lib_a-puts.o)
 .debug_loc     0x00000e49      0x194 c:/program files/microchip/xc32/v2.40/bin/bin/../../lib/gcc/pic32c/6.2.1/../../../../pic32c/lib/v8-m.base\libc_nano.a(lib_a-wbuf.o)
 .debug_loc     0x00000fdd       0x9e c:/program files/microchip/xc32/v2.40/bin/bin/../../lib/gcc/pic32c/6.2.1/../../../../pic32c/lib/v8-m.base\libc_nano.a(lib_a-wsetup.o)
 .debug_loc     0x0000107b      0x30b c:/program files/microchip/xc32/v2.40/bin/bin/../../lib/gcc/pic32c/6.2.1/../../../../pic32c/lib/v8-m.base\libc_nano.a(lib_a-fflush.o)
 .debug_loc     0x00001386      0x2b8 c:/program files/microchip/xc32/v2.40/bin/bin/../../lib/gcc/pic32c/6.2.1/../../../../pic32c/lib/v8-m.base\libc_nano.a(lib_a-findfp.o)
 .debug_loc     0x0000163e      0x1d9 c:/program files/microchip/xc32/v2.40/bin/bin/../../lib/gcc/pic32c/6.2.1/../../../../pic32c/lib/v8-m.base\libc_nano.a(lib_a-fwalk.o)
 .debug_loc     0x00001817      0x260 c:/program files/microchip/xc32/v2.40/bin/bin/../../lib/gcc/pic32c/6.2.1/../../../../pic32c/lib/v8-m.base\libc_nano.a(lib_a-makebuf.o)
 .debug_loc     0x00001a77       0x72 c:/program files/microchip/xc32/v2.40/bin/bin/../../lib/gcc/pic32c/6.2.1/../../../../pic32c/lib/v8-m.base\libc_nano.a(lib_a-memset.o)
 .debug_loc     0x00001ae9      0x108 c:/program files/microchip/xc32/v2.40/bin/bin/../../lib/gcc/pic32c/6.2.1/../../../../pic32c/lib/v8-m.base\libc_nano.a(lib_a-nano-freer.o)
 .debug_loc     0x00001bf1      0x242 c:/program files/microchip/xc32/v2.40/bin/bin/../../lib/gcc/pic32c/6.2.1/../../../../pic32c/lib/v8-m.base\libc_nano.a(lib_a-nano-mallocr.o)
 .debug_loc     0x00001e33      0xdc9 c:/program files/microchip/xc32/v2.40/bin/bin/../../lib/gcc/pic32c/6.2.1/../../../../pic32c/lib/v8-m.base\libc_nano.a(_lib_a-nano-vfprintf.cdnopuxX.o)
 .debug_loc     0x00002bfc      0x64d c:/program files/microchip/xc32/v2.40/bin/bin/../../lib/gcc/pic32c/6.2.1/../../../../pic32c/lib/v8-m.base\libc_nano.a(lib_a-nano-vfprintf_i.o)
 .debug_loc     0x00003249       0x6d c:/program files/microchip/xc32/v2.40/bin/bin/../../lib/gcc/pic32c/6.2.1/../../../../pic32c/lib/v8-m.base\libc_nano.a(lib_a-sbrkr.o)
 .debug_loc     0x000032b6      0x1da c:/program files/microchip/xc32/v2.40/bin/bin/../../lib/gcc/pic32c/6.2.1/../../../../pic32c/lib/v8-m.base\libc_nano.a(lib_a-__ssfputs.o)
 .debug_loc     0x00003490      0x382 c:/program files/microchip/xc32/v2.40/bin/bin/../../lib/gcc/pic32c/6.2.1/../../../../pic32c/lib/v8-m.base\libc_nano.a(lib_a-stdio.o)
 .debug_loc     0x00003812       0xc5 c:/program files/microchip/xc32/v2.40/bin/bin/../../lib/gcc/pic32c/6.2.1/../../../../pic32c/lib/v8-m.base\libc_nano.a(lib_a-writer.o)
 .debug_loc     0x000038d7       0x6d c:/program files/microchip/xc32/v2.40/bin/bin/../../lib/gcc/pic32c/6.2.1/../../../../pic32c/lib/v8-m.base\libc_nano.a(lib_a-closer.o)
 .debug_loc     0x00003944      0x2ac c:/program files/microchip/xc32/v2.40/bin/bin/../../lib/gcc/pic32c/6.2.1/../../../../pic32c/lib/v8-m.base\libc_nano.a(lib_a-fputwc.o)
 .debug_loc     0x00003bf0       0x99 c:/program files/microchip/xc32/v2.40/bin/bin/../../lib/gcc/pic32c/6.2.1/../../../../pic32c/lib/v8-m.base\libc_nano.a(lib_a-fstatr.o)
 .debug_loc     0x00003c89       0x6d c:/program files/microchip/xc32/v2.40/bin/bin/../../lib/gcc/pic32c/6.2.1/../../../../pic32c/lib/v8-m.base\libc_nano.a(lib_a-isattyr.o)
 .debug_loc     0x00003cf6      0x174 c:/program files/microchip/xc32/v2.40/bin/bin/../../lib/gcc/pic32c/6.2.1/../../../../pic32c/lib/v8-m.base\libc_nano.a(lib_a-locale.o)
 .debug_loc     0x00003e6a       0xc5 c:/program files/microchip/xc32/v2.40/bin/bin/../../lib/gcc/pic32c/6.2.1/../../../../pic32c/lib/v8-m.base\libc_nano.a(lib_a-lseekr.o)
 .debug_loc     0x00003f2f      0x19a c:/program files/microchip/xc32/v2.40/bin/bin/../../lib/gcc/pic32c/6.2.1/../../../../pic32c/lib/v8-m.base\libc_nano.a(lib_a-mbtowc_r.o)
 .debug_loc     0x000040c9       0xb4 c:/program files/microchip/xc32/v2.40/bin/bin/../../lib/gcc/pic32c/6.2.1/../../../../pic32c/lib/v8-m.base\libc_nano.a(lib_a-memchr-stub.o)
 .debug_loc     0x0000417d       0xc5 c:/program files/microchip/xc32/v2.40/bin/bin/../../lib/gcc/pic32c/6.2.1/../../../../pic32c/lib/v8-m.base\libc_nano.a(lib_a-readr.o)
 .debug_loc     0x00004242      0x10b c:/program files/microchip/xc32/v2.40/bin/bin/../../lib/gcc/pic32c/6.2.1/../../../../pic32c/lib/v8-m.base\libc_nano.a(lib_a-reent.o)
 .debug_loc     0x0000434d      0x1cb c:/program files/microchip/xc32/v2.40/bin/bin/../../lib/gcc/pic32c/6.2.1/../../../../pic32c/lib/v8-m.base\libc_nano.a(lib_a-wcrtomb.o)
 .debug_loc     0x00004518       0xf1 c:/program files/microchip/xc32/v2.40/bin/bin/../../lib/gcc/pic32c/6.2.1/../../../../pic32c/lib/v8-m.base\libc_nano.a(lib_a-wctomb_r.o)
 .debug_loc     0x00004609       0x14 c:/program files/microchip/xc32/v2.40/bin/bin/../../lib/gcc/pic32c/6.2.1/../../../../pic32c/lib/v8-m.base\libpic32c.a(_close.o)
 .debug_loc     0x0000461d       0x14 c:/program files/microchip/xc32/v2.40/bin/bin/../../lib/gcc/pic32c/6.2.1/../../../../pic32c/lib/v8-m.base\libpic32c.a(_fstat.o)
 .debug_loc     0x00004631       0x14 c:/program files/microchip/xc32/v2.40/bin/bin/../../lib/gcc/pic32c/6.2.1/../../../../pic32c/lib/v8-m.base\libpic32c.a(_isatty.o)
 .debug_loc     0x00004645       0x14 c:/program files/microchip/xc32/v2.40/bin/bin/../../lib/gcc/pic32c/6.2.1/../../../../pic32c/lib/v8-m.base\libpic32c.a(_lseek.o)
 .debug_loc     0x00004659       0x14 c:/program files/microchip/xc32/v2.40/bin/bin/../../lib/gcc/pic32c/6.2.1/../../../../pic32c/lib/v8-m.base\libpic32c.a(_read.o)
 .debug_loc     0x0000466d       0x14 c:/program files/microchip/xc32/v2.40/bin/bin/../../lib/gcc/pic32c/6.2.1/../../../../pic32c/lib/v8-m.base\libpic32c.a(_write.o)
 .debug_loc     0x00004681       0x14 c:/program files/microchip/xc32/v2.40/bin/bin/../../lib/gcc/pic32c/6.2.1/../../../../pic32c/lib/v8-m.base\libpic32c.a(read.o)
 .debug_loc     0x00004695       0x14 c:/program files/microchip/xc32/v2.40/bin/bin/../../lib/gcc/pic32c/6.2.1/../../../../pic32c/lib/v8-m.base\libpic32c.a(write.o)

.debug_aranges  0x00000000      0xa30
 .debug_aranges
                0x00000000       0x60 build/Trustify/production/_ext/2117940715/plib_nvmctrl.o
 .debug_aranges
                0x00000060       0x20 build/Trustify/production/_ext/1025033151/plib_evsys.o
 .debug_aranges
                0x00000080       0x70 build/Trustify/production/_ext/1247632078/plib_sercom0_usart.o
 .debug_aranges
                0x000000f0       0x40 build/Trustify/production/_ext/1958438824/plib_pm.o
 .debug_aranges
                0x00000130       0x28 build/Trustify/production/_ext/1360937237/main.o
 .debug_aranges
                0x00000158       0x20 build/Trustify/production/_ext/1060005641/initialization.o
 .debug_aranges
                0x00000178       0x20 build/Trustify/production/_ext/1060005641/interrupts.o
 .debug_aranges
                0x00000198       0x48 build/Trustify/production/_ext/1060005641/exceptions.o
 .debug_aranges
                0x000001e0       0x28 build/Trustify/production/_ext/874600305/xc32_monitor.o
 .debug_aranges
                0x00000208       0x60 build/Trustify/production/_ext/864028644/plib_port.o
 .debug_aranges
                0x00000268       0x20 build/Trustify/production/_ext/1027182637/plib_clock.o
 .debug_aranges
                0x00000288       0x20 build/Trustify/production/_ext/864081795/plib_nvic.o
 .debug_aranges
                0x000002a8       0x70 build/Trustify/production/_ext/1883465617/plib_systick.o
 .debug_aranges
                0x00000318       0x20 build/Trustify/production/_ext/1060005641/startup_xc32.o
 .debug_aranges
                0x00000338       0x40 build/Trustify/production/_ext/582071996/plib_eic.o
 .debug_aranges
                0x00000378       0x20 c:/program files/microchip/xc32/v2.40/bin/bin/../../lib/gcc/pic32c/6.2.1/../../../../pic32c/lib/v8-m.base\libpic32c.a(data_init.o)
 .debug_aranges
                0x00000398       0x20 c:/program files/microchip/xc32/v2.40/bin/bin/../../lib/gcc/pic32c/6.2.1/../../../../pic32c/lib/v8-m.base\libc_nano.a(lib_a-init.o)
 .debug_aranges
                0x000003b8       0x20 c:/program files/microchip/xc32/v2.40/bin/bin/../../lib/gcc/pic32c/6.2.1/../../../../pic32c/lib/v8-m.base\libc_nano.a(_lib_a-printf.cdnopuxX.o)
 .debug_aranges
                0x000003d8       0x28 c:/program files/microchip/xc32/v2.40/bin/bin/../../lib/gcc/pic32c/6.2.1/../../../../pic32c/lib/v8-m.base\libc_nano.a(lib_a-puts.o)
 .debug_aranges
                0x00000400       0x28 c:/program files/microchip/xc32/v2.40/bin/bin/../../lib/gcc/pic32c/6.2.1/../../../../pic32c/lib/v8-m.base\libc_nano.a(lib_a-wbuf.o)
 .debug_aranges
                0x00000428       0x20 c:/program files/microchip/xc32/v2.40/bin/bin/../../lib/gcc/pic32c/6.2.1/../../../../pic32c/lib/v8-m.base\libc_nano.a(lib_a-wsetup.o)
 .debug_aranges
                0x00000448       0x30 c:/program files/microchip/xc32/v2.40/bin/bin/../../lib/gcc/pic32c/6.2.1/../../../../pic32c/lib/v8-m.base\libc_nano.a(lib_a-fflush.o)
 .debug_aranges
                0x00000478       0x48 c:/program files/microchip/xc32/v2.40/bin/bin/../../lib/gcc/pic32c/6.2.1/../../../../pic32c/lib/v8-m.base\libc_nano.a(lib_a-findfp.o)
 .debug_aranges
                0x000004c0       0x28 c:/program files/microchip/xc32/v2.40/bin/bin/../../lib/gcc/pic32c/6.2.1/../../../../pic32c/lib/v8-m.base\libc_nano.a(lib_a-fwalk.o)
 .debug_aranges
                0x000004e8       0x18 c:/program files/microchip/xc32/v2.40/bin/bin/../../lib/gcc/pic32c/6.2.1/../../../../pic32c/lib/v8-m.base\libc_nano.a(lib_a-impure.o)
 .debug_aranges
                0x00000500       0x28 c:/program files/microchip/xc32/v2.40/bin/bin/../../lib/gcc/pic32c/6.2.1/../../../../pic32c/lib/v8-m.base\libc_nano.a(lib_a-makebuf.o)
 .debug_aranges
                0x00000528       0x20 c:/program files/microchip/xc32/v2.40/bin/bin/../../lib/gcc/pic32c/6.2.1/../../../../pic32c/lib/v8-m.base\libc_nano.a(lib_a-memset.o)
 .debug_aranges
                0x00000548       0x20 c:/program files/microchip/xc32/v2.40/bin/bin/../../lib/gcc/pic32c/6.2.1/../../../../pic32c/lib/v8-m.base\libc_nano.a(lib_a-nano-freer.o)
 .debug_aranges
                0x00000568       0x20 c:/program files/microchip/xc32/v2.40/bin/bin/../../lib/gcc/pic32c/6.2.1/../../../../pic32c/lib/v8-m.base\libc_nano.a(lib_a-nano-mallocr.o)
 .debug_aranges
                0x00000588       0x30 c:/program files/microchip/xc32/v2.40/bin/bin/../../lib/gcc/pic32c/6.2.1/../../../../pic32c/lib/v8-m.base\libc_nano.a(_lib_a-nano-vfprintf.cdnopuxX.o)
 .debug_aranges
                0x000005b8       0x28 c:/program files/microchip/xc32/v2.40/bin/bin/../../lib/gcc/pic32c/6.2.1/../../../../pic32c/lib/v8-m.base\libc_nano.a(lib_a-nano-vfprintf_i.o)
 .debug_aranges
                0x000005e0       0x20 c:/program files/microchip/xc32/v2.40/bin/bin/../../lib/gcc/pic32c/6.2.1/../../../../pic32c/lib/v8-m.base\libc_nano.a(lib_a-sbrkr.o)
 .debug_aranges
                0x00000600       0x28 c:/program files/microchip/xc32/v2.40/bin/bin/../../lib/gcc/pic32c/6.2.1/../../../../pic32c/lib/v8-m.base\libc_nano.a(lib_a-__ssfputs.o)
 .debug_aranges
                0x00000628       0x40 c:/program files/microchip/xc32/v2.40/bin/bin/../../lib/gcc/pic32c/6.2.1/../../../../pic32c/lib/v8-m.base\libc_nano.a(lib_a-stdio.o)
 .debug_aranges
                0x00000668       0x20 c:/program files/microchip/xc32/v2.40/bin/bin/../../lib/gcc/pic32c/6.2.1/../../../../pic32c/lib/v8-m.base\libc_nano.a(lib_a-writer.o)
 .debug_aranges
                0x00000688       0x20 c:/program files/microchip/xc32/v2.40/bin/bin/../../lib/gcc/pic32c/6.2.1/../../../../pic32c/lib/v8-m.base\libc_nano.a(lib_a-closer.o)
 .debug_aranges
                0x000006a8       0x30 c:/program files/microchip/xc32/v2.40/bin/bin/../../lib/gcc/pic32c/6.2.1/../../../../pic32c/lib/v8-m.base\libc_nano.a(lib_a-fputwc.o)
 .debug_aranges
                0x000006d8       0x20 c:/program files/microchip/xc32/v2.40/bin/bin/../../lib/gcc/pic32c/6.2.1/../../../../pic32c/lib/v8-m.base\libc_nano.a(lib_a-fstatr.o)
 .debug_aranges
                0x000006f8       0x20 c:/program files/microchip/xc32/v2.40/bin/bin/../../lib/gcc/pic32c/6.2.1/../../../../pic32c/lib/v8-m.base\libc_nano.a(lib_a-isattyr.o)
 .debug_aranges
                0x00000718       0x40 c:/program files/microchip/xc32/v2.40/bin/bin/../../lib/gcc/pic32c/6.2.1/../../../../pic32c/lib/v8-m.base\libc_nano.a(lib_a-locale.o)
 .debug_aranges
                0x00000758       0x20 c:/program files/microchip/xc32/v2.40/bin/bin/../../lib/gcc/pic32c/6.2.1/../../../../pic32c/lib/v8-m.base\libc_nano.a(lib_a-lseekr.o)
 .debug_aranges
                0x00000778       0x28 c:/program files/microchip/xc32/v2.40/bin/bin/../../lib/gcc/pic32c/6.2.1/../../../../pic32c/lib/v8-m.base\libc_nano.a(lib_a-mbtowc_r.o)
 .debug_aranges
                0x000007a0       0x20 c:/program files/microchip/xc32/v2.40/bin/bin/../../lib/gcc/pic32c/6.2.1/../../../../pic32c/lib/v8-m.base\libc_nano.a(lib_a-memchr-stub.o)
 .debug_aranges
                0x000007c0       0x20 c:/program files/microchip/xc32/v2.40/bin/bin/../../lib/gcc/pic32c/6.2.1/../../../../pic32c/lib/v8-m.base\libc_nano.a(lib_a-mlock.o)
 .debug_aranges
                0x000007e0       0x20 c:/program files/microchip/xc32/v2.40/bin/bin/../../lib/gcc/pic32c/6.2.1/../../../../pic32c/lib/v8-m.base\libc_nano.a(lib_a-readr.o)
 .debug_aranges
                0x00000800       0x28 c:/program files/microchip/xc32/v2.40/bin/bin/../../lib/gcc/pic32c/6.2.1/../../../../pic32c/lib/v8-m.base\libc_nano.a(lib_a-reent.o)
 .debug_aranges
                0x00000828       0x28 c:/program files/microchip/xc32/v2.40/bin/bin/../../lib/gcc/pic32c/6.2.1/../../../../pic32c/lib/v8-m.base\libc_nano.a(lib_a-wcrtomb.o)
 .debug_aranges
                0x00000850       0x28 c:/program files/microchip/xc32/v2.40/bin/bin/../../lib/gcc/pic32c/6.2.1/../../../../pic32c/lib/v8-m.base\libc_nano.a(lib_a-wctomb_r.o)
 .debug_aranges
                0x00000878       0x18 c:/program files/microchip/xc32/v2.40/bin/bin/../../lib/gcc/pic32c/6.2.1/../../../../pic32c/lib/v8-m.base\libc_nano.a(lib_a-ctype_.o)
 .debug_aranges
                0x00000890       0x20 c:/program files/microchip/xc32/v2.40/bin/bin/../../lib/gcc/pic32c/6.2.1/../../../../pic32c/lib/v8-m.base\libpic32c.a(_close.o)
 .debug_aranges
                0x000008b0       0x20 c:/program files/microchip/xc32/v2.40/bin/bin/../../lib/gcc/pic32c/6.2.1/../../../../pic32c/lib/v8-m.base\libpic32c.a(_fstat.o)
 .debug_aranges
                0x000008d0       0x20 c:/program files/microchip/xc32/v2.40/bin/bin/../../lib/gcc/pic32c/6.2.1/../../../../pic32c/lib/v8-m.base\libpic32c.a(_isatty.o)
 .debug_aranges
                0x000008f0       0x20 c:/program files/microchip/xc32/v2.40/bin/bin/../../lib/gcc/pic32c/6.2.1/../../../../pic32c/lib/v8-m.base\libpic32c.a(_lseek.o)
 .debug_aranges
                0x00000910       0x20 c:/program files/microchip/xc32/v2.40/bin/bin/../../lib/gcc/pic32c/6.2.1/../../../../pic32c/lib/v8-m.base\libpic32c.a(_read.o)
 .debug_aranges
                0x00000930       0x20 c:/program files/microchip/xc32/v2.40/bin/bin/../../lib/gcc/pic32c/6.2.1/../../../../pic32c/lib/v8-m.base\libpic32c.a(sbrk.o)
 .debug_aranges
                0x00000950       0x20 c:/program files/microchip/xc32/v2.40/bin/bin/../../lib/gcc/pic32c/6.2.1/../../../../pic32c/lib/v8-m.base\libpic32c.a(_write.o)
 .debug_aranges
                0x00000970       0x20 c:/program files/microchip/xc32/v2.40/bin/bin/../../lib/gcc/pic32c/6.2.1/../../../../pic32c/lib/v8-m.base\libpic32c.a(close.o)
 .debug_aranges
                0x00000990       0x20 c:/program files/microchip/xc32/v2.40/bin/bin/../../lib/gcc/pic32c/6.2.1/../../../../pic32c/lib/v8-m.base\libpic32c.a(fstat.o)
 .debug_aranges
                0x000009b0       0x20 c:/program files/microchip/xc32/v2.40/bin/bin/../../lib/gcc/pic32c/6.2.1/../../../../pic32c/lib/v8-m.base\libpic32c.a(isatty.o)
 .debug_aranges
                0x000009d0       0x20 c:/program files/microchip/xc32/v2.40/bin/bin/../../lib/gcc/pic32c/6.2.1/../../../../pic32c/lib/v8-m.base\libpic32c.a(lseek.o)
 .debug_aranges
                0x000009f0       0x20 c:/program files/microchip/xc32/v2.40/bin/bin/../../lib/gcc/pic32c/6.2.1/../../../../pic32c/lib/v8-m.base\libpic32c.a(read.o)
 .debug_aranges
                0x00000a10       0x20 c:/program files/microchip/xc32/v2.40/bin/bin/../../lib/gcc/pic32c/6.2.1/../../../../pic32c/lib/v8-m.base\libpic32c.a(write.o)

.debug_ranges   0x00000000      0x8e8
 .debug_ranges  0x00000000       0x50 build/Trustify/production/_ext/2117940715/plib_nvmctrl.o
 .debug_ranges  0x00000050       0x10 build/Trustify/production/_ext/1025033151/plib_evsys.o
 .debug_ranges  0x00000060       0x60 build/Trustify/production/_ext/1247632078/plib_sercom0_usart.o
 .debug_ranges  0x000000c0       0x30 build/Trustify/production/_ext/1958438824/plib_pm.o
 .debug_ranges  0x000000f0       0x18 build/Trustify/production/_ext/1360937237/main.o
 .debug_ranges  0x00000108       0x10 build/Trustify/production/_ext/1060005641/initialization.o
 .debug_ranges  0x00000118       0x10 build/Trustify/production/_ext/1060005641/interrupts.o
 .debug_ranges  0x00000128       0x38 build/Trustify/production/_ext/1060005641/exceptions.o
 .debug_ranges  0x00000160       0x18 build/Trustify/production/_ext/874600305/xc32_monitor.o
 .debug_ranges  0x00000178       0x50 build/Trustify/production/_ext/864028644/plib_port.o
 .debug_ranges  0x000001c8       0x10 build/Trustify/production/_ext/1027182637/plib_clock.o
 .debug_ranges  0x000001d8       0x10 build/Trustify/production/_ext/864081795/plib_nvic.o
 .debug_ranges  0x000001e8       0x60 build/Trustify/production/_ext/1883465617/plib_systick.o
 .debug_ranges  0x00000248       0x10 build/Trustify/production/_ext/1060005641/startup_xc32.o
 .debug_ranges  0x00000258       0x30 build/Trustify/production/_ext/582071996/plib_eic.o
 .debug_ranges  0x00000288       0x10 c:/program files/microchip/xc32/v2.40/bin/bin/../../lib/gcc/pic32c/6.2.1/../../../../pic32c/lib/v8-m.base\libpic32c.a(data_init.o)
 .debug_ranges  0x00000298       0x10 c:/program files/microchip/xc32/v2.40/bin/bin/../../lib/gcc/pic32c/6.2.1/../../../../pic32c/lib/v8-m.base\libc_nano.a(lib_a-init.o)
 .debug_ranges  0x000002a8       0x10 c:/program files/microchip/xc32/v2.40/bin/bin/../../lib/gcc/pic32c/6.2.1/../../../../pic32c/lib/v8-m.base\libc_nano.a(_lib_a-printf.cdnopuxX.o)
 .debug_ranges  0x000002b8       0x70 c:/program files/microchip/xc32/v2.40/bin/bin/../../lib/gcc/pic32c/6.2.1/../../../../pic32c/lib/v8-m.base\libc_nano.a(lib_a-puts.o)
 .debug_ranges  0x00000328       0x30 c:/program files/microchip/xc32/v2.40/bin/bin/../../lib/gcc/pic32c/6.2.1/../../../../pic32c/lib/v8-m.base\libc_nano.a(lib_a-wbuf.o)
 .debug_ranges  0x00000358       0x38 c:/program files/microchip/xc32/v2.40/bin/bin/../../lib/gcc/pic32c/6.2.1/../../../../pic32c/lib/v8-m.base\libc_nano.a(lib_a-wsetup.o)
 .debug_ranges  0x00000390       0x68 c:/program files/microchip/xc32/v2.40/bin/bin/../../lib/gcc/pic32c/6.2.1/../../../../pic32c/lib/v8-m.base\libc_nano.a(lib_a-fflush.o)
 .debug_ranges  0x000003f8       0x38 c:/program files/microchip/xc32/v2.40/bin/bin/../../lib/gcc/pic32c/6.2.1/../../../../pic32c/lib/v8-m.base\libc_nano.a(lib_a-findfp.o)
 .debug_ranges  0x00000430       0x18 c:/program files/microchip/xc32/v2.40/bin/bin/../../lib/gcc/pic32c/6.2.1/../../../../pic32c/lib/v8-m.base\libc_nano.a(lib_a-fwalk.o)
 .debug_ranges  0x00000448       0x30 c:/program files/microchip/xc32/v2.40/bin/bin/../../lib/gcc/pic32c/6.2.1/../../../../pic32c/lib/v8-m.base\libc_nano.a(lib_a-makebuf.o)
 .debug_ranges  0x00000478       0x10 c:/program files/microchip/xc32/v2.40/bin/bin/../../lib/gcc/pic32c/6.2.1/../../../../pic32c/lib/v8-m.base\libc_nano.a(lib_a-memset.o)
 .debug_ranges  0x00000488       0x28 c:/program files/microchip/xc32/v2.40/bin/bin/../../lib/gcc/pic32c/6.2.1/../../../../pic32c/lib/v8-m.base\libc_nano.a(lib_a-nano-freer.o)
 .debug_ranges  0x000004b0       0x60 c:/program files/microchip/xc32/v2.40/bin/bin/../../lib/gcc/pic32c/6.2.1/../../../../pic32c/lib/v8-m.base\libc_nano.a(lib_a-nano-mallocr.o)
 .debug_ranges  0x00000510       0x60 c:/program files/microchip/xc32/v2.40/bin/bin/../../lib/gcc/pic32c/6.2.1/../../../../pic32c/lib/v8-m.base\libc_nano.a(_lib_a-nano-vfprintf.cdnopuxX.o)
 .debug_ranges  0x00000570       0x90 c:/program files/microchip/xc32/v2.40/bin/bin/../../lib/gcc/pic32c/6.2.1/../../../../pic32c/lib/v8-m.base\libc_nano.a(lib_a-nano-vfprintf_i.o)
 .debug_ranges  0x00000600       0x10 c:/program files/microchip/xc32/v2.40/bin/bin/../../lib/gcc/pic32c/6.2.1/../../../../pic32c/lib/v8-m.base\libc_nano.a(lib_a-sbrkr.o)
 .debug_ranges  0x00000610       0x30 c:/program files/microchip/xc32/v2.40/bin/bin/../../lib/gcc/pic32c/6.2.1/../../../../pic32c/lib/v8-m.base\libc_nano.a(lib_a-__ssfputs.o)
 .debug_ranges  0x00000640       0x30 c:/program files/microchip/xc32/v2.40/bin/bin/../../lib/gcc/pic32c/6.2.1/../../../../pic32c/lib/v8-m.base\libc_nano.a(lib_a-stdio.o)
 .debug_ranges  0x00000670       0x10 c:/program files/microchip/xc32/v2.40/bin/bin/../../lib/gcc/pic32c/6.2.1/../../../../pic32c/lib/v8-m.base\libc_nano.a(lib_a-writer.o)
 .debug_ranges  0x00000680       0x10 c:/program files/microchip/xc32/v2.40/bin/bin/../../lib/gcc/pic32c/6.2.1/../../../../pic32c/lib/v8-m.base\libc_nano.a(lib_a-closer.o)
 .debug_ranges  0x00000690       0x50 c:/program files/microchip/xc32/v2.40/bin/bin/../../lib/gcc/pic32c/6.2.1/../../../../pic32c/lib/v8-m.base\libc_nano.a(lib_a-fputwc.o)
 .debug_ranges  0x000006e0       0x10 c:/program files/microchip/xc32/v2.40/bin/bin/../../lib/gcc/pic32c/6.2.1/../../../../pic32c/lib/v8-m.base\libc_nano.a(lib_a-fstatr.o)
 .debug_ranges  0x000006f0       0x10 c:/program files/microchip/xc32/v2.40/bin/bin/../../lib/gcc/pic32c/6.2.1/../../../../pic32c/lib/v8-m.base\libc_nano.a(lib_a-isattyr.o)
 .debug_ranges  0x00000700       0x30 c:/program files/microchip/xc32/v2.40/bin/bin/../../lib/gcc/pic32c/6.2.1/../../../../pic32c/lib/v8-m.base\libc_nano.a(lib_a-locale.o)
 .debug_ranges  0x00000730       0x10 c:/program files/microchip/xc32/v2.40/bin/bin/../../lib/gcc/pic32c/6.2.1/../../../../pic32c/lib/v8-m.base\libc_nano.a(lib_a-lseekr.o)
 .debug_ranges  0x00000740       0x18 c:/program files/microchip/xc32/v2.40/bin/bin/../../lib/gcc/pic32c/6.2.1/../../../../pic32c/lib/v8-m.base\libc_nano.a(lib_a-mbtowc_r.o)
 .debug_ranges  0x00000758       0x10 c:/program files/microchip/xc32/v2.40/bin/bin/../../lib/gcc/pic32c/6.2.1/../../../../pic32c/lib/v8-m.base\libc_nano.a(lib_a-memchr-stub.o)
 .debug_ranges  0x00000768       0x10 c:/program files/microchip/xc32/v2.40/bin/bin/../../lib/gcc/pic32c/6.2.1/../../../../pic32c/lib/v8-m.base\libc_nano.a(lib_a-mlock.o)
 .debug_ranges  0x00000778       0x10 c:/program files/microchip/xc32/v2.40/bin/bin/../../lib/gcc/pic32c/6.2.1/../../../../pic32c/lib/v8-m.base\libc_nano.a(lib_a-readr.o)
 .debug_ranges  0x00000788       0x48 c:/program files/microchip/xc32/v2.40/bin/bin/../../lib/gcc/pic32c/6.2.1/../../../../pic32c/lib/v8-m.base\libc_nano.a(lib_a-reent.o)
 .debug_ranges  0x000007d0       0x30 c:/program files/microchip/xc32/v2.40/bin/bin/../../lib/gcc/pic32c/6.2.1/../../../../pic32c/lib/v8-m.base\libc_nano.a(lib_a-wcrtomb.o)
 .debug_ranges  0x00000800       0x18 c:/program files/microchip/xc32/v2.40/bin/bin/../../lib/gcc/pic32c/6.2.1/../../../../pic32c/lib/v8-m.base\libc_nano.a(lib_a-wctomb_r.o)
 .debug_ranges  0x00000818       0x10 c:/program files/microchip/xc32/v2.40/bin/bin/../../lib/gcc/pic32c/6.2.1/../../../../pic32c/lib/v8-m.base\libpic32c.a(_close.o)
 .debug_ranges  0x00000828       0x10 c:/program files/microchip/xc32/v2.40/bin/bin/../../lib/gcc/pic32c/6.2.1/../../../../pic32c/lib/v8-m.base\libpic32c.a(_fstat.o)
 .debug_ranges  0x00000838       0x10 c:/program files/microchip/xc32/v2.40/bin/bin/../../lib/gcc/pic32c/6.2.1/../../../../pic32c/lib/v8-m.base\libpic32c.a(_isatty.o)
 .debug_ranges  0x00000848       0x10 c:/program files/microchip/xc32/v2.40/bin/bin/../../lib/gcc/pic32c/6.2.1/../../../../pic32c/lib/v8-m.base\libpic32c.a(_lseek.o)
 .debug_ranges  0x00000858       0x10 c:/program files/microchip/xc32/v2.40/bin/bin/../../lib/gcc/pic32c/6.2.1/../../../../pic32c/lib/v8-m.base\libpic32c.a(_read.o)
 .debug_ranges  0x00000868       0x10 c:/program files/microchip/xc32/v2.40/bin/bin/../../lib/gcc/pic32c/6.2.1/../../../../pic32c/lib/v8-m.base\libpic32c.a(sbrk.o)
 .debug_ranges  0x00000878       0x10 c:/program files/microchip/xc32/v2.40/bin/bin/../../lib/gcc/pic32c/6.2.1/../../../../pic32c/lib/v8-m.base\libpic32c.a(_write.o)
 .debug_ranges  0x00000888       0x10 c:/program files/microchip/xc32/v2.40/bin/bin/../../lib/gcc/pic32c/6.2.1/../../../../pic32c/lib/v8-m.base\libpic32c.a(close.o)
 .debug_ranges  0x00000898       0x10 c:/program files/microchip/xc32/v2.40/bin/bin/../../lib/gcc/pic32c/6.2.1/../../../../pic32c/lib/v8-m.base\libpic32c.a(fstat.o)
 .debug_ranges  0x000008a8       0x10 c:/program files/microchip/xc32/v2.40/bin/bin/../../lib/gcc/pic32c/6.2.1/../../../../pic32c/lib/v8-m.base\libpic32c.a(isatty.o)
 .debug_ranges  0x000008b8       0x10 c:/program files/microchip/xc32/v2.40/bin/bin/../../lib/gcc/pic32c/6.2.1/../../../../pic32c/lib/v8-m.base\libpic32c.a(lseek.o)
 .debug_ranges  0x000008c8       0x10 c:/program files/microchip/xc32/v2.40/bin/bin/../../lib/gcc/pic32c/6.2.1/../../../../pic32c/lib/v8-m.base\libpic32c.a(read.o)
 .debug_ranges  0x000008d8       0x10 c:/program files/microchip/xc32/v2.40/bin/bin/../../lib/gcc/pic32c/6.2.1/../../../../pic32c/lib/v8-m.base\libpic32c.a(write.o)

.debug_line     0x00000000     0x77d5
 .debug_line    0x00000000      0x25b build/Trustify/production/_ext/2117940715/plib_nvmctrl.o
 .debug_line    0x0000025b       0x65 build/Trustify/production/_ext/1025033151/plib_evsys.o
 .debug_line    0x000002c0      0x2c5 build/Trustify/production/_ext/1247632078/plib_sercom0_usart.o
 .debug_line    0x00000585      0x19c build/Trustify/production/_ext/1958438824/plib_pm.o
 .debug_line    0x00000721      0x27f build/Trustify/production/_ext/1360937237/main.o
 .debug_line    0x000009a0      0x3a0 build/Trustify/production/_ext/1060005641/initialization.o
 .debug_line    0x00000d40      0x18a build/Trustify/production/_ext/1060005641/interrupts.o
 .debug_line    0x00000eca      0x14c build/Trustify/production/_ext/1060005641/exceptions.o
 .debug_line    0x00001016      0x1bf build/Trustify/production/_ext/874600305/xc32_monitor.o
 .debug_line    0x000011d5      0x1d2 build/Trustify/production/_ext/864028644/plib_port.o
 .debug_line    0x000013a7      0x16f build/Trustify/production/_ext/1027182637/plib_clock.o
 .debug_line    0x00001516      0x189 build/Trustify/production/_ext/864081795/plib_nvic.o
 .debug_line    0x0000169f      0x20e build/Trustify/production/_ext/1883465617/plib_systick.o
 .debug_line    0x000018ad      0x1e2 build/Trustify/production/_ext/1060005641/startup_xc32.o
 .debug_line    0x00001a8f      0x1a6 build/Trustify/production/_ext/582071996/plib_eic.o
 .debug_line    0x00001c35       0xe3 c:/program files/microchip/xc32/v2.40/bin/bin/../../lib/gcc/pic32c/6.2.1/../../../../pic32c/lib/v8-m.base\libpic32c.a(data_init.o)
 .debug_line    0x00001d18      0x118 c:/program files/microchip/xc32/v2.40/bin/bin/../../lib/gcc/pic32c/6.2.1/../../../../pic32c/lib/v8-m.base\libc_nano.a(lib_a-init.o)
 .debug_line    0x00001e30      0x1c8 c:/program files/microchip/xc32/v2.40/bin/bin/../../lib/gcc/pic32c/6.2.1/../../../../pic32c/lib/v8-m.base\libc_nano.a(_lib_a-printf.cdnopuxX.o)
 .debug_line    0x00001ff8      0x2a6 c:/program files/microchip/xc32/v2.40/bin/bin/../../lib/gcc/pic32c/6.2.1/../../../../pic32c/lib/v8-m.base\libc_nano.a(lib_a-puts.o)
 .debug_line    0x0000229e      0x27d c:/program files/microchip/xc32/v2.40/bin/bin/../../lib/gcc/pic32c/6.2.1/../../../../pic32c/lib/v8-m.base\libc_nano.a(lib_a-wbuf.o)
 .debug_line    0x0000251b      0x26b c:/program files/microchip/xc32/v2.40/bin/bin/../../lib/gcc/pic32c/6.2.1/../../../../pic32c/lib/v8-m.base\libc_nano.a(lib_a-wsetup.o)
 .debug_line    0x00002786      0x2d3 c:/program files/microchip/xc32/v2.40/bin/bin/../../lib/gcc/pic32c/6.2.1/../../../../pic32c/lib/v8-m.base\libc_nano.a(lib_a-fflush.o)
 .debug_line    0x00002a59      0x315 c:/program files/microchip/xc32/v2.40/bin/bin/../../lib/gcc/pic32c/6.2.1/../../../../pic32c/lib/v8-m.base\libc_nano.a(lib_a-findfp.o)
 .debug_line    0x00002d6e      0x269 c:/program files/microchip/xc32/v2.40/bin/bin/../../lib/gcc/pic32c/6.2.1/../../../../pic32c/lib/v8-m.base\libc_nano.a(lib_a-fwalk.o)
 .debug_line    0x00002fd7      0x17e c:/program files/microchip/xc32/v2.40/bin/bin/../../lib/gcc/pic32c/6.2.1/../../../../pic32c/lib/v8-m.base\libc_nano.a(lib_a-impure.o)
 .debug_line    0x00003155      0x328 c:/program files/microchip/xc32/v2.40/bin/bin/../../lib/gcc/pic32c/6.2.1/../../../../pic32c/lib/v8-m.base\libc_nano.a(lib_a-makebuf.o)
 .debug_line    0x0000347d      0x2ad c:/program files/microchip/xc32/v2.40/bin/bin/../../lib/gcc/pic32c/6.2.1/../../../../pic32c/lib/v8-m.base\libc_nano.a(lib_a-memset.o)
 .debug_line    0x0000372a      0x1d4 c:/program files/microchip/xc32/v2.40/bin/bin/../../lib/gcc/pic32c/6.2.1/../../../../pic32c/lib/v8-m.base\libc_nano.a(lib_a-nano-freer.o)
 .debug_line    0x000038fe      0x259 c:/program files/microchip/xc32/v2.40/bin/bin/../../lib/gcc/pic32c/6.2.1/../../../../pic32c/lib/v8-m.base\libc_nano.a(lib_a-nano-mallocr.o)
 .debug_line    0x00003b57      0x3c0 c:/program files/microchip/xc32/v2.40/bin/bin/../../lib/gcc/pic32c/6.2.1/../../../../pic32c/lib/v8-m.base\libc_nano.a(_lib_a-nano-vfprintf.cdnopuxX.o)
 .debug_line    0x00003f17      0x490 c:/program files/microchip/xc32/v2.40/bin/bin/../../lib/gcc/pic32c/6.2.1/../../../../pic32c/lib/v8-m.base\libc_nano.a(lib_a-nano-vfprintf_i.o)
 .debug_line    0x000043a7      0x214 c:/program files/microchip/xc32/v2.40/bin/bin/../../lib/gcc/pic32c/6.2.1/../../../../pic32c/lib/v8-m.base\libc_nano.a(lib_a-sbrkr.o)
 .debug_line    0x000045bb      0x365 c:/program files/microchip/xc32/v2.40/bin/bin/../../lib/gcc/pic32c/6.2.1/../../../../pic32c/lib/v8-m.base\libc_nano.a(lib_a-__ssfputs.o)
 .debug_line    0x00004920      0x2a3 c:/program files/microchip/xc32/v2.40/bin/bin/../../lib/gcc/pic32c/6.2.1/../../../../pic32c/lib/v8-m.base\libc_nano.a(lib_a-stdio.o)
 .debug_line    0x00004bc3      0x211 c:/program files/microchip/xc32/v2.40/bin/bin/../../lib/gcc/pic32c/6.2.1/../../../../pic32c/lib/v8-m.base\libc_nano.a(lib_a-writer.o)
 .debug_line    0x00004dd4      0x215 c:/program files/microchip/xc32/v2.40/bin/bin/../../lib/gcc/pic32c/6.2.1/../../../../pic32c/lib/v8-m.base\libc_nano.a(lib_a-closer.o)
 .debug_line    0x00004fe9      0x2a0 c:/program files/microchip/xc32/v2.40/bin/bin/../../lib/gcc/pic32c/6.2.1/../../../../pic32c/lib/v8-m.base\libc_nano.a(lib_a-fputwc.o)
 .debug_line    0x00005289      0x2c3 c:/program files/microchip/xc32/v2.40/bin/bin/../../lib/gcc/pic32c/6.2.1/../../../../pic32c/lib/v8-m.base\libc_nano.a(lib_a-fstatr.o)
 .debug_line    0x0000554c      0x216 c:/program files/microchip/xc32/v2.40/bin/bin/../../lib/gcc/pic32c/6.2.1/../../../../pic32c/lib/v8-m.base\libc_nano.a(lib_a-isattyr.o)
 .debug_line    0x00005762      0x331 c:/program files/microchip/xc32/v2.40/bin/bin/../../lib/gcc/pic32c/6.2.1/../../../../pic32c/lib/v8-m.base\libc_nano.a(lib_a-locale.o)
 .debug_line    0x00005a93      0x211 c:/program files/microchip/xc32/v2.40/bin/bin/../../lib/gcc/pic32c/6.2.1/../../../../pic32c/lib/v8-m.base\libc_nano.a(lib_a-lseekr.o)
 .debug_line    0x00005ca4      0x2d9 c:/program files/microchip/xc32/v2.40/bin/bin/../../lib/gcc/pic32c/6.2.1/../../../../pic32c/lib/v8-m.base\libc_nano.a(lib_a-mbtowc_r.o)
 .debug_line    0x00005f7d      0x21c c:/program files/microchip/xc32/v2.40/bin/bin/../../lib/gcc/pic32c/6.2.1/../../../../pic32c/lib/v8-m.base\libc_nano.a(lib_a-memchr-stub.o)
 .debug_line    0x00006199      0x18e c:/program files/microchip/xc32/v2.40/bin/bin/../../lib/gcc/pic32c/6.2.1/../../../../pic32c/lib/v8-m.base\libc_nano.a(lib_a-mlock.o)
 .debug_line    0x00006327      0x210 c:/program files/microchip/xc32/v2.40/bin/bin/../../lib/gcc/pic32c/6.2.1/../../../../pic32c/lib/v8-m.base\libc_nano.a(lib_a-readr.o)
 .debug_line    0x00006537      0x23f c:/program files/microchip/xc32/v2.40/bin/bin/../../lib/gcc/pic32c/6.2.1/../../../../pic32c/lib/v8-m.base\libc_nano.a(lib_a-reent.o)
 .debug_line    0x00006776      0x2ee c:/program files/microchip/xc32/v2.40/bin/bin/../../lib/gcc/pic32c/6.2.1/../../../../pic32c/lib/v8-m.base\libc_nano.a(lib_a-wcrtomb.o)
 .debug_line    0x00006a64      0x2cf c:/program files/microchip/xc32/v2.40/bin/bin/../../lib/gcc/pic32c/6.2.1/../../../../pic32c/lib/v8-m.base\libc_nano.a(lib_a-wctomb_r.o)
 .debug_line    0x00006d33      0x21e c:/program files/microchip/xc32/v2.40/bin/bin/../../lib/gcc/pic32c/6.2.1/../../../../pic32c/lib/v8-m.base\libc_nano.a(lib_a-ctype_.o)
 .debug_line    0x00006f51       0x9d c:/program files/microchip/xc32/v2.40/bin/bin/../../lib/gcc/pic32c/6.2.1/../../../../pic32c/lib/v8-m.base\libpic32c.a(_close.o)
 .debug_line    0x00006fee       0x9d c:/program files/microchip/xc32/v2.40/bin/bin/../../lib/gcc/pic32c/6.2.1/../../../../pic32c/lib/v8-m.base\libpic32c.a(_fstat.o)
 .debug_line    0x0000708b       0x9e c:/program files/microchip/xc32/v2.40/bin/bin/../../lib/gcc/pic32c/6.2.1/../../../../pic32c/lib/v8-m.base\libpic32c.a(_isatty.o)
 .debug_line    0x00007129       0x9d c:/program files/microchip/xc32/v2.40/bin/bin/../../lib/gcc/pic32c/6.2.1/../../../../pic32c/lib/v8-m.base\libpic32c.a(_lseek.o)
 .debug_line    0x000071c6       0x9c c:/program files/microchip/xc32/v2.40/bin/bin/../../lib/gcc/pic32c/6.2.1/../../../../pic32c/lib/v8-m.base\libpic32c.a(_read.o)
 .debug_line    0x00007262       0xa4 c:/program files/microchip/xc32/v2.40/bin/bin/../../lib/gcc/pic32c/6.2.1/../../../../pic32c/lib/v8-m.base\libpic32c.a(sbrk.o)
 .debug_line    0x00007306       0x9d c:/program files/microchip/xc32/v2.40/bin/bin/../../lib/gcc/pic32c/6.2.1/../../../../pic32c/lib/v8-m.base\libpic32c.a(_write.o)
 .debug_line    0x000073a3       0x9b c:/program files/microchip/xc32/v2.40/bin/bin/../../lib/gcc/pic32c/6.2.1/../../../../pic32c/lib/v8-m.base\libpic32c.a(close.o)
 .debug_line    0x0000743e      0x104 c:/program files/microchip/xc32/v2.40/bin/bin/../../lib/gcc/pic32c/6.2.1/../../../../pic32c/lib/v8-m.base\libpic32c.a(fstat.o)
 .debug_line    0x00007542       0x9c c:/program files/microchip/xc32/v2.40/bin/bin/../../lib/gcc/pic32c/6.2.1/../../../../pic32c/lib/v8-m.base\libpic32c.a(isatty.o)
 .debug_line    0x000075de       0x9b c:/program files/microchip/xc32/v2.40/bin/bin/../../lib/gcc/pic32c/6.2.1/../../../../pic32c/lib/v8-m.base\libpic32c.a(lseek.o)
 .debug_line    0x00007679       0xae c:/program files/microchip/xc32/v2.40/bin/bin/../../lib/gcc/pic32c/6.2.1/../../../../pic32c/lib/v8-m.base\libpic32c.a(read.o)
 .debug_line    0x00007727       0xae c:/program files/microchip/xc32/v2.40/bin/bin/../../lib/gcc/pic32c/6.2.1/../../../../pic32c/lib/v8-m.base\libpic32c.a(write.o)

.debug_str      0x00000000      0xf68
 .debug_str     0x00000000       0x16 build/Trustify/production/_ext/2117940715/plib_nvmctrl.o
 .debug_str     0x00000016        0x0 build/Trustify/production/_ext/1025033151/plib_evsys.o
 .debug_str     0x00000016      0x11f build/Trustify/production/_ext/1247632078/plib_sercom0_usart.o
 .debug_str     0x00000135        0x0 build/Trustify/production/_ext/1958438824/plib_pm.o
 .debug_str     0x00000135       0x61 build/Trustify/production/_ext/1360937237/main.o
 .debug_str     0x00000196       0xb1 build/Trustify/production/_ext/1060005641/initialization.o
 .debug_str     0x00000247        0xe build/Trustify/production/_ext/1060005641/interrupts.o
 .debug_str     0x00000255        0xe build/Trustify/production/_ext/1060005641/exceptions.o
 .debug_str     0x00000263       0x35 build/Trustify/production/_ext/874600305/xc32_monitor.o
 .debug_str     0x00000298        0xb build/Trustify/production/_ext/864028644/plib_port.o
 .debug_str     0x000002a3       0x1e build/Trustify/production/_ext/1027182637/plib_clock.o
 .debug_str     0x000002c1        0x0 build/Trustify/production/_ext/864081795/plib_nvic.o
 .debug_str     0x000002c1        0x9 build/Trustify/production/_ext/1883465617/plib_systick.o
 .debug_str     0x000002ca       0x79 build/Trustify/production/_ext/1060005641/startup_xc32.o
 .debug_str     0x00000343        0x9 build/Trustify/production/_ext/582071996/plib_eic.o
 .debug_str     0x0000034c        0x0 c:/program files/microchip/xc32/v2.40/bin/bin/../../lib/gcc/pic32c/6.2.1/../../../../pic32c/lib/v8-m.base\libpic32c.a(data_init.o)
 .debug_str     0x0000034c        0x0 c:/program files/microchip/xc32/v2.40/bin/bin/../../lib/gcc/pic32c/6.2.1/../../../../pic32c/lib/v8-m.base\libc_nano.a(lib_a-init.o)
 .debug_str     0x0000034c       0x1c c:/program files/microchip/xc32/v2.40/bin/bin/../../lib/gcc/pic32c/6.2.1/../../../../pic32c/lib/v8-m.base\libc_nano.a(_lib_a-printf.cdnopuxX.o)
 .debug_str     0x00000368       0x1f c:/program files/microchip/xc32/v2.40/bin/bin/../../lib/gcc/pic32c/6.2.1/../../../../pic32c/lib/v8-m.base\libc_nano.a(lib_a-puts.o)
 .debug_str     0x00000387       0x1f c:/program files/microchip/xc32/v2.40/bin/bin/../../lib/gcc/pic32c/6.2.1/../../../../pic32c/lib/v8-m.base\libc_nano.a(lib_a-wbuf.o)
 .debug_str     0x000003a6       0x16 c:/program files/microchip/xc32/v2.40/bin/bin/../../lib/gcc/pic32c/6.2.1/../../../../pic32c/lib/v8-m.base\libc_nano.a(lib_a-wsetup.o)
 .debug_str     0x000003bc       0x16 c:/program files/microchip/xc32/v2.40/bin/bin/../../lib/gcc/pic32c/6.2.1/../../../../pic32c/lib/v8-m.base\libc_nano.a(lib_a-fflush.o)
 .debug_str     0x000003d2       0x20 c:/program files/microchip/xc32/v2.40/bin/bin/../../lib/gcc/pic32c/6.2.1/../../../../pic32c/lib/v8-m.base\libc_nano.a(lib_a-findfp.o)
 .debug_str     0x000003f2        0x9 c:/program files/microchip/xc32/v2.40/bin/bin/../../lib/gcc/pic32c/6.2.1/../../../../pic32c/lib/v8-m.base\libc_nano.a(lib_a-fwalk.o)
 .debug_str     0x000003fb        0x9 c:/program files/microchip/xc32/v2.40/bin/bin/../../lib/gcc/pic32c/6.2.1/../../../../pic32c/lib/v8-m.base\libc_nano.a(lib_a-impure.o)
 .debug_str     0x00000404       0x31 c:/program files/microchip/xc32/v2.40/bin/bin/../../lib/gcc/pic32c/6.2.1/../../../../pic32c/lib/v8-m.base\libc_nano.a(lib_a-makebuf.o)
 .debug_str     0x00000435      0x114 c:/program files/microchip/xc32/v2.40/bin/bin/../../lib/gcc/pic32c/6.2.1/../../../../pic32c/lib/v8-m.base\libc_nano.a(lib_a-memset.o)
 .debug_str     0x00000549       0x27 c:/program files/microchip/xc32/v2.40/bin/bin/../../lib/gcc/pic32c/6.2.1/../../../../pic32c/lib/v8-m.base\libc_nano.a(lib_a-nano-freer.o)
 .debug_str     0x00000570       0x31 c:/program files/microchip/xc32/v2.40/bin/bin/../../lib/gcc/pic32c/6.2.1/../../../../pic32c/lib/v8-m.base\libc_nano.a(lib_a-nano-mallocr.o)
 .debug_str     0x000005a1      0x13b c:/program files/microchip/xc32/v2.40/bin/bin/../../lib/gcc/pic32c/6.2.1/../../../../pic32c/lib/v8-m.base\libc_nano.a(_lib_a-nano-vfprintf.cdnopuxX.o)
 .debug_str     0x000006dc      0x11b c:/program files/microchip/xc32/v2.40/bin/bin/../../lib/gcc/pic32c/6.2.1/../../../../pic32c/lib/v8-m.base\libc_nano.a(lib_a-nano-vfprintf_i.o)
 .debug_str     0x000007f7        0x9 c:/program files/microchip/xc32/v2.40/bin/bin/../../lib/gcc/pic32c/6.2.1/../../../../pic32c/lib/v8-m.base\libc_nano.a(lib_a-sbrkr.o)
 .debug_str     0x00000800      0x128 c:/program files/microchip/xc32/v2.40/bin/bin/../../lib/gcc/pic32c/6.2.1/../../../../pic32c/lib/v8-m.base\libc_nano.a(lib_a-__ssfputs.o)
 .debug_str     0x00000928       0x2b c:/program files/microchip/xc32/v2.40/bin/bin/../../lib/gcc/pic32c/6.2.1/../../../../pic32c/lib/v8-m.base\libc_nano.a(lib_a-stdio.o)
 .debug_str     0x00000953       0x10 c:/program files/microchip/xc32/v2.40/bin/bin/../../lib/gcc/pic32c/6.2.1/../../../../pic32c/lib/v8-m.base\libc_nano.a(lib_a-writer.o)
 .debug_str     0x00000963       0x10 c:/program files/microchip/xc32/v2.40/bin/bin/../../lib/gcc/pic32c/6.2.1/../../../../pic32c/lib/v8-m.base\libc_nano.a(lib_a-closer.o)
 .debug_str     0x00000973       0x32 c:/program files/microchip/xc32/v2.40/bin/bin/../../lib/gcc/pic32c/6.2.1/../../../../pic32c/lib/v8-m.base\libc_nano.a(lib_a-fputwc.o)
 .debug_str     0x000009a5        0x9 c:/program files/microchip/xc32/v2.40/bin/bin/../../lib/gcc/pic32c/6.2.1/../../../../pic32c/lib/v8-m.base\libc_nano.a(lib_a-fstatr.o)
 .debug_str     0x000009ae        0x9 c:/program files/microchip/xc32/v2.40/bin/bin/../../lib/gcc/pic32c/6.2.1/../../../../pic32c/lib/v8-m.base\libc_nano.a(lib_a-isattyr.o)
 .debug_str     0x000009b7      0x134 c:/program files/microchip/xc32/v2.40/bin/bin/../../lib/gcc/pic32c/6.2.1/../../../../pic32c/lib/v8-m.base\libc_nano.a(lib_a-locale.o)
 .debug_str     0x00000aeb        0x9 c:/program files/microchip/xc32/v2.40/bin/bin/../../lib/gcc/pic32c/6.2.1/../../../../pic32c/lib/v8-m.base\libc_nano.a(lib_a-lseekr.o)
 .debug_str     0x00000af4      0x114 c:/program files/microchip/xc32/v2.40/bin/bin/../../lib/gcc/pic32c/6.2.1/../../../../pic32c/lib/v8-m.base\libc_nano.a(lib_a-mbtowc_r.o)
 .debug_str     0x00000c08        0x9 c:/program files/microchip/xc32/v2.40/bin/bin/../../lib/gcc/pic32c/6.2.1/../../../../pic32c/lib/v8-m.base\libc_nano.a(lib_a-memchr-stub.o)
 .debug_str     0x00000c11        0x9 c:/program files/microchip/xc32/v2.40/bin/bin/../../lib/gcc/pic32c/6.2.1/../../../../pic32c/lib/v8-m.base\libc_nano.a(lib_a-mlock.o)
 .debug_str     0x00000c1a        0x9 c:/program files/microchip/xc32/v2.40/bin/bin/../../lib/gcc/pic32c/6.2.1/../../../../pic32c/lib/v8-m.base\libc_nano.a(lib_a-readr.o)
 .debug_str     0x00000c23        0x9 c:/program files/microchip/xc32/v2.40/bin/bin/../../lib/gcc/pic32c/6.2.1/../../../../pic32c/lib/v8-m.base\libc_nano.a(lib_a-reent.o)
 .debug_str     0x00000c2c      0x114 c:/program files/microchip/xc32/v2.40/bin/bin/../../lib/gcc/pic32c/6.2.1/../../../../pic32c/lib/v8-m.base\libc_nano.a(lib_a-wcrtomb.o)
 .debug_str     0x00000d40      0x114 c:/program files/microchip/xc32/v2.40/bin/bin/../../lib/gcc/pic32c/6.2.1/../../../../pic32c/lib/v8-m.base\libc_nano.a(lib_a-wctomb_r.o)
 .debug_str     0x00000e54      0x114 c:/program files/microchip/xc32/v2.40/bin/bin/../../lib/gcc/pic32c/6.2.1/../../../../pic32c/lib/v8-m.base\libc_nano.a(lib_a-ctype_.o)
 .debug_str     0x00000f68        0x0 c:/program files/microchip/xc32/v2.40/bin/bin/../../lib/gcc/pic32c/6.2.1/../../../../pic32c/lib/v8-m.base\libpic32c.a(_close.o)